 ZONESRV

 Timestamp is 6a5938a9 (Thu Jul 16 14:01:45 2026)

 Preferred load address is 00400000

 Start         Length     Name                   Class
 0001:00000000 000ae430H .text                   CODE
 0001:000ae430 00000f42H .text$x                 CODE
 0001:000af380 000007fcH .text$yc                CODE
 0001:000afb80 000002f6H .text$yd                CODE
 0002:00000000 0000029cH .idata$5                DATA
 0002:000002a0 0001a420H .rdata                  DATA
 0002:0001a6c0 000001acH .rdata$r                DATA
 0002:0001a86c 00000004H .rtc$IAA                DATA
 0002:0001a870 00000004H .rtc$IZZ                DATA
 0002:0001a874 00000004H .rtc$TAA                DATA
 0002:0001a878 00000004H .rtc$TZZ                DATA
 0002:0001a87c 000027f8H .xdata$x                DATA
 0002:0001d074 00000000H ATL$__a                 DATA
 0002:0001d074 00000000H ATL$__z                 DATA
 0002:0001d074 000000c8H .idata$2                DATA
 0002:0001d13c 00000014H .idata$3                DATA
 0002:0001d150 0000029cH .idata$4                DATA
 0002:0001d3ec 00000a10H .idata$6                DATA
 0002:0001ddfc 00000000H .edata                  DATA
 0003:00000000 00000004H .CRT$XCA                DATA
 0003:00000004 00000004H .CRT$XCAA               DATA
 0003:00000008 0000000cH .CRT$XCL                DATA
 0003:00000014 00000118H .CRT$XCU                DATA
 0003:0000012c 00000004H .CRT$XCZ                DATA
 0003:00000130 00000004H .CRT$XIA                DATA
 0003:00000134 00000010H .CRT$XIC                DATA
 0003:00000144 00000004H .CRT$XIY                DATA
 0003:00000148 00000004H .CRT$XIZ                DATA
 0003:0000014c 00000004H .CRT$XPA                DATA
 0003:00000150 00000004H .CRT$XPX                DATA
 0003:00000154 00000004H .CRT$XPZ                DATA
 0003:00000158 00000004H .CRT$XTA                DATA
 0003:0000015c 00000004H .CRT$XTB                DATA
 0003:00000160 00000004H .CRT$XTZ                DATA
 0003:00000170 00008c51H .data                   DATA
 0003:00008de0 0f5176fcH .bss                    DATA
 0004:00000000 000000a0H .rsrc$01                DATA
 0004:000000a0 00003240H .rsrc$02                DATA

  Address         Publics by Value              Rva+Base     Lib:Object

 0000:00000000       __except_list              00000000     <absolute>
 0000:00000000       ___safe_se_handler_count   00000000     <absolute>
 0000:00000000       ___safe_se_handler_table   00000000     <absolute>
 0000:00000000       ___ImageBase               00400000     <linker-defined>
 0001:00000000       ?_AtlGetThreadACPFake@ATL@@YGIXZ 00401000 f i AdministrateGame.obj
 0001:00000080       ?_AtlGetThreadACPReal@ATL@@YGIXZ 00401080 f i AdministrateGame.obj
 0001:00000090       ?_AtlGetThreadACPThunk@ATL@@YGIXZ 00401090 f i AdministrateGame.obj
 0001:00000100       ?AtlThrow@ATL@@YGXJ@Z      00401100 f i AdministrateGame.obj
 0001:00000120       ??0CComCriticalSection@ATL@@QAE@XZ 00401120 f i AdministrateGame.obj
 0001:00000140       ?Init@CComCriticalSection@ATL@@QAEJXZ 00401140 f i AdministrateGame.obj
 0001:000001c0       ??0TNDAMAGE@@QAE@XZ        004011c0 f i AdministrateGame.obj
 0001:00000200       ??0TNEFFECT@@QAE@XZ        00401200 f i AdministrateGame.obj
 0001:00000210       ??0TNSKILL_DATA@@QAE@XZ    00401210 f i AdministrateGame.obj
 0001:00000330       ?HelpGameMaster@@YAXHPAD_N@Z 00401330 f   AdministrateGame.obj
 0001:00005910       ??3@YAXPAX@Z               00406910 f i CGuild.obj
 0001:00005920       ??2@YAPAXI@Z               00406920 f i CGuild.obj
 0001:00005930       ?GetGuildID@@YAHPAD@Z      00406930 f   CGuild.obj
 0001:00005a40       ?IsGuildMemberIn@@YAHH@Z   00406a40 f   CGuild.obj
 0001:00005a70       ??0CGuild@@QAE@XZ          00406a70 f   CGuild.obj
 0001:00005ab0       ?Initialize@CGuild@@QAEXXZ 00406ab0 f   CGuild.obj
 0001:00005af0       ?IsGuildManager@CGuild@@QAE_NPAD@Z 00406af0 f   CGuild.obj
 0001:00005b70       ?CreateGuild@CGuild@@QAEHHPAUMSG_CreateGuild@@@Z 00406b70 f   CGuild.obj
 0001:00005c10       ?GetLevel@CGuild@@QAEDPAD@Z 00406c10 f   CGuild.obj
 0001:00005c90       ?AddGuildMember@CGuild@@QAEHPAUMSG_AddGuildMember@@@Z 00406c90 f   CGuild.obj
 0001:00005d10       ?RemoveGuildMember@CGuild@@QAEHPAD@Z 00406d10 f   CGuild.obj
 0001:00005da0       ?UpdateGuildMember@CGuild@@QAEHPAUMSG_GuildUpdateMember@@@Z 00406da0 f   CGuild.obj
 0001:00005e20       ?UpdateGuildMemberRank@CGuild@@QAEHPAUMSG_GuildSetRanking@@@Z 00406e20 f   CGuild.obj
 0001:00005ed0       ?SetCargoLevel@CGuild@@QAEXEEE@Z 00406ed0 f   CGuild.obj
 0001:00005f00       ?IsUsableCargo@CGuild@@QAEHEG@Z 00406f00 f   CGuild.obj
 0001:00005f60       ?GetCargoTime@CGuild@@QAEXPAK00@Z 00406f60 f   CGuild.obj
 0001:00005f80       ?SetCargoTime@CGuild@@QAEXKKK@Z 00406f80 f   CGuild.obj
 0001:00005fa0       ?ReadGuildFile@@YAHHPAVCGuild@@@Z 00406fa0 f   CGuild.obj
 0001:000060b0       ?CheckGuildMaster@CGuild@@QAEXXZ 004070b0 f   CGuild.obj
 0001:00006150       ?GetGuild@@YAHH_N@Z        00407150 f   CGuild.obj
 0001:000061e0       ??0CItem@@QAE@XZ           004071e0 f   CItem.obj
 0001:00006200       ?_AtlGetStringResourceImage@ATL@@YAPBUATLSTRINGRESOURCEIMAGE@1@PAUHINSTANCE__@@PAUHRSRC__@@I@Z 00407200 f i CMOB.obj
 0001:00006260       ?AtlFindStringResourceInstance@ATL@@YAPAUHINSTANCE__@@IG@Z 00407260 f i CMOB.obj
 0001:000062e0       ??0TNSKILL@CMob@@QAE@XZ    004072e0 f i CMOB.obj
 0001:00006330       ??0TNJUDGE_COMBAT@@QAE@XZ  00407330 f i CMOB.obj
 0001:00006350       ??1TNJUDGE_COMBAT@@QAE@XZ  00407350 f i CMOB.obj
 0001:00006360       ??1TNSKILL@CMob@@QAE@XZ    00407360 f i CMOB.obj
 0001:00006370       ??1CMob@@QAE@XZ            00407370 f   CMOB.obj
 0001:000064c0       ?Init@CMob@@AAEXXZ         004074c0 f   CMOB.obj
 0001:00006740       ?CalChakra@CMob@@QAEHXZ    00407740 f   CMOB.obj
 0001:000067e0       ?IsReachCallLevel@CMob@@QAE_NPAD0H@Z 004077e0 f   CMOB.obj
 0001:00006980       ?IsGivedReachReWard@CMob@@QAE_NPADH@Z 00407980 f   CMOB.obj
 0001:00006bb0       ?IsGivedLevelUpReWard@CMob@@QAE_NPADH@Z 00407bb0 f   CMOB.obj
 0001:00006de0       ?IsDead@CMob@@QAE_NXZ      00407de0 f   CMOB.obj
 0001:00006e00       ?IsAlive@CMob@@QAE_NXZ     00407e00 f   CMOB.obj
 0001:00006e20       ?set_Segment@CMob@@QAEHH@Z 00407e20 f   CMOB.obj
 0001:00006f00       ?GetNextPos@CMob@@QAEXH@Z  00407f00 f   CMOB.obj
 0001:00007100       ?SelectTarget@CMob@@QAEHHHHPAHHHH@Z 00408100 f   CMOB.obj
 0001:00007610       ?IsWaitToPop@CMob@@QAE_NXZ 00408610 f   CMOB.obj
 0001:00007620       ?DetermineNextPopTime@CMob@@QAEXH@Z 00408620 f   CMOB.obj
 0001:00007670       ?UpdateChakra@CMob@@QAEXXZ 00408670 f   CMOB.obj
 0001:00007840       ?UpdateHPTP@CMob@@QAEXXZ   00408840 f   CMOB.obj
 0001:00007db0       ?UpdateCF@CMob@@QAEXXZ     00408db0 f   CMOB.obj
 0001:00008040       ?UpdateDefense@CMob@@QAEXXZ 00409040 f   CMOB.obj
 0001:00008240       ?UpdateResist@CMob@@QAEXXZ 00409240 f   CMOB.obj
 0001:00008520       ?UpdateResistEffects@CMob@@QAEXH@Z 00409520 f   CMOB.obj
 0001:00008630       ?UpdateDamage@CMob@@QAEXH@Z 00409630 f   CMOB.obj
 0001:000099e0       ?UpdateSpeed@CMob@@QAEXXZ  0040a9e0 f   CMOB.obj
 0001:00009c70       ?NotifyUpdateUIMsg@CMob@@QAEXXZ 0040ac70 f   CMOB.obj
 0001:00009f70       ?NotifyUpdateStatusMsg@CMob@@QAEX_N@Z 0040af70 f   CMOB.obj
 0001:0000a050       ?BroadcastUpdateStatusMsg@CMob@@QAEX_N@Z 0040b050 f   CMOB.obj
 0001:0000a100       ?ApplyItem@CMob@@QAEHAAUSTRUCT_ITEM@@H@Z 0040b100 f   CMOB.obj
 0001:0000a900       ?CheckSetItem@CMob@@QAEHXZ 0040b900 f   CMOB.obj
 0001:0000ac10       ?CalDistance2@CMob@@QAEHFF@Z 0040bc10 f   CMOB.obj
 0001:0000ac80       ?LoadSkills@CMob@@QAEXQAE@Z 0040bc80 f   CMOB.obj
 0001:0000b2f0       ?ResetClass@CMob@@QAEHXZ   0040c2f0 f   CMOB.obj
 0001:0000b3a0       ?OnDefense@CMob@@QAEHHH_N@Z 0040c3a0 f   CMOB.obj
 0001:0000b640       ?OnRewardToKiller@CMob@@QAEXXZ 0040c640 f   CMOB.obj
 0001:0000b680       ?SortAttackers@CMob@@QAEXXZ 0040c680 f   CMOB.obj
 0001:0000b730       ?get_Attacker@CMob@@QAEHH@Z 0040c730 f   CMOB.obj
 0001:0000b750       ?MemorizeAttacker@CMob@@QAEXHHH@Z 0040c750 f   CMOB.obj
 0001:0000b980       ?ClearAggressiveScore@CMob@@QAEXXZ 0040c980 f   CMOB.obj
 0001:0000b9a0       ?ForgetAttacker@CMob@@QAEXXZ 0040c9a0 f   CMOB.obj
 0001:0000ba30       ?ClearAttacker@CMob@@QAEXH@Z 0040ca30 f   CMOB.obj
 0001:0000ba90       ?IsNotLocked@CMob@@QAE_NXZ 0040ca90 f   CMOB.obj
 0001:0000bab0       ?SetViewEquip@CMob@@QAEXHPAUSTRUCT_ITEM@@@Z 0040cab0 f   CMOB.obj
 0001:0000baf0       ?EquipItem@CMob@@QAEXPAUSTRUCT_ITEM@@H_N@Z 0040caf0 f   CMOB.obj
 0001:0000bcd0       ?IncHP@CMob@@QAEHH@Z       0040ccd0 f   CMOB.obj
 0001:0000bd10       ?DecHP@CMob@@QAEHH@Z       0040cd10 f   CMOB.obj
 0001:0000bd30       ?IncTP@CMob@@QAEHH@Z       0040cd30 f   CMOB.obj
 0001:0000bd70       ?DecTP@CMob@@QAEHH@Z       0040cd70 f   CMOB.obj
 0001:0000bda0       ?IncGold@CMob@@QAEHH@Z     0040cda0 f   CMOB.obj
 0001:0000bdf0       ?DecGold@CMob@@QAEHH@Z     0040cdf0 f   CMOB.obj
 0001:0000be10       ?LetsRoam@CMob@@QAEXXZ     0040ce10 f   CMOB.obj
 0001:0000c060       ?Speak@CMob@@QAEXHHH@Z     0040d060 f   CMOB.obj
 0001:0000c2e0       ?CallOthers@CMob@@QAEXHH@Z 0040d2e0 f   CMOB.obj
 0001:0000c5b0       ?DeliverComment@CMob@@QAEXPAD@Z 0040d5b0 f   CMOB.obj
 0001:0000c670       ?MoveAside@CMob@@SAHAATHS2D_COORD@@00HH@Z 0040d670 f   CMOB.obj
 0001:0000c810       ?SelectSkill@CMob@@QAEHXZ  0040d810 f   CMOB.obj
 0001:0000c980       ?RefreshPKPrty@CMob@@QAEXXZ 0040d980 f   CMOB.obj
 0001:0000ca10       ?get_ArmorType@CMob@@QAEEXZ 0040da10 f   CMOB.obj
 0001:0000ca40       ?set_JudgeCombat@CMob@@AAEXXZ 0040da40 f   CMOB.obj
 0001:0000d4c0       ?DropKalaCore@CMob@@QAEXH@Z 0040e4c0 f   CMOB.obj
 0001:0000dbe0       ?CheckCaste@CMob@@QAEXXZ   0040ebe0 f   CMOB.obj
 0001:0000ddb0       ?CalCasteSkillPoint@CMob@@QAEXXZ 0040edb0 f   CMOB.obj
 0001:0000dec0       ?set_Skill@CMob@@QAEHG@Z   0040eec0 f   CMOB.obj
 0001:0000df30       ?set_Trimuriti@CMob@@QAEXH@Z 0040ef30 f   CMOB.obj
 0001:0000df50       ?CheckMoveHack@CMob@@QAEHHH@Z 0040ef50 f   CMOB.obj
 0001:0000e1a0       ?InitStatus@CMob@@QAEXXZ   0040f1a0 f   CMOB.obj
 0001:0000e1f0       ?ProcessContinuousEffect@CMob@@QAEX_N@Z 0040f1f0 f   CMOB.obj
 0001:0000e580       ?MoveZone@CMob@@QAEHHHH@Z  0040f580 f   CMOB.obj
 0001:0000e660       ?MoveZoneByNPC@CMob@@QAEHH@Z 0040f660 f   CMOB.obj
 0001:0000e6e0       ?ReleaseLinkWithMaster@CMob@@QAEXXZ 0040f6e0 f   CMOB.obj
 0001:0000e720       ?KillMobSummoned@CMob@@QAEXH@Z 0040f720 f   CMOB.obj
 0001:0000e780       ?CheckDistanceFromMaster@CMob@@QAEHHH@Z 0040f780 f   CMOB.obj
 0001:0000e7e0       ?ThrowMemoryException@?$CSimpleStringT@D$0A@@ATL@@KAXXZ 0040f7e0 f i CMOB.obj
 0001:0000e7f0       ?Fork@?$CSimpleStringT@D$0A@@ATL@@AAEXH@Z 0040f7f0 f i CMOB.obj
 0001:0000e870       ?Reallocate@?$CSimpleStringT@D$0A@@ATL@@AAEXH@Z 0040f870 f i CMOB.obj
 0001:0000e8a0       ?Empty@?$CSimpleStringT@D$0A@@ATL@@QAEXXZ 0040f8a0 f i CMOB.obj
 0001:0000e910       ??0CMob@@QAE@XZ            0040f910 f   CMOB.obj
 0001:0000ec60       ?ProcessorSecTimer@CMob@@QAEXXZ 0040fc60 f   CMOB.obj
 0001:0000ed20       ?SelectTargetFromEnemyList@CMob@@QAEHXZ 0040fd20 f   CMOB.obj
 0001:000102d0       ?SetSegment@CMob@@QAEHXZ   004112d0 f   CMOB.obj
 0001:000105c0       ?GetTargetPos@CMob@@QAEXH@Z 004115c0 f   CMOB.obj
 0001:000107f0       ?ToBlessGod@CMob@@QAEXH@Z  004117f0 f   CMOB.obj
 0001:00010cd0       ?UpdateDamage@CMob@@QAEXXZ 00411cd0 f   CMOB.obj
 0001:00010cf0       ?ResetSkill@CMob@@QAEXXZ   00411cf0 f   CMOB.obj
 0001:00010d90       ?IncBP@CMob@@QAEHH@Z       00411d90 f   CMOB.obj
 0001:00010e70       ?DecBP@CMob@@QAEHH@Z       00411e70 f   CMOB.obj
 0001:00010e90       ?Think@CMob@@QAEXHH@Z      00411e90 f   CMOB.obj
 0001:00011030       ?RemoveMobSummonedAll@CMob@@QAEXXZ 00412030 f   CMOB.obj
 0001:000110c0       ?OnFollow@CMob@@QAEXH@Z    004120c0 f   CMOB.obj
 0001:00011160       ?PrepareWrite2@?$CSimpleStringT@D$0A@@ATL@@AAEXH@Z 00412160 f i CMOB.obj
 0001:000111b0       ?StandingByProcessor@CMob@@QAEHXZ 004121b0 f   CMOB.obj
 0001:000112f0       ?BattleProcessor@CMob@@QAEHH@Z 004122f0 f   CMOB.obj
 0001:000115b0       ?GetEnemyFromView@CMob@@QAEHXZ 004125b0 f   CMOB.obj
 0001:00011980       ?UpdatePoints@CMob@@QAEXXZ 00412980 f   CMOB.obj
 0001:00011b10       ?IncChakra@CMob@@QAEXH@Z   00412b10 f   CMOB.obj
 0001:00011c20       ?UpdateEquipmentPoints@CMob@@QAEXXZ 00412c20 f   CMOB.obj
 0001:00012890       ?LearnSkill@CMob@@QAEHGH@Z 00413890 f   CMOB.obj
 0001:00012da0       ?OnUnderAttack@CMob@@QAEXHH@Z 00413da0 f   CMOB.obj
 0001:00012f00       ?UpdateEquipDur@CMob@@QAEXHH@Z 00413f00 f   CMOB.obj
 0001:00013210       ?DecPrana@CMob@@QAEHN@Z    00414210 f   CMOB.obj
 0001:00013330       ?LetsFlee@CMob@@QAEXH@Z    00414330 f   CMOB.obj
 0001:00013520       ?React@CMob@@QAEXHH@Z      00414520 f   CMOB.obj
 0001:00013b30       ?ClearActivity@CMob@@QAEXXZ 00414b30 f   CMOB.obj
 0001:00013b70       ?CallRetainer@CMob@@QAEXXZ 00414b70 f   CMOB.obj
 0001:00013c50       ??1?$CStringT@DV?$StrTraitATL@DV?$ChTraitsCRT@D@ATL@@@ATL@@@ATL@@QAE@XZ 00414c50 f i CMOB.obj
 0001:00013c50       ??1?$CSimpleStringT@D$0A@@ATL@@QAE@XZ 00414c50 f i CMOB.obj
 0001:00013c70       ??8ATL@@YA_NABV?$CStringT@DV?$StrTraitATL@DV?$ChTraitsCRT@D@ATL@@@ATL@@@0@PBD@Z 00414c70 f i CMOB.obj
 0001:00013c90       ?SetString@?$CSimpleStringT@D$0A@@ATL@@QAEXPBDH@Z 00414c90 f i CMOB.obj
 0001:00013d30       ?Init@CMob@@QAEXH@Z        00414d30 f   CMOB.obj
 0001:00014ca0       ?LevelUp@CMob@@QAEXXZ      00415ca0 f   CMOB.obj
 0001:00015860       ?ResetStat@CMob@@QAEXXZ    00416860 f   CMOB.obj
 0001:00015930       ?LoadStringA@?$CStringT@DV?$StrTraitATL@DV?$ChTraitsCRT@D@ATL@@@ATL@@@ATL@@QAEHPAUHINSTANCE__@@I@Z 00416930 f i CMOB.obj
 0001:00015a00       ?AcquirePrana@CMob@@QAEXH_N@Z 00416a00 f   CMOB.obj
 0001:00015b60       ??4?$CStringT@DV?$StrTraitATL@DV?$ChTraitsCRT@D@ATL@@@ATL@@@ATL@@QAEAAV01@PBD@Z 00416b60 f i CMOB.obj
 0001:00015ba0       ??0?$CStringT@DV?$StrTraitATL@DV?$ChTraitsCRT@D@ATL@@@ATL@@@ATL@@QAE@PBD@Z 00416ba0 f i CMOB.obj
 0001:00015c50       ?OnKilled@CMob@@QAEXHH@Z   00416c50 f   CMOB.obj
 0001:00019180       ?OnTakeDamage@CMob@@QAEHAAUTNDAMAGE@@HFH@Z 0041a180 f   CMOB.obj
 0001:00019c80       ?Print@CMob@@QAEXPAD@Z     0041ac80 f i CMob2.obj
 0001:00019ca0       ?Remove_Immunity@CMob@@AAEXH@Z 0041aca0 f i CMob2.obj
 0001:00019cc0       ?CalDamage@CMob@@QAEXAAUTNDAMAGE@@AAUTNSKILL_DATA@@H@Z 0041acc0 f   CMob2.obj
 0001:0001a790       ?CastInstant1@CMob@@QAEXAAUTNDAMAGE@@AAUTNSKILL_DATA@@@Z 0041b790 f   CMob2.obj
 0001:0001ac90       ?DealDamage@CMob@@QAEHAAUTNDAMAGE@@HH@Z 0041bc90 f   CMob2.obj
 0001:0001af30       ?AbsorbDamageWithMagicShield@CMob@@QAEXAAH@Z 0041bf30 f   CMob2.obj
 0001:0001afe0       ?AbsorbDamageWithEnhancedMagicShield@CMob@@QAEXAAHH@Z 0041bfe0 f   CMob2.obj
 0001:0001b0b0       ?OnHeal@CMob@@QAEXHHI@Z    0041c0b0 f   CMob2.obj
 0001:0001b200       ?OnRecoverTP@CMob@@QAEXHHI@Z 0041c200 f   CMob2.obj
 0001:0001b270       ?BroadcastCastSkill@CMob@@QAEXPAU_S_CSP_CAST_AREA_SKILL@@H@Z 0041c270 f   CMob2.obj
 0001:0001b490       ?ElapseAffectionTime@CMob@@AAEIH@Z 0041c490 f   CMob2.obj
 0001:0001b500       ?get_Affection@CMob@@QAEHH@Z 0041c500 f   CMob2.obj
 0001:0001b5d0       ?ToAbv@CMob@@AAE_JH@Z      0041c5d0 f   CMob2.obj
 0001:0001b7f0       ?ToAbv2@CMob@@AAE_JH@Z     0041c7f0 f   CMob2.obj
 0001:0001b8b0       ?Aff2Imm@CMob@@AAEHH@Z     0041c8b0 f   CMob2.obj
 0001:0001b970       ?ClearAffection@CMob@@QAEXXZ 0041c970 f   CMob2.obj
 0001:0001b9c0       ?CancelToUseItem@CMob@@QAEXXZ 0041c9c0 f   CMob2.obj
 0001:0001ba00       ?Resurrect@CMob@@QAEXNHH@Z 0041ca00 f   CMob2.obj
 0001:0001c0c0       ?ProgressWaitAction@CMob@@QAEXXZ 0041d0c0 f   CMob2.obj
 0001:0001cc20       ?CheckInvalidCombat@CMob@@QAEXXZ 0041dc20 f   CMob2.obj
 0001:0001ce50       ?CheckCondition@CMob@@QAEXXZ 0041de50 f   CMob2.obj
 0001:0001cef0       ?InitCondition@CMob@@QAEXXZ 0041def0 f   CMob2.obj
 0001:0001cf30       ?CheckItem@CMob@@QAEHFHPAH@Z 0041df30 f   CMob2.obj
 0001:0001cfb0       ?RemoveItem@CMob@@QAEHHPAH@Z 0041dfb0 f   CMob2.obj
 0001:0001d220       ?ExpandFunc@CMob@@QAE_NHF@Z 0041e220 f   CMob2.obj
 0001:0001d3a0       ?IsUsablePustica@CMob@@QAE_NEHF@Z 0041e3a0 f   CMob2.obj
 0001:0001d6b0       ?Remove_Debug@CMob@@AAEXH@Z 0041e6b0 f   CMob2.obj
 0001:0001d6d0       ?IsParty@CMob@@QAE_NH@Z    0041e6d0 f   CMob2.obj
 0001:0001d740       ?CountPartyMember@CMob@@QAEHXZ 0041e740 f   CMob2.obj
 0001:0001d810       ?get_WeaponID@CMob@@QAEFXZ 0041e810 f   CMob2.obj
 0001:0001d840       ?SetCharPositionFromZone@CMob@@QAEXXZ 0041e840 f   CMob2.obj
 0001:0001dcd0       ?CastInstant3@CMob@@QAEXAAUTNSKILL_DATA@@H@Z 0041ecd0 f   CMob2.obj
 0001:0001dd90       ?OnChargInstance@CMob@@QAEHAAUTNSKILL_DATA@@@Z 0041ed90 f   CMob2.obj
 0001:0001e2d0       ?AffectEffect@CMob@@QAEXUTNEFFECT@@HHHHH@Z 0041f2d0 f   CMob2.obj
 0001:0001fdc0       ?RemoveEffect@CMob@@QAEXH@Z 00420dc0 f   CMob2.obj
 0001:0001ff20       ?RegisterAffection@CMob@@AAEHAAUTNEFFECT@@H@Z 00420f20 f   CMob2.obj
 0001:00020040       ?AffectAffection@CMob@@AAEXH@Z 00421040 f   CMob2.obj
 0001:00020540       ?OnCure@CMob@@QAEX_J@Z     00421540 f   CMob2.obj
 0001:000205f0       ?RemoveDamageEffect@CMob@@QAEXXZ 004215f0 f   CMob2.obj
 0001:00020620       ?Regen@CMob@@QAEHNE@Z      00421620 f   CMob2.obj
 0001:00020a10       ?Summon@CMob@@QAEHHHHHHHHHHH_NHHHH@Z 00421a10 f   CMob2.obj
 0001:000214c0       ?CanAttackTarget@CMob@@QAEHH@Z 004224c0 f   CMob2.obj
 0001:000217b0       ?StartAction@CMob@@QAEHHAAUTNSKILL_DATA@@H@Z 004227b0 f   CMob2.obj
 0001:00021ce0       ?OnTakeInstant1@CMob@@QAEXHAAUTNSKILL_DATA@@@Z 00422ce0 f   CMob2.obj
 0001:00021e30       ?OnTakeInstant2@CMob@@QAEHHAAUTNSKILL_DATA@@H@Z 00422e30 f   CMob2.obj
 0001:00023100       ?CheckAffections@CMob@@QAEXI@Z 00424100 f   CMob2.obj
 0001:00023190       ?UpdateAffection@CMob@@AAEHAAUTNEFFECT@@HH@Z 00424190 f   CMob2.obj
 0001:00023230       ?TurnOffAffection@CMob@@QAEXH@Z 00424230 f   CMob2.obj
 0001:000232b0       ?CastOnly@CMob@@QAEXAAUTNSKILL_DATA@@@Z 004242b0 f   CMob2.obj
 0001:000237e0       ?AddEffect@CMob@@QAEXUTNEFFECT@@HH@Z 004247e0 f   CMob2.obj
 0001:00023980       ?CastInstant2@CMob@@QAEXAAUTNDAMAGE@@AAUTNSKILL_DATA@@HHAAH@Z 00424980 f   CMob2.obj
 0001:00024530       ?OnTakeAffections@CMob@@QAEHAAUTNSKILL_DATA@@HHHHHH@Z 00425530 f   CMob2.obj
 0001:00024e00       ?UseItem@CMob@@QAEXPAU_MSG_ITEM@@H@Z 00425e00 f   CMob2.obj
 0001:00025990       ?UseLeftWeapon@CMob@@QAEHPAU_S_CSP_CAST_AREA_SKILL@@@Z 00426990 f   CMob2.obj
 0001:00025ef0       ?CastSkill@CMob@@QAEHPAU_S_CSP_CAST_AREA_SKILL@@H@Z 00426ef0 f   CMob2.obj
 0001:00029d00       ?UseSkill@CMob@@QAEXF@Z    0042ad00 f   CMob2.obj
 0001:0002a2f0       ??0CNPCGenerator@@QAE@XZ   0042b2f0 f   CNPCGene.obj
 0001:0002a310       ?VerifyData@CNPCGenerator@@QAEXXZ 0042b310 f   CNPCGene.obj
 0001:0002a370       ?ParseString@CNPCGenerator@@QAEHHPAD@Z 0042b370 f   CNPCGene.obj
 0001:0002ae70       ?RebuildAreaData@CNPCGenerator@@QAEXXZ 0042be70 f   CNPCGene.obj
 0001:0002aed0       ?ReadNPCGenerator@CNPCGenerator@@QAEHXZ 0042bed0 f   CNPCGene.obj
 0001:0002afe0       ??0CConfig@@QAE@XZ         0042bfe0 f   Config.obj
 0001:0002b0a0       ??1CConfig@@QAE@XZ         0042c0a0 f   Config.obj
 0001:0002b0b0       ?ReadQuiz@CConfig@@QAE_NXZ 0042c0b0 f   Config.obj
 0001:0002b2f0       ?GetQuiz@CConfig@@QAEXHPAUMsg_Quiz@@PAK@Z 0042c2f0 f   Config.obj
 0001:0002b4c0       ??0CUser@@QAE@XZ           0042c4c0 f   CUser.obj
 0001:0002b510       ??1CUser@@QAE@XZ           0042c510 f   CUser.obj
 0001:0002b520       ?AcceptUser@CUser@@QAEHH@Z 0042c520 f   CUser.obj
 0001:0002b6b0       ?CloseUser@CUser@@QAEHXZ   0042c6b0 f   CUser.obj
 0001:0002b6e0       ?PrintText@@YAXPAUHDC__@@KPADZZ 0042c6e0 f   DrawInfo.obj
 0001:0002b750       ?DrawInformations@@YAXPAUHDC__@@@Z 0042c750 f   DrawInfo.obj
 0001:0002b950       ?GetInHalf@@YAHHH@Z        0042c950 f   GetFunc.obj
 0001:0002b9c0       ?GetCreateMob@@YAHHPAU_S_SCP_INIT_OTHER_MOB@@@Z 0042c9c0 f   GetFunc.obj
 0001:0002bc40       ?GetCreateItem@@YAXHPAU_S_SCP_MAP_ITEM_APPEAR@@@Z 0042cc40 f   GetFunc.obj
 0001:0002bc80       ?GetAction@@YAXHHHPAUMSG_Action@@@Z 0042cc80 f   GetFunc.obj
 0001:0002bce0       ?GetEmptyItemGrid@@YAHPAH0@Z 0042cce0 f   GetFunc.obj
 0001:0002be30       ?IsPathCleared@@YAHHHHHH@Z 0042ce30 f   GetFunc.obj
 0001:0002c2c0       ?CalDistance@@YAHAATHS2D_COORD@@0EE@Z 0042d2c0 f   GetFunc.obj
 0001:0002c330       ?GetAttackPos@@YAHHAATHS2D_COORD@@0@Z 0042d330 f   GetFunc.obj
 0001:0002c610       ?PickFreeMobGrid@@YAHHPAH0H@Z 0042d610 f   GetFunc.obj
 0001:0002c730       ?GetEmptyMobGrid@@YAHHPAH0H@Z 0042d730 f   GetFunc.obj
 0001:0002cb50       ?CheckGrid@@YA_NHHH@Z      0042db50 f   GetFunc.obj
 0001:0002cba0       ?GetMOBID@@YAHPAD@Z        0042dba0 f   GetFunc.obj
 0001:0002cc00       ?GetMOBIDFromID@@YAHPAD@Z  0042dc00 f   GetFunc.obj
 0001:0002cc60       ?GetItem@@YAPAUSTRUCT_ITEM@@HEE@Z 0042dc60 f   GetFunc.obj
 0001:0002cd00       ?GetArenaArea@@YAHHAAH0@Z  0042dd00 f   GetFunc.obj
 0001:0002cdf0       ?GetRandom@@YAHHH@Z        0042ddf0 f   GetFunc.obj
 0001:0002ce30       ?GetItemCount@@YAHHF@Z     0042de30 f   GetFunc.obj
 0001:0002ce80       ?CalDistance@@YAHHH@Z      0042de80 f   GetFunc.obj
 0001:0002cf10       ?GetMovableMobGrid@@YAHHPAH0@Z 0042df10 f   GetFunc.obj
 0001:0002d270       ?GetTrimurityArea@@YAHHAAH0@Z 0042e270 f   GetFunc.obj
 0001:0002d430       ??0CHTRankSystem@@QAE@XZ   0042e430 f   HTRankSystem.obj
 0001:0002d450       ?ReadBramanRank@CHTRankSystem@@QAEXH@Z 0042e450 f   HTRankSystem.obj
 0001:0002d650       ?GetBramanRank@CHTRankSystem@@QAEHH@Z 0042e650 f   HTRankSystem.obj
 0001:0002d790       ?ReadRankFile@CHTRankSystem@@QAEXH@Z 0042e790 f   HTRankSystem.obj
 0001:0002d7a0       ??0CHTRankSystemOld@@QAE@XZ 0042e7a0 f   HTRankSystem_OLD.obj
 0001:0002d7c0       ?ReadBramanRank@CHTRankSystemOld@@QAEXH@Z 0042e7c0 f   HTRankSystem_OLD.obj
 0001:0002d990       ?GetBramanRank@CHTRankSystemOld@@QAEHH@Z 0042e990 f   HTRankSystem_OLD.obj
 0001:0002d9f0       ?ReadRankFile@CHTRankSystemOld@@QAEXH@Z 0042e9f0 f   HTRankSystem_OLD.obj
 0001:0002da00       ?Initialize@CLimitedStore@@QAEXXZ 0042ea00 f   LimitedStore.obj
 0001:0002da10       ?ReadItemList@CLimitedStore@@QAEXXZ 0042ea10 f   LimitedStore.obj
 0001:0002dae0       ?GetItemList@CLimitedStore@@QAE_NKPAUS_SellItem@@@Z 0042eae0 f   LimitedStore.obj
 0001:0002db10       ?GetItem@CLimitedStore@@QAE_NKKPAUS_SellItem@@@Z 0042eb10 f   LimitedStore.obj
 0001:0002db60       ?GetItemPrice@CLimitedStore@@QAEHKK@Z 0042eb60 f   LimitedStore.obj
 0001:0002db90       ?GetItemCount@CLimitedStore@@QAEHKKPAH@Z 0042eb90 f   LimitedStore.obj
 0001:0002dbd0       ?BuyItem@CLimitedStore@@QAEHKKF@Z 0042ebd0 f   LimitedStore.obj
 0001:0002dc20       ?ResetItemList@CLimitedStore@@QAE_NKPAUS_SellItem@@@Z 0042ec20 f   LimitedStore.obj
 0001:0002dca0       ??3@YAXPAXPBDH@Z           0042eca0 f i LoadSetting.obj
 0001:0002dcb0       ??$fill@PAUHTIDLevel@@U1@@std@@YAXPAUHTIDLevel@@0ABU1@@Z 0042ecb0 f i HTParamMgr.obj
 0001:0002dcb0       ??$fill@PAUHTIDLevel2@@U1@@std@@YAXPAUHTIDLevel2@@0ABU1@@Z 0042ecb0 f i LoadSetting.obj
 0001:0002dce0       ??$copy_backward@PAUHTIDLevel@@PAU1@@std@@YAPAUHTIDLevel@@PAU1@00@Z 0042ece0 f i HTParamMgr.obj
 0001:0002dce0       ??$copy_backward@PAUHTIDLevel2@@PAU1@@std@@YAPAUHTIDLevel2@@PAU1@00@Z 0042ece0 f i LoadSetting.obj
 0001:0002dd10       ?erase@?$basic_string@DU?$char_traits@D@std@@V?$allocator@D@2@@std@@QAEAAV12@II@Z 0042ed10 f i LoadSetting.obj
 0001:0002dd90       ?_Copy@?$basic_string@DU?$char_traits@D@std@@V?$allocator@D@2@@std@@IAEXII@Z 0042ed90 f i LoadSetting.obj
 0001:0002de50       ??$_Uninit_copy@PAUHTIDLevel2@@PAU1@V?$allocator@UHTIDLevel2@@@std@@@std@@YAPAUHTIDLevel2@@PAU1@00AAV?$allocator@UHTIDLevel2@@@0@U_Nonscalar_ptr_iterator_tag@0@@Z 0042ee50 f i LoadSetting.obj
 0001:0002dee0       ??1?$basic_string@DU?$char_traits@D@std@@V?$allocator@D@2@@std@@QAE@XZ 0042eee0 f i LoadSetting.obj
 0001:0002df10       ??$_Uninit_fill_n@PAUHTIDLevel2@@IU1@V?$allocator@UHTIDLevel2@@@std@@@std@@YAXPAUHTIDLevel2@@IABU1@AAV?$allocator@UHTIDLevel2@@@0@U_Nonscalar_ptr_iterator_tag@0@@Z 0042ef10 f i LoadSetting.obj
 0001:0002dfa0       ??1logic_error@std@@UAE@XZ 0042efa0 f i LoadSetting.obj
 0001:0002e010       ?what@logic_error@std@@UBEPBDXZ 0042f010 f i LoadSetting.obj
 0001:0002e020       ??_Elogic_error@std@@UAEPAXI@Z 0042f020 f i LoadSetting.obj
 0001:0002e020       ??_Glogic_error@std@@UAEPAXI@Z 0042f020 f i LoadSetting.obj
 0001:0002e040       ?assign@?$basic_string@DU?$char_traits@D@std@@V?$allocator@D@2@@std@@QAEAAV12@ABV12@II@Z 0042f040 f i LoadSetting.obj
 0001:0002e130       ?assign@?$basic_string@DU?$char_traits@D@std@@V?$allocator@D@2@@std@@QAEAAV12@PBDI@Z 0042f130 f i LoadSetting.obj
 0001:0002e220       ?_Destroy@?$vector@UHTIDLevel2@@V?$allocator@UHTIDLevel2@@@std@@@std@@IAEXPAUHTIDLevel2@@0@Z 0042f220 f i LoadSetting.obj
 0001:0002e250       ??0?$basic_string@DU?$char_traits@D@std@@V?$allocator@D@2@@std@@QAE@PBD@Z 0042f250 f i LoadSetting.obj
 0001:0002e290       ?_Ufill@?$vector@UHTIDLevel2@@V?$allocator@UHTIDLevel2@@@std@@@std@@IAEPAUHTIDLevel2@@PAU3@IABU3@@Z 0042f290 f i LoadSetting.obj
 0001:0002e2c0       ??0logic_error@std@@QAE@ABV?$basic_string@DU?$char_traits@D@std@@V?$allocator@D@2@@1@@Z 0042f2c0 f i LoadSetting.obj
 0001:0002e320       ??_Elength_error@std@@UAEPAXI@Z 0042f320 f i LoadSetting.obj
 0001:0002e320       ??_Glength_error@std@@UAEPAXI@Z 0042f320 f i LoadSetting.obj
 0001:0002e340       ??1length_error@std@@UAE@XZ 0042f340 f i LoadSetting.obj
 0001:0002e350       ?erase@?$vector@UHTIDLevel2@@V?$allocator@UHTIDLevel2@@@std@@@std@@QAE?AViterator@12@V312@0@Z 0042f350 f i LoadSetting.obj
 0001:0002e3c0       ?_Xlen@?$vector@UHTIDLevel2@@V?$allocator@UHTIDLevel2@@@std@@@std@@IBEXXZ 0042f3c0 f i LoadSetting.obj
 0001:0002e430       ??0logic_error@std@@QAE@ABV01@@Z 0042f430 f i LoadSetting.obj
 0001:0002e4a0       ??0length_error@std@@QAE@ABV01@@Z 0042f4a0 f i LoadSetting.obj
 0001:0002e4c0       ?_Insert_n@?$vector@UHTIDLevel2@@V?$allocator@UHTIDLevel2@@@std@@@std@@IAEXViterator@12@IABUHTIDLevel2@@@Z 0042f4c0 f i LoadSetting.obj
 0001:0002e750       ?resize@?$vector@UHTIDLevel2@@V?$allocator@UHTIDLevel2@@@std@@@std@@QAEXIUHTIDLevel2@@@Z 0042f750 f i LoadSetting.obj
 0001:0002e800       ?LoadSettingTxl@@YAXXZ     0042f800 f   LoadSetting.obj
 0001:00033070       ?SendTaskResult@@YAXHHH@Z  00434070 f   Quest.obj
 0001:000330c0       ?NotifyQuestLevel@@YAXHFKE@Z 004340c0 f   Quest.obj
 0001:00033110       ?SendQuestHistory@@YAXH@Z  00434110 f   Quest.obj
 0001:00033180       ?GmGive9Item@@YAHHHH@Z     00434180 f   Quest.obj
 0001:000333b0       ?GmGive5Item@@YAHHHH@Z     004343b0 f   Quest.obj
 0001:000335e0       ?GiveItem@@YAHHHH@Z        004345e0 f   Quest.obj
 0001:00033810       ?GetEmptyInvenCount@@YAHH@Z 00434810 f   Quest.obj
 0001:00033840       ?RemoveItem@@YAHHHH@Z      00434840 f   Quest.obj
 0001:00033a00       ?GiveMoney@@YAHHH@Z        00434a00 f   Quest.obj
 0001:00033ad0       ?FindItem@@YAHHHH@Z        00434ad0 f   Quest.obj
 0001:00033b80       ?IsPartyMember@@YAHH@Z     00434b80 f   Quest.obj
 0001:00033bc0       ?GivePartyPrana@@YAXHH@Z   00434bc0 f   Quest.obj
 0001:00033c20       ?RepairEquips@@YAXH@Z      00434c20 f   Quest.obj
 0001:00033db0       ?RepairPartyEquips@@YAXH@Z 00434db0 f   Quest.obj
 0001:00033e00       ?NotifyDialog@@YAXHF@Z     00434e00 f   Quest.obj
 0001:00033e40       ?GetProbability_10000@@YAHH@Z 00434e40 f   Quest.obj
 0001:00033e70       ?SummonMonster@@YAHHHHHHHH@Z 00434e70 f   Quest.obj
 0001:00033f10       ?_Rrotate@?$_Tree@V?$_Tmap_traits@HUTASK_INFO@@U?$less@H@std@@V?$allocator@U?$pair@$$CBHUTASK_INFO@@@std@@@3@$0A@@std@@@std@@IAEXPAU_Node@?$_Tree_nod@V?$_Tmap_traits@HUTASK_INFO@@U?$less@H@std@@V?$allocator@U?$pair@$$CBHUTASK_INFO@@@std@@@3@$0A@@std@@@2@@Z 00434f10 f i Quest.obj
 0001:00033f70       ?_Max@?$_Tree@V?$_Tmap_traits@HUTASK_INFO@@U?$less@H@std@@V?$allocator@U?$pair@$$CBHUTASK_INFO@@@std@@@3@$0A@@std@@@std@@KAPAU_Node@?$_Tree_nod@V?$_Tmap_traits@HUTASK_INFO@@U?$less@H@std@@V?$allocator@U?$pair@$$CBHUTASK_INFO@@@std@@@3@$0A@@std@@@2@PAU342@@Z 00434f70 f i Quest.obj
 0001:00033fa0       ?_Min@?$_Tree@V?$_Tmap_traits@HUTASK_INFO@@U?$less@H@std@@V?$allocator@U?$pair@$$CBHUTASK_INFO@@@std@@@3@$0A@@std@@@std@@KAPAU_Node@?$_Tree_nod@V?$_Tmap_traits@HUTASK_INFO@@U?$less@H@std@@V?$allocator@U?$pair@$$CBHUTASK_INFO@@@std@@@3@$0A@@std@@@2@PAU342@@Z 00434fa0 f i Quest.obj
 0001:00033fc0       ?_Dec@const_iterator@?$_Tree@V?$_Tmap_traits@HUTASK_INFO@@U?$less@H@std@@V?$allocator@U?$pair@$$CBHUTASK_INFO@@@std@@@3@$0A@@std@@@std@@QAEXXZ 00434fc0 f i Quest.obj
 0001:00034040       ?_Inc@const_iterator@?$_Tree@V?$_Tmap_traits@HUTASK_INFO@@U?$less@H@std@@V?$allocator@U?$pair@$$CBHUTASK_INFO@@@std@@@3@$0A@@std@@@std@@QAEXXZ 00435040 f i Quest.obj
 0001:000340a0       ?QUEST_OnDialog@@YAHHFE@Z  004350a0 f   Quest.obj
 0001:00034df0       ?QUEST_OnContributeItem@@YAXHH@Z 00435df0 f   Quest.obj
 0001:00034f80       ?QUEST_OnContribute@@YAXHH@Z 00435f80 f   Quest.obj
 0001:00034fc0       ?QUEST_OnExileCKillMonster@@YAHHHFH@Z 00435fc0 f   Quest.obj
 0001:00035080       ?_Lrotate@?$_Tree@V?$_Tmap_traits@HUTASK_INFO@@U?$less@H@std@@V?$allocator@U?$pair@$$CBHUTASK_INFO@@@std@@@3@$0A@@std@@@std@@IAEXPAU_Node@?$_Tree_nod@V?$_Tmap_traits@HUTASK_INFO@@U?$less@H@std@@V?$allocator@U?$pair@$$CBHUTASK_INFO@@@std@@@3@$0A@@std@@@2@@Z 00436080 f i Quest.obj
 0001:000350e0       ?QUEST_OnEvent@@YAHHHFHH@Z 004360e0 f   Quest.obj
 0001:00040210       ?lower_bound@?$_Tree@V?$_Tmap_traits@HUTASK_INFO@@U?$less@H@std@@V?$allocator@U?$pair@$$CBHUTASK_INFO@@@std@@@3@$0A@@std@@@std@@QAE?AViterator@12@ABH@Z 00441210 f i Quest.obj
 0001:00040250       ?_Buynode@?$_Tree@V?$_Tmap_traits@HUTASK_INFO@@U?$less@H@std@@V?$allocator@U?$pair@$$CBHUTASK_INFO@@@std@@@3@$0A@@std@@@std@@IAEPAU_Node@?$_Tree_nod@V?$_Tmap_traits@HUTASK_INFO@@U?$less@H@std@@V?$allocator@U?$pair@$$CBHUTASK_INFO@@@std@@@3@$0A@@std@@@2@XZ 00441250 f i Quest.obj
 0001:00040290       ?_Buynode@?$_Tree@V?$_Tmap_traits@HUTASK_INFO@@U?$less@H@std@@V?$allocator@U?$pair@$$CBHUTASK_INFO@@@std@@@3@$0A@@std@@@std@@IAEPAU_Node@?$_Tree_nod@V?$_Tmap_traits@HUTASK_INFO@@U?$less@H@std@@V?$allocator@U?$pair@$$CBHUTASK_INFO@@@std@@@3@$0A@@std@@@2@PAU342@00ABU?$pair@$$CBHUTASK_INFO@@@2@D@Z 00441290 f i Quest.obj
 0001:000402e0       ?_Erase@?$_Tree@V?$_Tmap_traits@HUTASK_INFO@@U?$less@H@std@@V?$allocator@U?$pair@$$CBHUTASK_INFO@@@std@@@3@$0A@@std@@@std@@IAEXPAU_Node@?$_Tree_nod@V?$_Tmap_traits@HUTASK_INFO@@U?$less@H@std@@V?$allocator@U?$pair@$$CBHUTASK_INFO@@@std@@@3@$0A@@std@@@2@@Z 004412e0 f i Quest.obj
 0001:00040320       ?QUEST_OnTask@@YAXHHH@Z    00441320 f   Quest.obj
 0001:00040ab0       ??_Eout_of_range@std@@UAEPAXI@Z 00441ab0 f i Quest.obj
 0001:00040ab0       ??_Gout_of_range@std@@UAEPAXI@Z 00441ab0 f i Quest.obj
 0001:00040ad0       ??1out_of_range@std@@UAE@XZ 00441ad0 f i Quest.obj
 0001:00040ae0       ?_Insert@?$_Tree@V?$_Tmap_traits@HUTASK_INFO@@U?$less@H@std@@V?$allocator@U?$pair@$$CBHUTASK_INFO@@@std@@@3@$0A@@std@@@std@@IAE?AViterator@12@_NPAU_Node@?$_Tree_nod@V?$_Tmap_traits@HUTASK_INFO@@U?$less@H@std@@V?$allocator@U?$pair@$$CBHUTASK_INFO@@@std@@@3@$0A@@std@@@2@ABU?$pair@$$CBHUTASK_INFO@@@2@@Z 00441ae0 f i Quest.obj
 0001:00040cc0       ?erase@?$_Tree@V?$_Tmap_traits@HUTASK_INFO@@U?$less@H@std@@V?$allocator@U?$pair@$$CBHUTASK_INFO@@@std@@@3@$0A@@std@@@std@@QAE?AViterator@12@V312@@Z 00441cc0 f i Quest.obj
 0001:00041010       ??0out_of_range@std@@QAE@ABV01@@Z 00442010 f i Quest.obj
 0001:00041030       ?insert@?$_Tree@V?$_Tmap_traits@HUTASK_INFO@@U?$less@H@std@@V?$allocator@U?$pair@$$CBHUTASK_INFO@@@std@@@3@$0A@@std@@@std@@QAE?AU?$pair@Viterator@?$_Tree@V?$_Tmap_traits@HUTASK_INFO@@U?$less@H@std@@V?$allocator@U?$pair@$$CBHUTASK_INFO@@@std@@@3@$0A@@std@@@std@@_N@2@ABU?$pair@$$CBHUTASK_INFO@@@2@@Z 00442030 f i Quest.obj
 0001:000410f0       ?erase@?$_Tree@V?$_Tmap_traits@HUTASK_INFO@@U?$less@H@std@@V?$allocator@U?$pair@$$CBHUTASK_INFO@@@std@@@3@$0A@@std@@@std@@QAE?AViterator@12@V312@0@Z 004420f0 f i Quest.obj
 0001:00041170       ?insert@?$_Tree@V?$_Tmap_traits@HUTASK_INFO@@U?$less@H@std@@V?$allocator@U?$pair@$$CBHUTASK_INFO@@@std@@@3@$0A@@std@@@std@@QAE?AViterator@12@V312@ABU?$pair@$$CBHUTASK_INFO@@@2@@Z 00442170 f i Quest.obj
 0001:000412e0       ??A?$map@HUTASK_INFO@@U?$less@H@std@@V?$allocator@U?$pair@$$CBHUTASK_INFO@@@std@@@3@@std@@QAEAAUTASK_INFO@@ABH@Z 004422e0 f i Quest.obj
 0001:00041370       ??1?$map@HUTASK_INFO@@U?$less@H@std@@V?$allocator@U?$pair@$$CBHUTASK_INFO@@@std@@@3@@std@@QAE@XZ 00442370 f i Quest.obj
 0001:000413a0       ?QUEST_LoadTask@@YAHXZ     004423a0 f   Quest.obj
 0001:00041630       ?QUEST_SetTask@@YAXHPAUTASK_INFO@@@Z 00442630 f   Quest.obj
 0001:00041660       ??0?$map@HUTASK_INFO@@U?$less@H@std@@V?$allocator@U?$pair@$$CBHUTASK_INFO@@@std@@@3@@std@@QAE@XZ 00442660 f i Quest.obj
 0001:00041690       ?SendClientMessage@@YAXHPAD@Z 00442690 f   SendFunc.obj
 0001:00041710       ?SendClientResult@@YAXHGE@Z 00442710 f   SendFunc.obj
 0001:00041760       ?SendNotice@@YAXPAD@Z      00442760 f   SendFunc.obj
 0001:000417a0       ?SendToAll@@YAXPAUMSG_STANDARD@@@Z 004427a0 f   SendFunc.obj
 0001:000417e0       ?SendTrimuriti@@YAXEPAUMSG_STANDARD@@@Z 004427e0 f   SendFunc.obj
 0001:00041830       ?SendClientSignal@@YAXHHG@Z 00442830 f   SendFunc.obj
 0001:00041870       ?SendCreateMob@@YAXHHH@Z   00442870 f   SendFunc.obj
 0001:00041900       ?SendCreateItem@@YAXHHH@Z  00442900 f   SendFunc.obj
 0001:00041960       ?SendRemoveMob@@YAXHHHH@Z  00442960 f   SendFunc.obj
 0001:000419e0       ?SendRemoveItem@@YAXHHH@Z  004429e0 f   SendFunc.obj
 0001:00041a70       ?SendGridMob@@YAXH@Z       00442a70 f   SendFunc.obj
 0001:00041c10       ?GridMulticast@@YAXHHPAUMSG_STANDARD@@HH@Z 00442c10 f   SendFunc.obj
 0001:00042070       ?GridMulticast@@YAXHHHPAUMSG_STANDARD@@HE@Z 00443070 f   SendFunc.obj
 0001:00042720       ?SendAddParty@@YAXHHH@Z    00443720 f   SendFunc.obj
 0001:00042800       ?SendReqParty@@YAXHH@Z     00443800 f   SendFunc.obj
 0001:000428d0       ?SendRemoveParty@@YAXHH@Z  004438d0 f   SendFunc.obj
 0001:00042930       ?SendUpdateParty@@YAXH@Z   00443930 f   SendFunc.obj
 0001:00042a50       ?SendPartyMessage@@YAXHPAUMSG_STANDARD@@@Z 00443a50 f   SendFunc.obj
 0001:00042b10       ?SendGuildMessage@@YAXHPAUMSG_STANDARD@@@Z 00443b10 f   SendFunc.obj
 0001:00042b70       ?SendGuildInfo@@YAXHH@Z    00443b70 f   SendFunc.obj
 0001:00042cd0       ?SendItemDisappear@@YAXHHHH@Z 00443cd0 f   SendFunc.obj
 0001:00042d90       ?SendStrongHoldData@@YAXH@Z 00443d90 f   SendFunc.obj
 0001:00042e00       ?SendCastleData@@YAXH@Z    00443e00 f   SendFunc.obj
 0001:00042e40       ?SendWhoMessage@@YAXH@Z    00443e40 f   SendFunc.obj
 0001:00042ee0       ?RecvWhoMessage@@YA_NHPAD@Z 00443ee0 f   SendFunc.obj
 0001:00042f30       ?SendQuiz@@YAXHH@Z         00443f30 f   SendFunc.obj
 0001:00043010       ?BroadCastTrimuritiSelection@@YAXH@Z 00444010 f   SendFunc.obj
 0001:00043180       ?SendTrimuritiCount@@YAXH@Z 00444180 f   SendFunc.obj
 0001:000431e0       ?SendYutBroadcast@@YAXFFHH@Z 004441e0 f   SendFunc.obj
 0001:000432f0       ?SendScriptQuestHistory@@YAXHH@Z 004442f0 f   SendFunc.obj
 0001:00043370       ??0CTime@ATL@@QAE@HHHHHHH@Z 00444370 f i server.obj
 0001:000433f0       ??0CTime@ATL@@QAE@ABU_SYSTEMTIME@@H@Z 004443f0 f i server.obj
 0001:00043460       ?IsEmptyAltar@TNKalaSystem@@QAEHH@Z 00444460 f i server.obj
 0001:00043480       ?get_Owner@TNSiege@@QAEXPAUTNCastle@@@Z 00444480 f i server.obj
 0001:000434a0       ??_V@YAXPAX@Z              004444a0 f i server.obj
 0001:000434b0       ?ExecuteEmergence@@YAXXZ   004444b0 f   server.obj
 0001:00043db0       ?ReadConfig@@YAHXZ         00444db0 f   server.obj
 0001:00044030       ?CheckFailAccount@@YAHPAD@Z 00445030 f   server.obj
 0001:00044090       ?NameFilter@@YAHPAD@Z      00445090 f   server.obj
 0001:00044140       ?ChatFilter@@YAHPAD@Z      00445140 f   server.obj
 0001:000441c0       ?InitInstance@@YAHPAXH@Z   004451c0 f   server.obj
 0001:00044230       ?CloseServer@@YAXXZ        00445230 f   server.obj
 0001:000443b0       ?RegenMob@@YAXH@Z          004453b0 f   server.obj
 0001:000445b0       ?ProcessHourTimer@@YAXXZ   004455b0 f   server.obj
 0001:00044610       ?StartLog@@YAXXZ           00445610 f   server.obj
 0001:000446b0       ?Log@@YAXPAD0I@Z           004456b0 f   server.obj
 0001:00044790       ?GetUserFromSocket@@YAHH@Z 00445790 f   server.obj
 0001:000447c0       ?GetEmptyUser@@YAHXZ       004457c0 f   server.obj
 0001:000447f0       ?GetEmptyItem@@YAHXZ       004457f0 f   server.obj
 0001:00044820       ?GetEmptyNPCMob@@YAHXZ     00445820 f   server.obj
 0001:00044860       ?ReadMob@@YAHPAUSTRUCT_MOB@@PAD@Z 00445860 f   server.obj
 0001:000448b0       ?DeleteMob@@YAXHHHEH@Z     004458b0 f   server.obj
 0001:00044b70       ?CharLogOut@@YAXH@Z        00445b70 f   server.obj
 0001:00044c80       ?Reboot@@YAXXZ             00445c80 f   server.obj
 0001:00044d00       ?CreateItem@@YAHAAH0PAUSTRUCT_ITEM@@HKHI@Z 00445d00 f   server.obj
 0001:00044e70       ?RemoveTrade@@YAXHH@Z      00445e70 f   server.obj
 0001:00044ee0       ?RemoveParty@@YAXHH@Z      00445ee0 f   server.obj
 0001:000451c0       ?RemoveAlliance@@YAXHH@Z   004461c0 f   server.obj
 0001:00045230       ?SendBilling@@YAHHPADHH@Z  00446230 f   server.obj
 0001:00045300       ?SendBilling2@@YAHPAU_AUTH_GAME@@H@Z 00446300 f   server.obj
 0001:00045350       ?SendBilling3@@YAHHPAU_AUTH_GAME2@@H@Z 00446350 f   server.obj
 0001:00045410       ?LoadSkillData@@YAXXZ      00446410 f   server.obj
 0001:000467d0       ?LoadItemData@@YAXXZ       004477d0 f   server.obj
 0001:00047050       ?LoadMonsterData@@YAXXZ    00448050 f   server.obj
 0001:000482e0       ?GetEmptyInven@@YAHH@Z     004492e0 f   server.obj
 0001:00048360       ?bRefiningCheckPart@@YA_NFF@Z 00449360 f   server.obj
 0001:000484b0       ?ExchangeTrade@@YAXHH@Z    004494b0 f   server.obj
 0001:00048810       ?LoadWorldSettings@@YAXXZ  00449810 f   server.obj
 0001:00049490       ?RegisterMonstersToArea@@YAXXZ 0044a490 f   server.obj
 0001:000495f0       ?SharePrana@@YAXHHH_NH@Z   0044a5f0 f   server.obj
 0001:00049b90       ?ShareBramanPoint@@YAXHHH@Z 0044ab90 f   server.obj
 0001:00049f70       ?ChangeRwdCorrect@@YAXHHHHH@Z 0044af70 f   server.obj
 0001:0004a2c0       ?DBUpdateGuildMember@@YAXH@Z 0044b2c0 f   server.obj
 0001:0004a3d0       ?PlayDice@@YAHHH@Z         0044b3d0 f   server.obj
 0001:0004a410       ?Teleport@@YAHHHH@Z        0044b410 f   server.obj
 0001:0004a540       ?HelpUserFunc@@YAXHPAD@Z   0044b540 f   server.obj
 0001:0004a9e0       ?RemoveKalaCoreInInventory@@YAXH@Z 0044b9e0 f   server.obj
 0001:0004ab00       ?CheckKalaSystem@@YAXXZ    0044bb00 f   server.obj
 0001:0004ab40       ?StartChallenge@@YAXH@Z    0044bb40 f   server.obj
 0001:0004ac40       ?RemoveChallenge@@YAXHE@Z  0044bc40 f   server.obj
 0001:0004ae00       ?SaveStrongholdData@@YAHXZ 0044be00 f   server.obj
 0001:0004af60       ?RefreshClan@@YAXHHH@Z     0044bf60 f   server.obj
 0001:0004b060       ?ChangeClan@@YAXHH@Z       0044c060 f   server.obj
 0001:0004b170       ?KillMonster@@YAXH@Z       0044c170 f   server.obj
 0001:0004b1d0       ?ReturnPCToSaveZone@@YAXH@Z 0044c1d0 f   server.obj
 0001:0004b2b0       ?PostMessageToZone@@YAHPADHHH@Z 0044c2b0 f   server.obj
 0001:0004b3a0       ?PostMessageToWorld@@YAHPADHHH@Z 0044c3a0 f   server.obj
 0001:0004b480       ?CountMonster@@YAHH@Z      0044c480 f   server.obj
 0001:0004b510       ?DumpMobile@@YAXH@Z        0044c510 f   server.obj
 0001:0004b5b0       ?SetGuildCargo@@YAXHHPAUSTRUCT_ITEM@@@Z 0044c5b0 f   server.obj
 0001:0004b660       ?SetLogFileName@@YAXXZ     0044c660 f   server.obj
 0001:0004b870       ?LoadRouteData@@YAHXZ      0044c870 f   server.obj
 0001:0004bdd0       ?GetServerlistMD5CheckSum@@YAXPAD@Z 0044cdd0 f   server.obj
 0001:0004bec0       ?DeleteBlockItem@@YAXH@Z   0044cec0 f   server.obj
 0001:0004c040       ?IsBlockedItem@@YA_NHE@Z   0044d040 f   server.obj
 0001:0004c0a0       ?MoveKalaRewarder@@YAXXZ   0044d0a0 f   server.obj
 0001:0004c410       ?NotifyRvRStatus@@YAXXZ    0044d410 f   server.obj
 0001:0004c5e0       ?PopMonstersForEvent@@YAXXZ 0044d5e0 f   server.obj
 0001:0004c6f0       ??$_Pow_int@H@@YAHHH@Z     0044d6f0 f i server.obj
 0001:0004c730       ?GenerateMob@@YAXHHH@Z     0044d730 f   server.obj
 0001:0004d030       ?SetValidUser@@YAXH@Z      0044e030 f   server.obj
 0001:0004d140       ?ProcessMSGMessage@@YAXPAD@Z 0044e140 f   server.obj
 0001:0004d710       ?CheckTimeTask@@YAXH@Z     0044e710 f   server.obj
 0001:0004d880       ?ProcessMonster@@YAXXZ     0044e880 f   server.obj
 0001:0004e560       ?ProcessYutTimer@@YAXXZ    0044f560 f   server.obj
 0001:0004e9c0       ?CrackLog@@YAXHPAD@Z       0044f9c0 f   server.obj
 0001:0004ea50       ?CloseUser@@YAXH@Z         0044fa50 f   server.obj
 0001:0004f270       ?SaveUser@@YAXHH@Z         00450270 f   server.obj
 0001:0004f430       ?ProcessDecayItem@@YAXXZ   00450430 f   server.obj
 0001:0004f560       ?RefiningItem@@YAHHPAUSTRUCT_ITEM@@PAPAU1@@Z 00450560 f   server.obj
 0001:0004fbd0       ?LoadZoneSettings@@YAXXZ   00450bd0 f   server.obj
 0001:00050880       ?LoadStrongholdData@@YAHXZ 00451880 f   server.obj
 0001:00051030       ?SetGameEvent@@YAEHKPAH@Z  00452030 f   server.obj
 0001:000515b0       ?AddCrackError@@YAHHHH@Z   004525b0 f   server.obj
 0001:000516e0       ?ProcessClientMessage@@YAXHPAD@Z 004526e0 f   server.obj
 0001:00065f10       ?ProcessDBMessage@@YAXPAD@Z 00466f10 f   server.obj
 0001:0006a100       ?CheckIdle@@YAXH@Z         0046b100 f   server.obj
 0001:0006a170       ?ProcessSecTimer@@YAXXZ    0046b170 f   server.obj
 0001:0006ab10       ?UpdateStrongHold@@YAXHHH@Z 0046bb10 f   server.obj
 0001:0006af00       ?MainWndProc@@YGJPAUHWND__@@IIJ@Z 0046bf00 f   server.obj
 0001:0006b7e0       ?InitApplication@@YAHPAX@Z 0046c7e0 f   server.obj
 0001:0006b880       ?_Tidy@?$vector@UHTIDLevel2@@V?$allocator@UHTIDLevel2@@@std@@@std@@IAEXXZ 0046c880 f i LoadSetting.obj
 0001:0006b880       ?_Tidy@?$vector@UHTIDLevel@@V?$allocator@UHTIDLevel@@@std@@@std@@IAEXXZ 0046c880 f i server.obj
 0001:0006b8d0       ?_Xlen@?$vector@UHTIDLevel@@V?$allocator@UHTIDLevel@@@std@@@std@@IBEXXZ 0046c8d0 f i server.obj
 0001:0006b940       ??1?$vector@UHTIDLevel@@V?$allocator@UHTIDLevel@@@std@@@std@@QAE@XZ 0046c940 f i server.obj
 0001:0006b940       ??1?$vector@UHTIDLevel2@@V?$allocator@UHTIDLevel2@@@std@@@std@@QAE@XZ 0046c940 f i LoadSetting.obj
 0001:0006b950       ?GetPCSkillMD5CheckSum@@YAXPAD@Z 0046c950 f   server.obj
 0001:0006baf0       _WinMain@16                0046caf0 f   server.obj
 0001:0006caa0       ??0TNInfluenceMap@@QAE@XZ  0046daa0 f   TNInfluenceMap.obj
 0001:0006caa0       ??0CTFPercentMixer@@QAE@XZ 0046daa0 f   TFPercentMixer.obj
 0001:0006caa0       ??0CMicroSound@@QAE@XZ     0046daa0 f   MicroSound.obj
 0001:0006caa0       ??0CLimitedStore@@QAE@XZ   0046daa0 f   LimitedStore.obj
 0001:0006cab0       ?Reset@CTFPercentMixer@@AAEXXZ 0046dab0 f   TFPercentMixer.obj
 0001:0006cb00       ?PartReset@CTFPercentMixer@@AAEXH@Z 0046db00 f   TFPercentMixer.obj
 0001:0006cb60       ?GetValue@CTFPercentMixer@@QAEDH@Z 0046db60 f   TFPercentMixer.obj
 0001:0006cbc0       ?GetValue2@CTFPercentMixer@@QAEDH@Z 0046dbc0 f   TFPercentMixer.obj
 0001:0006cc00       ?Initialize@CTFPercentMixer@@QAEXXZ 0046dc00 f   TFPercentMixer.obj
 0001:0006cc40       ?Start@TNArena@@QAEXH@Z    0046dc40 f   TNArena.obj
 0001:0006cd00       ?Award@TNArena@@QAEXXZ     0046dd00 f   TNArena.obj
 0001:0006cf50       ?OutputWinners@TNArena@@QAEHPAD@Z 0046df50 f   TNArena.obj
 0001:0006d010       ?OutputSurvivals@TNArena@@QAEHPADH@Z 0046e010 f   TNArena.obj
 0001:0006d140       ?AddEntrant@TNArena@@QAEHH@Z 0046e140 f   TNArena.obj
 0001:0006d240       ?CheckWinner@TNArena@@QAEHH@Z 0046e240 f   TNArena.obj
 0001:0006d540       ?StartSurvival@TNArena@@QAEXXZ 0046e540 f   TNArena.obj
 0001:0006d700       ?RemoveEntrant@TNArena@@QAEHH@Z 0046e700 f   TNArena.obj
 0001:0006d830       ?WriteLog@@YAXPAD0@Z       0046e830 f   TNDebug.obj
 0001:0006d8b0       ?TimeWriteLog@@YAXPAD0@Z   0046e8b0 f   TNDebug.obj
 0001:0006d9e0       ??1CLimitedStore@@QAE@XZ   0046e9e0 f   LimitedStore.obj
 0001:0006d9e0       ??1HTIDLevel@@QAE@XZ       0046e9e0 f   HTParamMgr.obj
 0001:0006d9e0       ?ClearProperty@CMob@@QAEXXZ 0046e9e0 f   CMOB.obj
 0001:0006d9e0       ??1CHTRankSystem@@QAE@XZ   0046e9e0 f   HTRankSystem.obj
 0001:0006d9e0       ??1TNInfluenceMap@@QAE@XZ  0046e9e0 f   TNInfluenceMap.obj
 0001:0006d9e0       ??1TNDeck100@@QAE@XZ       0046e9e0 f   TNDeck100.obj
 0001:0006d9e0       ??1TNDeck1000@@QAE@XZ      0046e9e0 f   TNDeck1000.obj
 0001:0006d9e0       ?CallRobot@CMob@@QAEXXZ    0046e9e0 f   CMob2.obj
 0001:0006d9e0       ??1TNDeck10000@@QAE@XZ     0046e9e0 f   TNDeck10000.obj
 0001:0006d9e0       ??1TNRate@@QAE@XZ          0046e9e0 f   TNRate.obj
 0001:0006d9e0       ??1TNPointBar@@QAE@XZ      0046e9e0 f   TNPointBar.obj
 0001:0006d9e0       ??1TNDeck@@QAE@XZ          0046e9e0 f   TNDeck.obj
 0001:0006d9e0       ??1CTFPercentMixer@@QAE@XZ 0046e9e0 f   TFPercentMixer.obj
 0001:0006d9e0       ??1CItem@@QAE@XZ           0046e9e0 f   CItem.obj
 0001:0006d9e0       ??1HTIDLevel2@@QAE@XZ      0046e9e0 f   HTServerSetting.obj
 0001:0006d9e0       ?SendHpMode@@YAXH@Z        0046e9e0 f   SendFunc.obj
 0001:0006d9e0       ??1CMicroSound@@QAE@XZ     0046e9e0 f   MicroSound.obj
 0001:0006d9e0       ??3@YAXPAX0@Z              0046e9e0 f   LoadSetting.obj
 0001:0006d9e0       ??1TNRate10000@@QAE@XZ     0046e9e0 f   TNRate10000.obj
 0001:0006d9e0       ??1CHTRankSystemOld@@QAE@XZ 0046e9e0 f   HTRankSystem_OLD.obj
 0001:0006d9e0       ??1CGuild@@QAE@XZ          0046e9e0 f   CGuild.obj
 0001:0006d9e0       ??1CNPCGenerator@@QAE@XZ   0046e9e0 f   CNPCGene.obj
 0001:0006d9f0       ?Init@TNDeck@@QAEXH@Z      0046e9f0 f   TNDeck.obj
 0001:0006da20       ?AddCard@TNDeck@@QAEXHH@Z  0046ea20 f   TNDeck.obj
 0001:0006da50       ?Shuffle@TNDeck@@QAEX_N@Z  0046ea50 f   TNDeck.obj
 0001:0006daa0       ?Random@TNDeck@@QAEHXZ     0046eaa0 f   TNDeck.obj
 0001:0006dad0       ?Init@TNDeck100@@QAEXXZ    0046ead0 f   TNDeck100.obj
 0001:0006daf0       ?AddCard@TNDeck100@@QAEXEH@Z 0046eaf0 f   TNDeck100.obj
 0001:0006db30       ?Shuffle@TNDeck100@@QAEXXZ 0046eb30 f   TNDeck100.obj
 0001:0006dc50       ?Random@TNDeck100@@QAEEXZ  0046ec50 f   TNDeck100.obj
 0001:0006dc70       ??0TNDeck100@@QAE@XZ       0046ec70 f   TNDeck100.obj
 0001:0006dc90       ?Init@TNDeck1000@@QAEXXZ   0046ec90 f   TNDeck1000.obj
 0001:0006dcb0       ?AddCard@TNDeck1000@@QAEXEH@Z 0046ecb0 f   TNDeck1000.obj
 0001:0006dcf0       ?Shuffle@TNDeck1000@@QAEXXZ 0046ecf0 f   TNDeck1000.obj
 0001:0006dd30       ?Random@TNDeck1000@@QAEEXZ 0046ed30 f   TNDeck1000.obj
 0001:0006dd60       ??0TNDeck1000@@QAE@XZ      0046ed60 f   TNDeck1000.obj
 0001:0006dd80       ?Init@TNDeck10000@@QAEXXZ  0046ed80 f   TNDeck10000.obj
 0001:0006dda0       ?AddCard@TNDeck10000@@QAEXEH@Z 0046eda0 f   TNDeck10000.obj
 0001:0006dde0       ?Shuffle@TNDeck10000@@QAEXXZ 0046ede0 f   TNDeck10000.obj
 0001:0006de20       ?Random@TNDeck10000@@QAEEXZ 0046ee20 f   TNDeck10000.obj
 0001:0006de50       ??0TNDeck10000@@QAE@XZ     0046ee50 f   TNDeck10000.obj
 0001:0006de70       ?BuildInfluenceGrids@TNInfluenceMap@@QAEHHHPATHS2D_COORD@@AAH@Z 0046ee70 f   TNInfluenceMap.obj
 0001:0006dfc0       ?Init@TNInfluenceMap@@QAEXXZ 0046efc0 f   TNInfluenceMap.obj
 0001:0006e030       ?CheckKalaOnAltar@TNKalaSystem@@QAEHXZ 0046f030 f   TNKalaSystem.obj
 0001:0006e120       ?Print@TNKalaSystem@@QAEXHH@Z 0046f120 f   TNKalaSystem.obj
 0001:0006e1d0       ?Print@TNKalaSystem@@QAEXPAD@Z 0046f1d0 f   TNKalaSystem.obj
 0001:0006e3e0       ?PrintScreen@TNKalaSystem@@QAEXPAD@Z 0046f3e0 f   TNKalaSystem.obj
 0001:0006e480       ?DropKalaCoreInPC@TNKalaSystem@@QAEXXZ 0046f480 f   TNKalaSystem.obj
 0001:0006e4e0       ?Set@TNKalaSystem@@QAEXHHH@Z 0046f4e0 f   TNKalaSystem.obj
 0001:0006e660       ?ChangeInfo@TNKalaSystem@@QAEHHHHHHHHH@Z 0046f660 f   TNKalaSystem.obj
 0001:0006e6c0       ?FindKalaCoreOnTheGround@TNKalaSystem@@QAEHAAH0@Z 0046f6c0 f   TNKalaSystem.obj
 0001:0006e900       ?FindEmptyAltar@TNKalaSystem@@QAEHH@Z 0046f900 f   TNKalaSystem.obj
 0001:0006e940       ?ClearKalaLoc@TNKalaSystem@@QAEXH@Z 0046f940 f i TNKalaSystem.obj
 0001:0006e990       ?CheckCountNRecovery@TNKalaSystem@@QAEHXZ 0046f990 f   TNKalaSystem.obj
 0001:0006f460       ?FindKalaLoc@TNKalaSystem@@QAEHHHHHHHH@Z 00470460 f   TNKalaSystem.obj
 0001:0006f580       ?ChangeKalaLoc@TNKalaSystem@@QAEHHHHHHHHHHHHHH@Z 00470580 f   TNKalaSystem.obj
 0001:0006f970       ?InstallKala@TNKalaSystem@@QAEHHHHH@Z 00470970 f   TNKalaSystem.obj
 0001:00070230       ??1TNMagicLamp@@QAE@XZ     00471230 f   TNMagicLamp.obj
 0001:00070240       ?DrawMonsterCard@TNMagicLamp@@QAEHXZ 00471240 f   TNMagicLamp.obj
 0001:00070270       ?AddMonsterCard@TNMagicLamp@@QAEXHHH@Z 00471270 f   TNMagicLamp.obj
 0001:00070360       ?ShuffleMonsterCard@TNMagicLamp@@QAEXXZ 00471360 f   TNMagicLamp.obj
 0001:000703b0       ?LoadData@TNMagicLamp@@QAEHPAD@Z 004713b0 f   TNMagicLamp.obj
 0001:00070600       ??0TNMagicLamp@@QAE@XZ     00471600 f   TNMagicLamp.obj
 0001:00070620       ??0TNDeck@@QAE@XZ          00471620 f   TNDeck.obj
 0001:00070620       ??0TNPointBar@@QAE@XZ      00471620 f   TNPointBar.obj
 0001:00070630       ?set_Cur@TNPointBar@@QAEXH@Z 00471630 f   TNPointBar.obj
 0001:00070650       ?Dec@TNPointBar@@QAEHH@Z   00471650 f   TNPointBar.obj
 0001:00070670       ?Init@TNPointBar@@QAEXHH@Z 00471670 f   TNPointBar.obj
 0001:00070690       ??0TNRate@@QAE@XZ          00471690 f   TNRate.obj
 0001:00070690       ??0TNRate10000@@QAE@XZ     00471690 f   TNRate10000.obj
 0001:000706b0       ?Rolling@TNRate@@AAEXXZ    004716b0 f   TNRate.obj
 0001:00070730       ?Random@TNRate@@QAE_NXZ    00471730 f   TNRate.obj
 0001:00070790       ?Init@TNRate@@QAEXHH@Z     00471790 f   TNRate.obj
 0001:00070870       ?Rolling@TNRate10000@@AAEXXZ 00471870 f   TNRate10000.obj
 0001:000708f0       ?Random@TNRate10000@@QAE_NXZ 004718f0 f   TNRate10000.obj
 0001:00070950       ?Init@TNRate10000@@QAEXHH@Z 00471950 f   TNRate10000.obj
 0001:00070a30       ?AddSchedule@TNScheduler@@QAEHIIIH@Z 00471a30 f   TNScheduler.obj
 0001:00070bf0       ?CheckNRunSchedule@TNScheduler@@QAEXI@Z 00471bf0 f   TNScheduler.obj
 0001:00070c40       ?Load@TNScheduler@@QAEXXZ  00471c40 f   TNScheduler.obj
 0001:00071000       ?Init@TNSiege@@QAEXXZ      00472000 f   TNSiege.obj
 0001:00071040       ?SearchEntry@TNSiege@@QAEHH@Z 00472040 f   TNSiege.obj
 0001:00071090       ?GiveUpSiege@TNSiege@@QAEHH@Z 00472090 f   TNSiege.obj
 0001:000710d0       ?RemoveEntry@TNSiege@@QAEHH@Z 004720d0 f   TNSiege.obj
 0001:00071140       ?InstallSymbols@TNSiege@@QAEXXZ 00472140 f   TNSiege.obj
 0001:000712b0       ?DestroySymbols@TNSiege@@QAEXXZ 004722b0 f   TNSiege.obj
 0001:000712e0       ?CheckSymbols@TNSiege@@QAEXXZ 004722e0 f   TNSiege.obj
 0001:000714b0       ?CaptureSymbol@TNSiege@@QAEHHHH@Z 004724b0 f   TNSiege.obj
 0001:00071700       ?ChangeOwner@TNSiege@@AAEHH@Z 00472700 f   TNSiege.obj
 0001:00071960       ?SaveData@TNSiege@@QAEHPAD@Z 00472960 f   TNSiege.obj
 0001:00071b50       ?get_Symbols@TNSiege@@QAEXPAH@Z 00472b50 f   TNSiege.obj
 0001:00071b80       ?Print@TNSiege@@QAEXXZ     00472b80 f   TNSiege.obj
 0001:00071cb0       ?GetEntry@TNSiege@@QAEHHHAAUTNGUILD_INFO@@@Z 00472cb0 f   TNSiege.obj
 0001:00071d00       ?RefreshEntry@TNSiege@@QAEXXZ 00472d00 f   TNSiege.obj
 0001:00071de0       ?RegisterEntry@TNSiege@@QAEHHHHH@Z 00472de0 f   TNSiege.obj
 0001:000720c0       ?SelectDate@TNSiege@@QAEXH_N@Z 004730c0 f   TNSiege.obj
 0001:000721c0       ?LoadData@TNSiege@@QAEHXZ  004731c0 f   TNSiege.obj
 0001:00072880       ?RegisterCastleOwner@TNSiege@@QAEXXZ 00473880 f   TNSiege.obj
 0001:00072a00       ?set_Started@TNSiege@@QAEXH@Z 00473a00 f   TNSiege.obj
 0001:00072af0       ?JudgeSiege@TNSiege@@QAEXXZ 00473af0 f   TNSiege.obj
 0001:00072ff0       ?TriggerEvent@@YAHHHHHHH@Z 00473ff0 f   TriggerEvent.obj
 0001:00077310       ?HT_SetBet@CYut@@QAEXK@Z   00478310 f   Yut.obj
 0001:00077340       ?HT_SetPlay@CYut@@QAEXK@Z  00478340 f   Yut.obj
 0001:00077370       ?HT_SaveMoney@CYut@@QAEXXZ 00478370 f   Yut.obj
 0001:000773e0       ?_Max@?$_Tree@V?$_Tset_traits@PADU_HTStr@@V?$allocator@PAD@std@@$0A@@std@@@std@@KAPAU_Node@?$_Tree_nod@V?$_Tset_traits@PADU_HTStr@@V?$allocator@PAD@std@@$0A@@std@@@2@PAU342@@Z 004783e0 f i GameEvent.obj
 0001:000773e0       ?_Max@?$_Tree@V?$_Tmap_traits@GGU?$less@G@std@@V?$allocator@U?$pair@$$CBGG@std@@@2@$0A@@std@@@std@@KAPAU_Node@?$_Tree_nod@V?$_Tmap_traits@GGU?$less@G@std@@V?$allocator@U?$pair@$$CBGG@std@@@2@$0A@@std@@@2@PAU342@@Z 004783e0 f i Yut.obj
 0001:00077400       ?_Min@?$_Tree@V?$_Tmap_traits@GGU?$less@G@std@@V?$allocator@U?$pair@$$CBGG@std@@@2@$0A@@std@@@std@@KAPAU_Node@?$_Tree_nod@V?$_Tmap_traits@GGU?$less@G@std@@V?$allocator@U?$pair@$$CBGG@std@@@2@$0A@@std@@@2@PAU342@@Z 00478400 f i Yut.obj
 0001:00077400       ?_Min@?$_Tree@V?$_Tset_traits@PADU_HTStr@@V?$allocator@PAD@std@@$0A@@std@@@std@@KAPAU_Node@?$_Tree_nod@V?$_Tset_traits@PADU_HTStr@@V?$allocator@PAD@std@@$0A@@std@@@2@PAU342@@Z 00478400 f i GameEvent.obj
 0001:00077420       ?_Max@?$_Tree@V?$_Tmap_traits@PADV?$map@GGU?$less@G@std@@V?$allocator@U?$pair@$$CBGG@std@@@2@@std@@U_HTStr@@V?$allocator@U?$pair@QADV?$map@GGU?$less@G@std@@V?$allocator@U?$pair@$$CBGG@std@@@2@@std@@@std@@@2@$0A@@std@@@std@@KAPAU_Node@?$_Tree_nod@V?$_Tmap_traits@PADV?$map@GGU?$less@G@std@@V?$allocator@U?$pair@$$CBGG@std@@@2@@std@@U_HTStr@@V?$allocator@U?$pair@QADV?$map@GGU?$less@G@std@@V?$allocator@U?$pair@$$CBGG@std@@@2@@std@@@std@@@2@$0A@@std@@@2@PAU342@@Z 00478420 f i Yut.obj
 0001:00077440       ?_Min@?$_Tree@V?$_Tmap_traits@PADV?$map@GGU?$less@G@std@@V?$allocator@U?$pair@$$CBGG@std@@@2@@std@@U_HTStr@@V?$allocator@U?$pair@QADV?$map@GGU?$less@G@std@@V?$allocator@U?$pair@$$CBGG@std@@@2@@std@@@std@@@2@$0A@@std@@@std@@KAPAU_Node@?$_Tree_nod@V?$_Tmap_traits@PADV?$map@GGU?$less@G@std@@V?$allocator@U?$pair@$$CBGG@std@@@2@@std@@U_HTStr@@V?$allocator@U?$pair@QADV?$map@GGU?$less@G@std@@V?$allocator@U?$pair@$$CBGG@std@@@2@@std@@@std@@@2@$0A@@std@@@2@PAU342@@Z 00478440 f i Yut.obj
 0001:00077460       ?_Lbound@?$_Tree@V?$_Tmap_traits@PADV?$map@GGU?$less@G@std@@V?$allocator@U?$pair@$$CBGG@std@@@2@@std@@U_HTStr@@V?$allocator@U?$pair@QADV?$map@GGU?$less@G@std@@V?$allocator@U?$pair@$$CBGG@std@@@2@@std@@@std@@@2@$0A@@std@@@std@@IBEPAU_Node@?$_Tree_nod@V?$_Tmap_traits@PADV?$map@GGU?$less@G@std@@V?$allocator@U?$pair@$$CBGG@std@@@2@@std@@U_HTStr@@V?$allocator@U?$pair@QADV?$map@GGU?$less@G@std@@V?$allocator@U?$pair@$$CBGG@std@@@2@@std@@@std@@@2@$0A@@std@@@2@ABQAD@Z 00478460 f i Yut.obj
 0001:000774b0       ?_Lrotate@?$_Tree@V?$_Tmap_traits@PADV?$map@GGU?$less@G@std@@V?$allocator@U?$pair@$$CBGG@std@@@2@@std@@U_HTStr@@V?$allocator@U?$pair@QADV?$map@GGU?$less@G@std@@V?$allocator@U?$pair@$$CBGG@std@@@2@@std@@@std@@@2@$0A@@std@@@std@@IAEXPAU_Node@?$_Tree_nod@V?$_Tmap_traits@PADV?$map@GGU?$less@G@std@@V?$allocator@U?$pair@$$CBGG@std@@@2@@std@@U_HTStr@@V?$allocator@U?$pair@QADV?$map@GGU?$less@G@std@@V?$allocator@U?$pair@$$CBGG@std@@@2@@std@@@std@@@2@$0A@@std@@@2@@Z 004784b0 f i Yut.obj
 0001:00077510       ?_Rrotate@?$_Tree@V?$_Tmap_traits@PADV?$map@GGU?$less@G@std@@V?$allocator@U?$pair@$$CBGG@std@@@2@@std@@U_HTStr@@V?$allocator@U?$pair@QADV?$map@GGU?$less@G@std@@V?$allocator@U?$pair@$$CBGG@std@@@2@@std@@@std@@@2@$0A@@std@@@std@@IAEXPAU_Node@?$_Tree_nod@V?$_Tmap_traits@PADV?$map@GGU?$less@G@std@@V?$allocator@U?$pair@$$CBGG@std@@@2@@std@@U_HTStr@@V?$allocator@U?$pair@QADV?$map@GGU?$less@G@std@@V?$allocator@U?$pair@$$CBGG@std@@@2@@std@@@std@@@2@$0A@@std@@@2@@Z 00478510 f i Yut.obj
 0001:00077570       ?_Lrotate@?$_Tree@V?$_Tset_traits@PADU_HTStr@@V?$allocator@PAD@std@@$0A@@std@@@std@@IAEXPAU_Node@?$_Tree_nod@V?$_Tset_traits@PADU_HTStr@@V?$allocator@PAD@std@@$0A@@std@@@2@@Z 00478570 f i GameEvent.obj
 0001:00077570       ?_Lrotate@?$_Tree@V?$_Tmap_traits@GGU?$less@G@std@@V?$allocator@U?$pair@$$CBGG@std@@@2@$0A@@std@@@std@@IAEXPAU_Node@?$_Tree_nod@V?$_Tmap_traits@GGU?$less@G@std@@V?$allocator@U?$pair@$$CBGG@std@@@2@$0A@@std@@@2@@Z 00478570 f i Yut.obj
 0001:000775d0       ?_Rrotate@?$_Tree@V?$_Tset_traits@PADU_HTStr@@V?$allocator@PAD@std@@$0A@@std@@@std@@IAEXPAU_Node@?$_Tree_nod@V?$_Tset_traits@PADU_HTStr@@V?$allocator@PAD@std@@$0A@@std@@@2@@Z 004785d0 f i GameEvent.obj
 0001:000775d0       ?_Rrotate@?$_Tree@V?$_Tmap_traits@GGU?$less@G@std@@V?$allocator@U?$pair@$$CBGG@std@@@2@$0A@@std@@@std@@IAEXPAU_Node@?$_Tree_nod@V?$_Tmap_traits@GGU?$less@G@std@@V?$allocator@U?$pair@$$CBGG@std@@@2@$0A@@std@@@2@@Z 004785d0 f i Yut.obj
 0001:00077630       ?_Dec@const_iterator@?$_Tree@V?$_Tmap_traits@PADV?$map@GGU?$less@G@std@@V?$allocator@U?$pair@$$CBGG@std@@@2@@std@@U_HTStr@@V?$allocator@U?$pair@QADV?$map@GGU?$less@G@std@@V?$allocator@U?$pair@$$CBGG@std@@@2@@std@@@std@@@2@$0A@@std@@@std@@QAEXXZ 00478630 f i Yut.obj
 0001:00077690       ?_Inc@const_iterator@?$_Tree@V?$_Tmap_traits@PADV?$map@GGU?$less@G@std@@V?$allocator@U?$pair@$$CBGG@std@@@2@@std@@U_HTStr@@V?$allocator@U?$pair@QADV?$map@GGU?$less@G@std@@V?$allocator@U?$pair@$$CBGG@std@@@2@@std@@@std@@@2@$0A@@std@@@std@@QAEXXZ 00478690 f i Yut.obj
 0001:000776f0       ?_Erase@?$_Tree@V?$_Tmap_traits@PADGU_HTStr@@V?$allocator@U?$pair@QADG@std@@@std@@$0A@@std@@@std@@IAEXPAU_Node@?$_Tree_nod@V?$_Tmap_traits@PADGU_HTStr@@V?$allocator@U?$pair@QADG@std@@@std@@$0A@@std@@@2@@Z 004786f0 f i Yut.obj
 0001:00077730       ?_Erase@?$_Tree@V?$_Tmap_traits@GGU?$less@G@std@@V?$allocator@U?$pair@$$CBGG@std@@@2@$0A@@std@@@std@@IAEXPAU_Node@?$_Tree_nod@V?$_Tmap_traits@GGU?$less@G@std@@V?$allocator@U?$pair@$$CBGG@std@@@2@$0A@@std@@@2@@Z 00478730 f i Yut.obj
 0001:00077770       ?_Buynode@?$_Tree@V?$_Tmap_traits@HPAUHTMonsterParam@CHTMonsterParamTable@@U?$less@H@std@@V?$allocator@U?$pair@$$CBHPAUHTMonsterParam@CHTMonsterParamTable@@@std@@@4@$0A@@std@@@std@@IAEPAU_Node@?$_Tree_nod@V?$_Tmap_traits@HPAUHTMonsterParam@CHTMonsterParamTable@@U?$less@H@std@@V?$allocator@U?$pair@$$CBHPAUHTMonsterParam@CHTMonsterParamTable@@@std@@@4@$0A@@std@@@2@PAU342@00ABU?$pair@$$CBHPAUHTMonsterParam@CHTMonsterParamTable@@@2@D@Z 00478770 f i HTParamMgr.obj
 0001:00077770       ?_Buynode@?$_Tree@V?$_Tmap_traits@HPAUHTJudgeCombat@CHTJudgeCombatTable@@U?$less@H@std@@V?$allocator@U?$pair@$$CBHPAUHTJudgeCombat@CHTJudgeCombatTable@@@std@@@4@$0A@@std@@@std@@IAEPAU_Node@?$_Tree_nod@V?$_Tmap_traits@HPAUHTJudgeCombat@CHTJudgeCombatTable@@U?$less@H@std@@V?$allocator@U?$pair@$$CBHPAUHTJudgeCombat@CHTJudgeCombatTable@@@std@@@4@$0A@@std@@@2@PAU342@00ABU?$pair@$$CBHPAUHTJudgeCombat@CHTJudgeCombatTable@@@2@D@Z 00478770 f i HTServerSetting.obj
 0001:00077770       ?_Buynode@?$_Tree@V?$_Tmap_traits@HPAUHTKalaAltar@CHTKalaAltarTable@@U?$less@H@std@@V?$allocator@U?$pair@$$CBHPAUHTKalaAltar@CHTKalaAltarTable@@@std@@@4@$0A@@std@@@std@@IAEPAU_Node@?$_Tree_nod@V?$_Tmap_traits@HPAUHTKalaAltar@CHTKalaAltarTable@@U?$less@H@std@@V?$allocator@U?$pair@$$CBHPAUHTKalaAltar@CHTKalaAltarTable@@@std@@@4@$0A@@std@@@2@PAU342@00ABU?$pair@$$CBHPAUHTKalaAltar@CHTKalaAltarTable@@@2@D@Z 00478770 f i HTServerSetting.obj
 0001:00077770       ?_Buynode@?$_Tree@V?$_Tmap_traits@HPAUHTAction@CHTActionTable@@U?$less@H@std@@V?$allocator@U?$pair@$$CBHPAUHTAction@CHTActionTable@@@std@@@4@$0A@@std@@@std@@IAEPAU_Node@?$_Tree_nod@V?$_Tmap_traits@HPAUHTAction@CHTActionTable@@U?$less@H@std@@V?$allocator@U?$pair@$$CBHPAUHTAction@CHTActionTable@@@std@@@4@$0A@@std@@@2@PAU342@00ABU?$pair@$$CBHPAUHTAction@CHTActionTable@@@2@D@Z 00478770 f i HTServerSetting.obj
 0001:00077770       ?_Buynode@?$_Tree@V?$_Tmap_traits@HPAUHTPCSkillParam@CHTPCSkillParamTable@@U?$less@H@std@@V?$allocator@U?$pair@$$CBHPAUHTPCSkillParam@CHTPCSkillParamTable@@@std@@@4@$0A@@std@@@std@@IAEPAU_Node@?$_Tree_nod@V?$_Tmap_traits@HPAUHTPCSkillParam@CHTPCSkillParamTable@@U?$less@H@std@@V?$allocator@U?$pair@$$CBHPAUHTPCSkillParam@CHTPCSkillParamTable@@@std@@@4@$0A@@std@@@2@PAU342@00ABU?$pair@$$CBHPAUHTPCSkillParam@CHTPCSkillParamTable@@@2@D@Z 00478770 f i HTParamMgr.obj
 0001:00077770       ?_Buynode@?$_Tree@V?$_Tmap_traits@HPAUHTLevelUp@CHTLevelUpTable@@U?$less@H@std@@V?$allocator@U?$pair@$$CBHPAUHTLevelUp@CHTLevelUpTable@@@std@@@4@$0A@@std@@@std@@IAEPAU_Node@?$_Tree_nod@V?$_Tmap_traits@HPAUHTLevelUp@CHTLevelUpTable@@U?$less@H@std@@V?$allocator@U?$pair@$$CBHPAUHTLevelUp@CHTLevelUpTable@@@std@@@4@$0A@@std@@@2@PAU342@00ABU?$pair@$$CBHPAUHTLevelUp@CHTLevelUpTable@@@2@D@Z 00478770 f i HTServerSetting.obj
 0001:00077770       ?_Buynode@?$_Tree@V?$_Tmap_traits@HPAUHTKalaRewarderPosition@CHTKalaRewarderPositionTable@@U?$less@H@std@@V?$allocator@U?$pair@$$CBHPAUHTKalaRewarderPosition@CHTKalaRewarderPositionTable@@@std@@@4@$0A@@std@@@std@@IAEPAU_Node@?$_Tree_nod@V?$_Tmap_traits@HPAUHTKalaRewarderPosition@CHTKalaRewarderPositionTable@@U?$less@H@std@@V?$allocator@U?$pair@$$CBHPAUHTKalaRewarderPosition@CHTKalaRewarderPositionTable@@@std@@@4@$0A@@std@@@2@PAU342@00ABU?$pair@$$CBHPAUHTKalaRewarderPosition@CHTKalaRewarderPositionTable@@@2@D@Z 00478770 f i HTServerSetting.obj
 0001:00077770       ?_Buynode@?$_Tree@V?$_Tmap_traits@HPAUHTEventSchedule@CHTEventScheduleTable@@U?$less@H@std@@V?$allocator@U?$pair@$$CBHPAUHTEventSchedule@CHTEventScheduleTable@@@std@@@4@$0A@@std@@@std@@IAEPAU_Node@?$_Tree_nod@V?$_Tmap_traits@HPAUHTEventSchedule@CHTEventScheduleTable@@U?$less@H@std@@V?$allocator@U?$pair@$$CBHPAUHTEventSchedule@CHTEventScheduleTable@@@std@@@4@$0A@@std@@@2@PAU342@00ABU?$pair@$$CBHPAUHTEventSchedule@CHTEventScheduleTable@@@2@D@Z 00478770 f i HTServerSetting.obj
 0001:00077770       ?_Buynode@?$_Tree@V?$_Tmap_traits@HPAUHTCoefficientByClass@CHTCoefficientByClassTable@@U?$less@H@std@@V?$allocator@U?$pair@$$CBHPAUHTCoefficientByClass@CHTCoefficientByClassTable@@@std@@@4@$0A@@std@@@std@@IAEPAU_Node@?$_Tree_nod@V?$_Tmap_traits@HPAUHTCoefficientByClass@CHTCoefficientByClassTable@@U?$less@H@std@@V?$allocator@U?$pair@$$CBHPAUHTCoefficientByClass@CHTCoefficientByClassTable@@@std@@@4@$0A@@std@@@2@PAU342@00ABU?$pair@$$CBHPAUHTCoefficientByClass@CHTCoefficientByClassTable@@@2@D@Z 00478770 f i HTServerSetting.obj
 0001:00077770       ?_Buynode@?$_Tree@V?$_Tmap_traits@HPAUHTConsider@CHTConsiderTable@@U?$less@H@std@@V?$allocator@U?$pair@$$CBHPAUHTConsider@CHTConsiderTable@@@std@@@4@$0A@@std@@@std@@IAEPAU_Node@?$_Tree_nod@V?$_Tmap_traits@HPAUHTConsider@CHTConsiderTable@@U?$less@H@std@@V?$allocator@U?$pair@$$CBHPAUHTConsider@CHTConsiderTable@@@std@@@4@$0A@@std@@@2@PAU342@00ABU?$pair@$$CBHPAUHTConsider@CHTConsiderTable@@@2@D@Z 00478770 f i HTServerSetting.obj
 0001:00077770       ?_Buynode@?$_Tree@V?$_Tmap_traits@HPAUHTItemParam@CHTItemParamTable@@U?$less@H@std@@V?$allocator@U?$pair@$$CBHPAUHTItemParam@CHTItemParamTable@@@std@@@4@$0A@@std@@@std@@IAEPAU_Node@?$_Tree_nod@V?$_Tmap_traits@HPAUHTItemParam@CHTItemParamTable@@U?$less@H@std@@V?$allocator@U?$pair@$$CBHPAUHTItemParam@CHTItemParamTable@@@std@@@4@$0A@@std@@@2@PAU342@00ABU?$pair@$$CBHPAUHTItemParam@CHTItemParamTable@@@2@D@Z 00478770 f i HTParamMgr.obj
 0001:00077770       ?_Buynode@?$_Tree@V?$_Tmap_traits@HPAUHTAttackTypeVSArmorType@CHTAttackTypeVSArmorTypeTable@@U?$less@H@std@@V?$allocator@U?$pair@$$CBHPAUHTAttackTypeVSArmorType@CHTAttackTypeVSArmorTypeTable@@@std@@@4@$0A@@std@@@std@@IAEPAU_Node@?$_Tree_nod@V?$_Tmap_traits@HPAUHTAttackTypeVSArmorType@CHTAttackTypeVSArmorTypeTable@@U?$less@H@std@@V?$allocator@U?$pair@$$CBHPAUHTAttackTypeVSArmorType@CHTAttackTypeVSArmorTypeTable@@@std@@@4@$0A@@std@@@2@PAU342@00ABU?$pair@$$CBHPAUHTAttackTypeVSArmorType@CHTAttackTypeVSArmorTypeTable@@@2@D@Z 00478770 f i HTServerSetting.obj
 0001:00077770       ?_Buynode@?$_Tree@V?$_Tmap_traits@HPAUHTRateByItemCategory@CHTRateByItemCategoryTable@@U?$less@H@std@@V?$allocator@U?$pair@$$CBHPAUHTRateByItemCategory@CHTRateByItemCategoryTable@@@std@@@4@$0A@@std@@@std@@IAEPAU_Node@?$_Tree_nod@V?$_Tmap_traits@HPAUHTRateByItemCategory@CHTRateByItemCategoryTable@@U?$less@H@std@@V?$allocator@U?$pair@$$CBHPAUHTRateByItemCategory@CHTRateByItemCategoryTable@@@std@@@4@$0A@@std@@@2@PAU342@00ABU?$pair@$$CBHPAUHTRateByItemCategory@CHTRateByItemCategoryTable@@@2@D@Z 00478770 f i HTServerSetting.obj
 0001:00077770       ?_Buynode@?$_Tree@V?$_Tmap_traits@HPAUHTTaskList@CHTTaskListTable@@U?$less@H@std@@V?$allocator@U?$pair@$$CBHPAUHTTaskList@CHTTaskListTable@@@std@@@4@$0A@@std@@@std@@IAEPAU_Node@?$_Tree_nod@V?$_Tmap_traits@HPAUHTTaskList@CHTTaskListTable@@U?$less@H@std@@V?$allocator@U?$pair@$$CBHPAUHTTaskList@CHTTaskListTable@@@std@@@4@$0A@@std@@@2@PAU342@00ABU?$pair@$$CBHPAUHTTaskList@CHTTaskListTable@@@2@D@Z 00478770 f i HTServerSetting.obj
 0001:00077770       ?_Buynode@?$_Tree@V?$_Tmap_traits@HPAUHTNPCParam@CHTNPCParamTable@@U?$less@H@std@@V?$allocator@U?$pair@$$CBHPAUHTNPCParam@CHTNPCParamTable@@@std@@@4@$0A@@std@@@std@@IAEPAU_Node@?$_Tree_nod@V?$_Tmap_traits@HPAUHTNPCParam@CHTNPCParamTable@@U?$less@H@std@@V?$allocator@U?$pair@$$CBHPAUHTNPCParam@CHTNPCParamTable@@@std@@@4@$0A@@std@@@2@PAU342@00ABU?$pair@$$CBHPAUHTNPCParam@CHTNPCParamTable@@@2@D@Z 00478770 f i HTParamMgr.obj
 0001:00077770       ?_Buynode@?$_Tree@V?$_Tmap_traits@HPAUHTSpeechComment@CHTSpeechCommentTable@@U?$less@H@std@@V?$allocator@U?$pair@$$CBHPAUHTSpeechComment@CHTSpeechCommentTable@@@std@@@4@$0A@@std@@@std@@IAEPAU_Node@?$_Tree_nod@V?$_Tmap_traits@HPAUHTSpeechComment@CHTSpeechCommentTable@@U?$less@H@std@@V?$allocator@U?$pair@$$CBHPAUHTSpeechComment@CHTSpeechCommentTable@@@std@@@4@$0A@@std@@@2@PAU342@00ABU?$pair@$$CBHPAUHTSpeechComment@CHTSpeechCommentTable@@@2@D@Z 00478770 f i HTServerSetting.obj
 0001:00077770       ?_Buynode@?$_Tree@V?$_Tmap_traits@HPAUHTMonsterSkillParam@CHTMonsterSkillParamTable@@U?$less@H@std@@V?$allocator@U?$pair@$$CBHPAUHTMonsterSkillParam@CHTMonsterSkillParamTable@@@std@@@4@$0A@@std@@@std@@IAEPAU_Node@?$_Tree_nod@V?$_Tmap_traits@HPAUHTMonsterSkillParam@CHTMonsterSkillParamTable@@U?$less@H@std@@V?$allocator@U?$pair@$$CBHPAUHTMonsterSkillParam@CHTMonsterSkillParamTable@@@std@@@4@$0A@@std@@@2@PAU342@00ABU?$pair@$$CBHPAUHTMonsterSkillParam@CHTMonsterSkillParamTable@@@2@D@Z 00478770 f i HTParamMgr.obj
 0001:00077770       ?_Buynode@?$_Tree@V?$_Tmap_traits@HPAUHTEffectTolerance@CHTEffectToleranceTable@@U?$less@H@std@@V?$allocator@U?$pair@$$CBHPAUHTEffectTolerance@CHTEffectToleranceTable@@@std@@@4@$0A@@std@@@std@@IAEPAU_Node@?$_Tree_nod@V?$_Tmap_traits@HPAUHTEffectTolerance@CHTEffectToleranceTable@@U?$less@H@std@@V?$allocator@U?$pair@$$CBHPAUHTEffectTolerance@CHTEffectToleranceTable@@@std@@@4@$0A@@std@@@2@PAU342@00ABU?$pair@$$CBHPAUHTEffectTolerance@CHTEffectToleranceTable@@@2@D@Z 00478770 f i HTServerSetting.obj
 0001:00077770       ?_Buynode@?$_Tree@V?$_Tmap_traits@HPAUHTItemByLevel@CHTItemByLevelTable@@U?$less@H@std@@V?$allocator@U?$pair@$$CBHPAUHTItemByLevel@CHTItemByLevelTable@@@std@@@4@$0A@@std@@@std@@IAEPAU_Node@?$_Tree_nod@V?$_Tmap_traits@HPAUHTItemByLevel@CHTItemByLevelTable@@U?$less@H@std@@V?$allocator@U?$pair@$$CBHPAUHTItemByLevel@CHTItemByLevelTable@@@std@@@4@$0A@@std@@@2@PAU342@00ABU?$pair@$$CBHPAUHTItemByLevel@CHTItemByLevelTable@@@2@D@Z 00478770 f i HTServerSetting.obj
 0001:00077770       ?_Buynode@?$_Tree@V?$_Tmap_traits@HPAUHTBramanPoint@CHTBramanPointTable@@U?$less@H@std@@V?$allocator@U?$pair@$$CBHPAUHTBramanPoint@CHTBramanPointTable@@@std@@@4@$0A@@std@@@std@@IAEPAU_Node@?$_Tree_nod@V?$_Tmap_traits@HPAUHTBramanPoint@CHTBramanPointTable@@U?$less@H@std@@V?$allocator@U?$pair@$$CBHPAUHTBramanPoint@CHTBramanPointTable@@@std@@@4@$0A@@std@@@2@PAU342@00ABU?$pair@$$CBHPAUHTBramanPoint@CHTBramanPointTable@@@2@D@Z 00478770 f i HTServerSetting.obj
 0001:00077770       ?_Buynode@?$_Tree@V?$_Tmap_traits@HPAUHTGameEvent@CHTGameEventTable@@U?$less@H@std@@V?$allocator@U?$pair@$$CBHPAUHTGameEvent@CHTGameEventTable@@@std@@@4@$0A@@std@@@std@@IAEPAU_Node@?$_Tree_nod@V?$_Tmap_traits@HPAUHTGameEvent@CHTGameEventTable@@U?$less@H@std@@V?$allocator@U?$pair@$$CBHPAUHTGameEvent@CHTGameEventTable@@@std@@@4@$0A@@std@@@2@PAU342@00ABU?$pair@$$CBHPAUHTGameEvent@CHTGameEventTable@@@2@D@Z 00478770 f i HTServerSetting.obj
 0001:00077770       ?_Buynode@?$_Tree@V?$_Tmap_traits@HPAUHTRvRPKConsider@CHTRvRPKConsiderTable@@U?$less@H@std@@V?$allocator@U?$pair@$$CBHPAUHTRvRPKConsider@CHTRvRPKConsiderTable@@@std@@@4@$0A@@std@@@std@@IAEPAU_Node@?$_Tree_nod@V?$_Tmap_traits@HPAUHTRvRPKConsider@CHTRvRPKConsiderTable@@U?$less@H@std@@V?$allocator@U?$pair@$$CBHPAUHTRvRPKConsider@CHTRvRPKConsiderTable@@@std@@@4@$0A@@std@@@2@PAU342@00ABU?$pair@$$CBHPAUHTRvRPKConsider@CHTRvRPKConsiderTable@@@2@D@Z 00478770 f i HTServerSetting.obj
 0001:00077770       ?_Buynode@?$_Tree@V?$_Tmap_traits@PADHU_HTStr@@V?$allocator@U?$pair@QADH@std@@@std@@$0A@@std@@@std@@IAEPAU_Node@?$_Tree_nod@V?$_Tmap_traits@PADHU_HTStr@@V?$allocator@U?$pair@QADH@std@@@std@@$0A@@std@@@2@PAU342@00ABU?$pair@QADH@2@D@Z 00478770 f i Gamers.obj
 0001:00077770       ?_Buynode@?$_Tree@V?$_Tmap_traits@HPAUHTItemRateByMonLevel@CHTItemRateByMonLevelTable@@U?$less@H@std@@V?$allocator@U?$pair@$$CBHPAUHTItemRateByMonLevel@CHTItemRateByMonLevelTable@@@std@@@4@$0A@@std@@@std@@IAEPAU_Node@?$_Tree_nod@V?$_Tmap_traits@HPAUHTItemRateByMonLevel@CHTItemRateByMonLevelTable@@U?$less@H@std@@V?$allocator@U?$pair@$$CBHPAUHTItemRateByMonLevel@CHTItemRateByMonLevelTable@@@std@@@4@$0A@@std@@@2@PAU342@00ABU?$pair@$$CBHPAUHTItemRateByMonLevel@CHTItemRateByMonLevelTable@@@2@D@Z 00478770 f i HTServerSetting.obj
 0001:00077770       ?_Buynode@?$_Tree@V?$_Tmap_traits@HPAUHTActionList@CHTActionListTable@@U?$less@H@std@@V?$allocator@U?$pair@$$CBHPAUHTActionList@CHTActionListTable@@@std@@@4@$0A@@std@@@std@@IAEPAU_Node@?$_Tree_nod@V?$_Tmap_traits@HPAUHTActionList@CHTActionListTable@@U?$less@H@std@@V?$allocator@U?$pair@$$CBHPAUHTActionList@CHTActionListTable@@@std@@@4@$0A@@std@@@2@PAU342@00ABU?$pair@$$CBHPAUHTActionList@CHTActionListTable@@@2@D@Z 00478770 f i HTServerSetting.obj
 0001:00077770       ?_Buynode@?$_Tree@V?$_Tmap_traits@HPAUHTEventList@CHTEventListTable@@U?$less@H@std@@V?$allocator@U?$pair@$$CBHPAUHTEventList@CHTEventListTable@@@std@@@4@$0A@@std@@@std@@IAEPAU_Node@?$_Tree_nod@V?$_Tmap_traits@HPAUHTEventList@CHTEventListTable@@U?$less@H@std@@V?$allocator@U?$pair@$$CBHPAUHTEventList@CHTEventListTable@@@std@@@4@$0A@@std@@@2@PAU342@00ABU?$pair@$$CBHPAUHTEventList@CHTEventListTable@@@2@D@Z 00478770 f i HTServerSetting.obj
 0001:00077770       ?_Buynode@?$_Tree@V?$_Tmap_traits@HPAUHTSetItem@CHTSetItemTable@@U?$less@H@std@@V?$allocator@U?$pair@$$CBHPAUHTSetItem@CHTSetItemTable@@@std@@@4@$0A@@std@@@std@@IAEPAU_Node@?$_Tree_nod@V?$_Tmap_traits@HPAUHTSetItem@CHTSetItemTable@@U?$less@H@std@@V?$allocator@U?$pair@$$CBHPAUHTSetItem@CHTSetItemTable@@@std@@@4@$0A@@std@@@2@PAU342@00ABU?$pair@$$CBHPAUHTSetItem@CHTSetItemTable@@@2@D@Z 00478770 f i HTServerSetting.obj
 0001:00077770       ?_Buynode@?$_Tree@V?$_Tmap_traits@HPAUHTAIList@CHTAIListTable@@U?$less@H@std@@V?$allocator@U?$pair@$$CBHPAUHTAIList@CHTAIListTable@@@std@@@4@$0A@@std@@@std@@IAEPAU_Node@?$_Tree_nod@V?$_Tmap_traits@HPAUHTAIList@CHTAIListTable@@U?$less@H@std@@V?$allocator@U?$pair@$$CBHPAUHTAIList@CHTAIListTable@@@std@@@4@$0A@@std@@@2@PAU342@00ABU?$pair@$$CBHPAUHTAIList@CHTAIListTable@@@2@D@Z 00478770 f i HTServerSetting.obj
 0001:00077770       ?_Buynode@?$_Tree@V?$_Tmap_traits@HPAUHTItemGroup@CHTItemGroupTable@@U?$less@H@std@@V?$allocator@U?$pair@$$CBHPAUHTItemGroup@CHTItemGroupTable@@@std@@@4@$0A@@std@@@std@@IAEPAU_Node@?$_Tree_nod@V?$_Tmap_traits@HPAUHTItemGroup@CHTItemGroupTable@@U?$less@H@std@@V?$allocator@U?$pair@$$CBHPAUHTItemGroup@CHTItemGroupTable@@@std@@@4@$0A@@std@@@2@PAU342@00ABU?$pair@$$CBHPAUHTItemGroup@CHTItemGroupTable@@@2@D@Z 00478770 f i HTServerSetting.obj
 0001:00077770       ?_Buynode@?$_Tree@V?$_Tmap_traits@KPAUHTTaskQuestParam@CHTTaskQuestParamTable@@U?$less@K@std@@V?$allocator@U?$pair@$$CBKPAUHTTaskQuestParam@CHTTaskQuestParamTable@@@std@@@4@$0A@@std@@@std@@IAEPAU_Node@?$_Tree_nod@V?$_Tmap_traits@KPAUHTTaskQuestParam@CHTTaskQuestParamTable@@U?$less@K@std@@V?$allocator@U?$pair@$$CBKPAUHTTaskQuestParam@CHTTaskQuestParamTable@@@std@@@4@$0A@@std@@@2@PAU342@00ABU?$pair@$$CBKPAUHTTaskQuestParam@CHTTaskQuestParamTable@@@2@D@Z 00478770 f i HTParamMgr.obj
 0001:00077770       ?_Buynode@?$_Tree@V?$_Tmap_traits@HPAUHTSpeechContent@CHTSpeechContentTable@@U?$less@H@std@@V?$allocator@U?$pair@$$CBHPAUHTSpeechContent@CHTSpeechContentTable@@@std@@@4@$0A@@std@@@std@@IAEPAU_Node@?$_Tree_nod@V?$_Tmap_traits@HPAUHTSpeechContent@CHTSpeechContentTable@@U?$less@H@std@@V?$allocator@U?$pair@$$CBHPAUHTSpeechContent@CHTSpeechContentTable@@@std@@@4@$0A@@std@@@2@PAU342@00ABU?$pair@$$CBHPAUHTSpeechContent@CHTSpeechContentTable@@@2@D@Z 00478770 f i HTServerSetting.obj
 0001:00077770       ?_Buynode@?$_Tree@V?$_Tmap_traits@KPAUHTPortalParam@CHTPortalParamTable@@U?$less@K@std@@V?$allocator@U?$pair@$$CBKPAUHTPortalParam@CHTPortalParamTable@@@std@@@4@$0A@@std@@@std@@IAEPAU_Node@?$_Tree_nod@V?$_Tmap_traits@KPAUHTPortalParam@CHTPortalParamTable@@U?$less@K@std@@V?$allocator@U?$pair@$$CBKPAUHTPortalParam@CHTPortalParamTable@@@std@@@4@$0A@@std@@@2@PAU342@00ABU?$pair@$$CBKPAUHTPortalParam@CHTPortalParamTable@@@2@D@Z 00478770 f i HTParamMgr.obj
 0001:00077770       ?_Buynode@?$_Tree@V?$_Tmap_traits@HPAUHTItemRateByMonLevelForTestSrv@CHTItemRateByMonLevelForTestSrvTable@@U?$less@H@std@@V?$allocator@U?$pair@$$CBHPAUHTItemRateByMonLevelForTestSrv@CHTItemRateByMonLevelForTestSrvTable@@@std@@@4@$0A@@std@@@std@@IAEPAU_Node@?$_Tree_nod@V?$_Tmap_traits@HPAUHTItemRateByMonLevelForTestSrv@CHTItemRateByMonLevelForTestSrvTable@@U?$less@H@std@@V?$allocator@U?$pair@$$CBHPAUHTItemRateByMonLevelForTestSrv@CHTItemRateByMonLevelForTestSrvTable@@@std@@@4@$0A@@std@@@2@PAU342@00ABU?$pair@$$CBHPAUHTItemRateByMonLevelForTestSrv@CHTItemRateByMonLevelForTestSrvTable@@@2@D@Z 00478770 f i HTServerSetting.obj
 0001:00077770       ?_Buynode@?$_Tree@V?$_Tmap_traits@PADGU_HTStr@@V?$allocator@U?$pair@QADG@std@@@std@@$0A@@std@@@std@@IAEPAU_Node@?$_Tree_nod@V?$_Tmap_traits@PADGU_HTStr@@V?$allocator@U?$pair@QADG@std@@@std@@$0A@@std@@@2@PAU342@00ABU?$pair@QADG@2@D@Z 00478770 f i Yut.obj
 0001:000777b0       ?_Buynode@?$_Tree@V?$_Tmap_traits@PADV?$map@GGU?$less@G@std@@V?$allocator@U?$pair@$$CBGG@std@@@2@@std@@U_HTStr@@V?$allocator@U?$pair@QADV?$map@GGU?$less@G@std@@V?$allocator@U?$pair@$$CBGG@std@@@2@@std@@@std@@@2@$0A@@std@@@std@@IAEPAU_Node@?$_Tree_nod@V?$_Tmap_traits@PADV?$map@GGU?$less@G@std@@V?$allocator@U?$pair@$$CBGG@std@@@2@@std@@U_HTStr@@V?$allocator@U?$pair@QADV?$map@GGU?$less@G@std@@V?$allocator@U?$pair@$$CBGG@std@@@2@@std@@@std@@@2@$0A@@std@@@2@XZ 004787b0 f i Yut.obj
 0001:000777f0       ?_Copy@?$_Tree@V?$_Tmap_traits@GGU?$less@G@std@@V?$allocator@U?$pair@$$CBGG@std@@@2@$0A@@std@@@std@@IAEPAU_Node@?$_Tree_nod@V?$_Tmap_traits@GGU?$less@G@std@@V?$allocator@U?$pair@$$CBGG@std@@@2@$0A@@std@@@2@PAU342@0@Z 004787f0 f i Yut.obj
 0001:000778a0       ?_Buynode@?$_Tree@V?$_Tset_traits@PADU_HTStr@@V?$allocator@PAD@std@@$0A@@std@@@std@@IAEPAU_Node@?$_Tree_nod@V?$_Tset_traits@PADU_HTStr@@V?$allocator@PAD@std@@$0A@@std@@@2@XZ 004788a0 f i GameEvent.obj
 0001:000778a0       ?_Buynode@?$_Tree@V?$_Tmap_traits@GGU?$less@G@std@@V?$allocator@U?$pair@$$CBGG@std@@@2@$0A@@std@@@std@@IAEPAU_Node@?$_Tree_nod@V?$_Tmap_traits@GGU?$less@G@std@@V?$allocator@U?$pair@$$CBGG@std@@@2@$0A@@std@@@2@XZ 004788a0 f i Yut.obj
 0001:000778e0       ?find@?$_Tree@V?$_Tmap_traits@PADV?$map@GGU?$less@G@std@@V?$allocator@U?$pair@$$CBGG@std@@@2@@std@@U_HTStr@@V?$allocator@U?$pair@QADV?$map@GGU?$less@G@std@@V?$allocator@U?$pair@$$CBGG@std@@@2@@std@@@std@@@2@$0A@@std@@@std@@QAE?AViterator@12@ABQAD@Z 004788e0 f i Yut.obj
 0001:00077940       ?find@?$_Tree@V?$_Tmap_traits@GGU?$less@G@std@@V?$allocator@U?$pair@$$CBGG@std@@@2@$0A@@std@@@std@@QAE?AViterator@12@ABG@Z 00478940 f i Yut.obj
 0001:000779b0       ?_Tidy@?$deque@EV?$allocator@E@std@@@std@@IAEXXZ 004789b0 f i Yut.obj
 0001:00077a20       ?_Copy@?$_Tree@V?$_Tmap_traits@GGU?$less@G@std@@V?$allocator@U?$pair@$$CBGG@std@@@2@$0A@@std@@@std@@IAEXABV12@@Z 00478a20 f i Yut.obj
 0001:00077ab0       ?HT_ResetMoney@CYut@@QAEXXZ 00478ab0 f   Yut.obj
 0001:00077b50       ?HT_GetMoney@CYut@@QAEKPAD@Z 00478b50 f   Yut.obj
 0001:00077bc0       ?HT_SetYutMoney@CYut@@QAEXPADK@Z 00478bc0 f   Yut.obj
 0001:00077c30       ??1?$deque@EV?$allocator@E@std@@@std@@QAE@XZ 00478c30 f i Yut.obj
 0001:00077c40       ?erase@?$_Tree@V?$_Tmap_traits@PADGU_HTStr@@V?$allocator@U?$pair@QADG@std@@@std@@$0A@@std@@@std@@QAE?AViterator@12@V312@@Z 00478c40 f i Yut.obj
 0001:00077f00       ?erase@?$_Tree@V?$_Tmap_traits@GGU?$less@G@std@@V?$allocator@U?$pair@$$CBGG@std@@@2@$0A@@std@@@std@@QAE?AViterator@12@V312@@Z 00478f00 f i Yut.obj
 0001:000781c0       ?_Insert@?$_Tree@V?$_Tmap_traits@PADGU_HTStr@@V?$allocator@U?$pair@QADG@std@@@std@@$0A@@std@@@std@@IAE?AViterator@12@_NPAU_Node@?$_Tree_nod@V?$_Tmap_traits@PADGU_HTStr@@V?$allocator@U?$pair@QADG@std@@@std@@$0A@@std@@@2@ABU?$pair@QADG@2@@Z 004791c0 f i Yut.obj
 0001:00078370       ?_Insert@?$_Tree@V?$_Tmap_traits@GGU?$less@G@std@@V?$allocator@U?$pair@$$CBGG@std@@@2@$0A@@std@@@std@@IAE?AViterator@12@_NPAU_Node@?$_Tree_nod@V?$_Tmap_traits@GGU?$less@G@std@@V?$allocator@U?$pair@$$CBGG@std@@@2@$0A@@std@@@2@ABU?$pair@$$CBGG@2@@Z 00479370 f i Yut.obj
 0001:00078520       ?erase@?$_Tree@V?$_Tmap_traits@PADGU_HTStr@@V?$allocator@U?$pair@QADG@std@@@std@@$0A@@std@@@std@@QAE?AViterator@12@V312@0@Z 00479520 f i Yut.obj
 0001:000785e0       ?erase@?$_Tree@V?$_Tmap_traits@GGU?$less@G@std@@V?$allocator@U?$pair@$$CBGG@std@@@2@$0A@@std@@@std@@QAE?AViterator@12@V312@0@Z 004795e0 f i Yut.obj
 0001:000786a0       ?insert@?$_Tree@V?$_Tmap_traits@PADGU_HTStr@@V?$allocator@U?$pair@QADG@std@@@std@@$0A@@std@@@std@@QAE?AU?$pair@Viterator@?$_Tree@V?$_Tmap_traits@PADGU_HTStr@@V?$allocator@U?$pair@QADG@std@@@std@@$0A@@std@@@std@@_N@2@ABU?$pair@QADG@2@@Z 004796a0 f i Yut.obj
 0001:00078770       ?insert@?$_Tree@V?$_Tmap_traits@GGU?$less@G@std@@V?$allocator@U?$pair@$$CBGG@std@@@2@$0A@@std@@@std@@QAE?AU?$pair@Viterator@?$_Tree@V?$_Tmap_traits@GGU?$less@G@std@@V?$allocator@U?$pair@$$CBGG@std@@@2@$0A@@std@@@std@@_N@2@ABU?$pair@$$CBGG@2@@Z 00479770 f i Yut.obj
 0001:00078830       ??1?$map@GGU?$less@G@std@@V?$allocator@U?$pair@$$CBGG@std@@@2@@std@@QAE@XZ 00479830 f i Yut.obj
 0001:00078830       ?_Tidy@?$_Tree@V?$_Tmap_traits@GGU?$less@G@std@@V?$allocator@U?$pair@$$CBGG@std@@@2@$0A@@std@@@std@@IAEXXZ 00479830 f i Yut.obj
 0001:00078860       ?HT_ReadSaveMoney@CYut@@QAEXXZ 00479860 f   Yut.obj
 0001:00078960       ?HT_ShareMoney@CYut@@QAEXXZ 00479960 f   Yut.obj
 0001:00078d90       ??0?$_Tree@V?$_Tmap_traits@GGU?$less@G@std@@V?$allocator@U?$pair@$$CBGG@std@@@2@$0A@@std@@@std@@QAE@ABV01@@Z 00479d90 f i Yut.obj
 0001:00078e20       ??1?$map@PADGU_HTStr@@V?$allocator@U?$pair@QADG@std@@@std@@@std@@QAE@XZ 00479e20 f i Yut.obj
 0001:00078e50       ??1?$pair@QADV?$map@GGU?$less@G@std@@V?$allocator@U?$pair@$$CBGG@std@@@2@@std@@@std@@QAE@XZ 00479e50 f i Yut.obj
 0001:00078e80       ??0?$map@GGU?$less@G@std@@V?$allocator@U?$pair@$$CBGG@std@@@2@@std@@QAE@XZ 00479e80 f i Yut.obj
 0001:00078e80       ??0?$set@PADU_HTStr@@V?$allocator@PAD@std@@@std@@QAE@XZ 00479e80 f i GameEvent.obj
 0001:00078eb0       ??1_Node@?$_Tree_nod@V?$_Tmap_traits@PADV?$map@GGU?$less@G@std@@V?$allocator@U?$pair@$$CBGG@std@@@2@@std@@U_HTStr@@V?$allocator@U?$pair@QADV?$map@GGU?$less@G@std@@V?$allocator@U?$pair@$$CBGG@std@@@2@@std@@@std@@@2@$0A@@std@@@std@@QAE@XZ 00479eb0 f i Yut.obj
[...]
   195 0001:000a1075   196 0001:000a1076   198 0001:000a1077

Line numbers for C:\Program Files (x86)\Microsoft Visual Studio .NET 2003\Vc7\lib\LIBC.lib(f:\vs70builds\6030\vc\crtbld\crt\src\handler.cpp) segment .text

    96 0001:000a34da    94 0001:000a34da    98 0001:000a34df   101 0001:000a34ee
   102 0001:000a34f1    99 0001:000a34f2   102 0001:000a34f4

Line numbers for C:\Program Files (x86)\Microsoft Visual Studio .NET 2003\Vc7\lib\LIBC.lib(f:\vs70builds\6030\vc\crtbld\crt\src\sbheap.c) segment .text

   189 0001:000a29b7   188 0001:000a29b7   199 0001:000a29d3   192 0001:000a29d4
   194 0001:000a29d8   195 0001:000a29df   198 0001:000a29eb   199 0001:000a29fe
   221 0001:000a29ff   220 0001:000a29ff   230 0001:000a2a11   231 0001:000a2a18
   233 0001:000a2a20   228 0001:000a2a23   235 0001:000a2a27   236 0001:000a2a29
   295 0001:000a2a2a   313 0001:000a2a30   316 0001:000a2a37   321 0001:000a2a40
   322 0001:000a2a58   326 0001:000a2a5b   330 0001:000a2a68   331 0001:000a2a6b
   334 0001:000a2a70   338 0001:000a2a76   343 0001:000a2a81   344 0001:000a2a85
   345 0001:000a2a8a   348 0001:000a2a8d   353 0001:000a2a95   355 0001:000a2a98
   356 0001:000a2aa3   357 0001:000a2ab1   359 0001:000a2ab6   362 0001:000a2ab8
   363 0001:000a2abd   364 0001:000a2ace   369 0001:000a2ad7   373 0001:000a2ae0
   377 0001:000a2af5   378 0001:000a2afb   379 0001:000a2b00   382 0001:000a2b03
   388 0001:000a2b12   391 0001:000a2b15   392 0001:000a2b1b   393 0001:000a2b26
   397 0001:000a2b28   398 0001:000a2b2b   399 0001:000a2b31   400 0001:000a2b38
   403 0001:000a2b3a   407 0001:000a2b3e   412 0001:000a2b49   415 0001:000a2b4c
   416 0001:000a2b5d   417 0001:000a2b63   419 0001:000a2b68   422 0001:000a2b6a
   423 0001:000a2b78   425 0001:000a2b7e   430 0001:000a2b84   431 0001:000a2b90
   434 0001:000a2b9c   438 0001:000a2ba4   442 0001:000a2bb2   443 0001:000a2bb8
   444 0001:000a2bbb   445 0001:000a2bc1   446 0001:000a2bc4   449 0001:000a2bca
   455 0001:000a2bd2   456 0001:000a2bea   457 0001:000a2bf8   459 0001:000a2c07
   461 0001:000a2c09   462 0001:000a2c0f   464 0001:000a2c1f   470 0001:000a2c32
   472 0001:000a2c37   475 0001:000a2c3b   478 0001:000a2c46   482 0001:000a2c53
   483 0001:000a2c59   487 0001:000a2c73   491 0001:000a2c88   492 0001:000a2c9e
   493 0001:000a2cb7   497 0001:000a2cc0   500 0001:000a2cc6   503 0001:000a2cce
   509 0001:000a2ce4   513 0001:000a2d0d   514 0001:000a2d21   517 0001:000a2d25
   522 0001:000a2d2f   523 0001:000a2d37   525 0001:000a2d40   811 0001:000a2d42
   805 0001:000a2d42   814 0001:000a2d54   815 0001:000a2d73   850 0001:000a2d76
   819 0001:000a2d77   823 0001:000a2d88   827 0001:000a2d8f   828 0001:000a2daf
   832 0001:000a2db3   834 0001:000a2dcd   835 0001:000a2ddd   841 0001:000a2ddf
   844 0001:000a2de8   847 0001:000a2dee   849 0001:000a2df4   850 0001:000a2df8
   872 0001:000a2df9   873 0001:000a2dfe   886 0001:000a2e01   887 0001:000a2e0a
   890 0001:000a2e0e   891 0001:000a2e10   888 0001:000a2e11   895 0001:000a2e15
   900 0001:000a2e2a   907 0001:000a2e36   908 0001:000a2e55   912 0001:000a2e5d
   915 0001:000a2e63   918 0001:000a2e75   919 0001:000a2e79   925 0001:000a2e80
   927 0001:000a2e88   930 0001:000a2e98   915 0001:000a2eaa   935 0001:000a2ead
   937 0001:000a2eb5   938 0001:000a2ebb   941 0001:000a2ebe   942 0001:000a2ec4
   944 0001:000a2ec7   945 0001:000a2ecc   946 0001:000a2ed6   947 0001:000a2edf
   950 0001:000a2eea   952 0001:000a2ef8   953 0001:000a2efd   975 0001:000a2eff
   994 0001:000a2f05   997 0001:000a2f11   998 0001:000a2f1c   999 0001:000a2f1f
  1003 0001:000a2f31  1010 0001:000a2f38  1013 0001:000a2f4c  1019 0001:000a2f5f
  1020 0001:000a2f66  1021 0001:000a2f6e  1024 0001:000a2f74  1029 0001:000a2f7c
  1031 0001:000a2f7f  1032 0001:000a2f88  1033 0001:000a2f99  1035 0001:000a2f9e
  1038 0001:000a2fa0  1039 0001:000a2fa5  1040 0001:000a2fb9  1045 0001:000a2fbf
  1046 0001:000a2fc8  1049 0001:000a2fd1  1055 0001:000a2fe3  1056 0001:000a2fed
  1057 0001:000a2ff6  1061 0001:000a2ff9  1062 0001:000a3002  1063 0001:000a3008
  1064 0001:000a300e  1065 0001:000a3011  1068 0001:000a3017  1074 0001:000a301f
  1075 0001:000a3037  1076 0001:000a3045  1078 0001:000a304b  1080 0001:000a304d
  1081 0001:000a3053  1083 0001:000a3063  1088 0001:000a3076  1090 0001:000a3082
  1094 0001:000a308b  1096 0001:000a3091  1100 0001:000a3095  1014 0001:000a309a
  1100 0001:000a30a1  1103 0001:000a30a7  1109 0001:000a30aa  1112 0001:000a30b7
  1113 0001:000a30be  1114 0001:000a30c9  1117 0001:000a30cc  1122 0001:000a30d6
  1123 0001:000a30dd  1124 0001:000a30e2  1127 0001:000a30e5  1132 0001:000a30ed
  1135 0001:000a30f0  1136 0001:000a30fb  1137 0001:000a3109  1139 0001:000a310e
  1142 0001:000a3110  1143 0001:000a3115  1145 0001:000a3126  1150 0001:000a312f
  1151 0001:000a3138  1154 0001:000a3141  1155 0001:000a314a  1156 0001:000a314e
  1157 0001:000a3153  1163 0001:000a3156  1164 0001:000a315c  1165 0001:000a315f
  1166 0001:000a3165  1167 0001:000a3168  1170 0001:000a316e  1176 0001:000a3176
  1177 0001:000a318e  1178 0001:000a319c  1180 0001:000a31a2  1182 0001:000a31a4
  1183 0001:000a31aa  1185 0001:000a31ba  1190 0001:000a31cd  1192 0001:000a31d2
  1195 0001:000a31d6  1196 0001:000a31dc   546 0001:000a31de   564 0001:000a31e4
   582 0001:000a31fc   583 0001:000a3205   585 0001:000a3210   586 0001:000a3215
   588 0001:000a3219   591 0001:000a321b   596 0001:000a3228   597 0001:000a3232
   600 0001:000a3236   602 0001:000a3244   597 0001:000a324d   606 0001:000a324f
   608 0001:000a3254   612 0001:000a3258   614 0001:000a3266   609 0001:000a3269
   614 0001:000a326b   619 0001:000a3270   651 0001:000a3278   653 0001:000a327e
   654 0001:000a3281   659 0001:000a3283   665 0001:000a329f   666 0001:000a32c4
   665 0001:000a32d2   668 0001:000a32d5   674 0001:000a32e7   677 0001:000a32f1
   682 0001:000a32fe   623 0001:000a3300   625 0001:000a3306   621 0001:000a330c
   629 0001:000a3311   631 0001:000a3316   634 0001:000a331a   636 0001:000a3320
   632 0001:000a3323   636 0001:000a3325   640 0001:000a332a   641 0001:000a332e
   642 0001:000a333a   647 0001:000a333c   648 0001:000a3354   681 0001:000a335b
   682 0001:000a335d   679 0001:000a335e   684 0001:000a3362   689 0001:000a3369
   690 0001:000a336e   691 0001:000a3374   692 0001:000a337c   695 0001:000a337f
   698 0001:000a3387   702 0001:000a338f   705 0001:000a3392   706 0001:000a33a0
   707 0001:000a33b5   709 0001:000a33bd   712 0001:000a33bf   713 0001:000a33ce
   714 0001:000a33dd   723 0001:000a33eb   727 0001:000a3407   728 0001:000a340d
   729 0001:000a3410   730 0001:000a3416   731 0001:000a3419   734 0001:000a341f
   740 0001:000a3427   741 0001:000a343f   743 0001:000a344a   745 0001:000a345a
   747 0001:000a345c   749 0001:000a3462   751 0001:000a346f   745 0001:000a3485
   758 0001:000a3488   760 0001:000a348c   762 0001:000a348e   767 0001:000a3497
   769 0001:000a34a1   772 0001:000a34a5   776 0001:000a34b3   777 0001:000a34c6
   780 0001:000a34cd   782 0001:000a34d2   783 0001:000a34d8

Line numbers for C:\Program Files (x86)\Microsoft Visual Studio .NET 2003\Vc7\lib\LIBC.lib(f:\vs70builds\6030\vc\crtbld\crt\src\realloc.c) segment .text

    64 0001:000a111d    69 0001:000a1121    70 0001:000a1129    73 0001:000a1138
    75 0001:000a113f    76 0001:000a1145    81 0001:000a114a    98 0001:000a115c
   102 0001:000a116e   104 0001:000a1176   105 0001:000a1185   106 0001:000a1187
   109 0001:000a1196   110 0001:000a119a   112 0001:000a11a8   113 0001:000a11ae
   120 0001:000a11bb   122 0001:000a11bf   123 0001:000a11c3   125 0001:000a11c4
   126 0001:000a11ca   129 0001:000a11df   130 0001:000a11e3   131 0001:000a11f1
   146 0001:000a11fd   148 0001:000a1203   149 0001:000a1207   151 0001:000a1208
   152 0001:000a120e   161 0001:000a1220   172 0001:000a122c    89 0001:000a1237
   301 0001:000a1240   168 0001:000a1242   158 0001:000a1244   280 0001:000a1246
   281 0001:000a124a   282 0001:000a124b   290 0001:000a125b   301 0001:000a1267
   278 0001:000a1272   286 0001:000a1277   287 0001:000a127e   307 0001:000a1283

Line numbers for C:\Program Files (x86)\Microsoft Visual Studio .NET 2003\Vc7\lib\LIBC.lib(f:\vs70builds\6030\vc\crtbld\crt\src\msize.c) segment .text

    44 0001:000a6466    39 0001:000a6466    52 0001:000a6470    54 0001:000a647f
    94 0001:000a6486    62 0001:000a6487    86 0001:000a6488    89 0001:000a648a
    94 0001:000a649d

Line numbers for C:\Program Files (x86)\Microsoft Visual Studio .NET 2003\Vc7\lib\LIBC.lib(f:\vs70builds\6030\vc\crtbld\crt\src\malloc.c) segment .text

   152 0001:0009ec51   142 0001:0009ec51   156 0001:0009ec5f   162 0001:0009ec67
   169 0001:0009ec6d   170 0001:0009ec70   205 0001:0009ec72   206 0001:0009ec76
   208 0001:0009ec77   209 0001:0009ec80   211 0001:0009ec86   212 0001:0009ec96
    90 0001:0009ec97    94 0001:0009ec97    95 0001:0009ec9c   106 0001:0009ec9e
   113 0001:0009eca7   117 0001:0009ecb2   121 0001:0009ecbe   118 0001:0009ecc0
   122 0001:0009ecc2    54 0001:0009ecc3    53 0001:0009ecc3    59 0001:0009ecd4

Line numbers for C:\Program Files (x86)\Microsoft Visual Studio .NET 2003\Vc7\lib\LIBC.lib(f:\vs70builds\6030\vc\crtbld\crt\src\heapinit.c) segment .text

   123 0001:000a294c    69 0001:000a294c   124 0001:000a295e   142 0001:000a2961
   139 0001:000a2962   142 0001:000a2965   173 0001:000a2966   170 0001:000a2966
   174 0001:000a2984   178 0001:000a2986   180 0001:000a298b   183 0001:000a2995
   185 0001:000a29a4   186 0001:000a29b0   202 0001:000a29b2   201 0001:000a29b3
   202 0001:000a29b6

Line numbers for C:\Program Files (x86)\Microsoft Visual Studio .NET 2003\Vc7\lib\LIBC.lib(f:\vs70builds\6030\vc\crtbld\crt\src\free.c) segment .text

    42 0001:0009ecd5    45 0001:0009ecd6    51 0001:0009ecde    60 0001:0009ece5
    61 0001:0009ecf0   103 0001:0009ecfc   101 0001:0009ecfd   103 0001:0009ed0c

Line numbers for C:\Program Files (x86)\Microsoft Visual Studio .NET 2003\Vc7\lib\LIBC.lib(f:\vs70builds\6030\vc\crtbld\crt\src\calloc.c) segment .text

    51 0001:000aaf6a    46 0001:000aaf6a    53 0001:000aaf7f   141 0001:000aaf81
    55 0001:000aaf82    59 0001:000aaf8b    60 0001:000aaf91    64 0001:000aaf93
    66 0001:000aaf95    69 0001:000aaf9a    73 0001:000aafa3    75 0001:000aafa9
    83 0001:000aafb1    91 0001:000aafb9   125 0001:000aafbe   128 0001:000aafcf
   135 0001:000aafdc   136 0001:000aafe7    92 0001:000aafe9   131 0001:000aaff5
   141 0001:000aaffa

Line numbers for C:\Program Files (x86)\Microsoft Visual Studio .NET 2003\Vc7\lib\LIBC.lib(f:\vs70builds\6030\vc\crtbld\crt\src\resetstk.c) segment .text

    30 0001:0009ed0d    40 0001:0009ed16    44 0001:0009ed20    45 0001:0009ed2f
    46 0001:0009ed31    51 0001:0009ed34    52 0001:0009ed3e    63 0001:0009ed41
    65 0001:0009ed61    66 0001:0009ed66    73 0001:0009ed68    77 0001:0009ed6d
    79 0001:0009ed75    81 0001:0009ed88    82 0001:0009ed8e    88 0001:0009ed93
    89 0001:0009ed9f    94 0001:0009eda4    95 0001:0009eda8   100 0001:0009edac
   101 0001:0009edb0   103 0001:0009edb3   105 0001:0009edc2   106 0001:0009edc9
   113 0001:0009edcc   115 0001:0009edd6   116 0001:0009ede8

Line numbers for C:\Program Files (x86)\Microsoft Visual Studio .NET 2003\Vc7\lib\LIBC.lib(f:\vs70builds\6030\vc\crtbld\crt\src\stat.c) segment .text

    72 0001:000a1baf    67 0001:000a1baf    73 0001:000a1bb4    74 0001:000a1bc6
    82 0001:000a1bc9    86 0001:000a1bed    90 0001:000a1bf2    94 0001:000a1c0e
    95 0001:000a1c52   100 0001:000a1c55   103 0001:000a1c5f   104 0001:000a1c6b
   320 0001:000a1c6c   314 0001:000a1c6c   327 0001:000a1c8d   328 0001:000a1c98
   331 0001:000a1ca9   336 0001:000a1cb2   337 0001:000a1cb8   343 0001:000a1cc9
   344 0001:000a1cd2   349 0001:000a1cd5   348 0001:000a1cd6   349 0001:000a1cd8
   150 0001:000a1cd9   162 0001:000a1cfc   283 0001:000a1d08   171 0001:000a1d2c
   172 0001:000a1d34   175 0001:000a1d3d   177 0001:000a1d43   179 0001:000a1d50
   180 0001:000a1d52   183 0001:000a1d5a   184 0001:000a1d65   193 0001:000a1d71
   209 0001:000a1dbe   213 0001:000a1de1   195 0001:000a1df5   196 0001:000a1dfd
   197 0001:000a1e02   219 0001:000a1e07   232 0001:000a1e33   235 0001:000a1e5b
   254 0001:000a1e66   239 0001:000a1e68   252 0001:000a1e94   257 0001:000a1ebc
   276 0001:000a1ec9   261 0001:000a1ece   274 0001:000a1ef2   278 0001:000a1f1a
   283 0001:000a1f26   290 0001:000a1f33   297 0001:000a1f39   299 0001:000a1f56
   221 0001:000a1f5a   222 0001:000a1f67   223 0001:000a1f70   300 0001:000a1f74

Line numbers for C:\Program Files (x86)\Microsoft Visual Studio .NET 2003\Vc7\lib\LIBC.lib(f:\vs70builds\6030\vc\crtbld\crt\src\getcwd.c) segment .text

   259 0001:000aca96   263 0001:000aca99   264 0001:000aca9e   266 0001:000acaa0
   272 0001:000acaa5   275 0001:000acac4   276 0001:000acac7   273 0001:000acac9
   276 0001:000acacb   167 0001:000acacd   177 0001:000acae1   181 0001:000acafa
   182 0001:000acb05   183 0001:000acb0f   210 0001:000acb19   239 0001:000acb1b
   197 0001:000acb32   199 0001:000acb5b   205 0001:000acb5d   209 0001:000acb6c
   215 0001:000acb78   220 0001:000acb7e   222 0001:000acb99   223 0001:000acba3
   226 0001:000acba8   230 0001:000acbb0   231 0001:000acbba   238 0001:000acbbf
    74 0001:000acbd0    63 0001:000acbd0    85 0001:000acbe2

Line numbers for C:\Program Files (x86)\Microsoft Visual Studio .NET 2003\Vc7\lib\LIBC.lib(f:\vs70builds\6030\vc\crtbld\crt\src\fullpath.c) segment .text

    70 0001:000a9d6c    76 0001:000a9d70    81 0001:000a9d81    82 0001:000a9d88
    83 0001:000a9d99    84 0001:000a9da3    87 0001:000a9da5    94 0001:000a9dac
    96 0001:000a9dbb    97 0001:000a9dc0    98 0001:000a9dc6    99 0001:000a9dcd
   100 0001:000a9dd7   102 0001:000a9ddb   103 0001:000a9ddf   104 0001:000a9de4
   105 0001:000a9deb   106 0001:000a9df7   109 0001:000a9dfb    77 0001:000a9dff
   111 0001:000a9e0e

Line numbers for C:\Program Files (x86)\Microsoft Visual Studio .NET 2003\Vc7\lib\LIBC.lib(f:\vs70builds\6030\vc\crtbld\crt\src\drive.c) segment .text

    44 0001:000a9e10    47 0001:000a9e29    48 0001:000a9e2f    50 0001:000a9e36
    51 0001:000a9e4c    52 0001:000a9e54    53 0001:000a9e58    54 0001:000a9e73
    55 0001:000a9e7a    56 0001:000a9e7f    57 0001:000a9e95    58 0001:000a9e97
    59 0001:000a9e99    62 0001:000a9ea7    63 0001:000a9eab    65 0001:000a9eb6
    66 0001:000a9eb8    67 0001:000a9ebc    68 0001:000a9ec2    70 0001:000a9ed1
    71 0001:000a9eda    72 0001:000a9ee1    73 0001:000a9ee3

Line numbers for C:\Program Files (x86)\Microsoft Visual Studio .NET 2003\Vc7\lib\LIBC.lib(f:\vs70builds\6030\vc\crtbld\crt\src\dosmap.c) segment .text

   113 0001:000a9996   110 0001:000a9996   116 0001:000a999f   117 0001:000a99a1
   127 0001:000a99b0   128 0001:000a99ba   133 0001:000a99c4   118 0001:000a99c5
   133 0001:000a99d1   129 0001:000a99d2   130 0001:000a99de   132 0001:000a99ea
   133 0001:000a99f4

Line numbers for C:\Program Files (x86)\Microsoft Visual Studio .NET 2003\Vc7\lib\LIBC.lib(f:\vs70builds\6030\vc\crtbld\crt\src\access.c) segment .text

    48 0001:000aa0da    45 0001:000aa0da    49 0001:000aa0e4    51 0001:000aa0e9
    52 0001:000aa0f6    66 0001:000aa0f9    56 0001:000aa0fa    58 0001:000aa105
    59 0001:000aa10f    60 0001:000aa119    64 0001:000aa11b    66 0001:000aa11d

Line numbers for C:\Program Files (x86)\Microsoft Visual Studio .NET 2003\Vc7\lib\LIBC.lib(f:\vs70builds\6030\vc\crtbld\crt\src\xtoa.c) segment .text

    51 0001:000a0e26    43 0001:000a0e26    53 0001:000a0e2d    54 0001:000a0e31
    57 0001:000a0e34    60 0001:000a0e36    64 0001:000a0e3c    65 0001:000a0e41
    66 0001:000a0e44    67 0001:000a0e46    68 0001:000a0e4c    73 0001:000a0e50
    77 0001:000a0e54    79 0001:000a0e5a    80 0001:000a0e5d    81 0001:000a0e5e
    82 0001:000a0e63    92 0001:000a0e64    93 0001:000a0e67    94 0001:000a0e74
    95 0001:000a0e78    96 0001:000a0e7a    97 0001:000a0e87    98 0001:000a0e8c

Line numbers for C:\Program Files (x86)\Microsoft Visual Studio .NET 2003\Vc7\lib\LIBC.lib(f:\vs70builds\6030\vc\crtbld\crt\src\wctomb.c) segment .text

    48 0001:000aa438    65 0001:000aa43b    67 0001:000aa445    73 0001:000aa449
    76 0001:000aa451    79 0001:000aa45a    82 0001:000aa45c    83 0001:000aa45e
   106 0001:000aa463   112 0001:000aa48c   108 0001:000aa48e   109 0001:000aa498
   115 0001:000aa49c

Line numbers for C:\Program Files (x86)\Microsoft Visual Studio .NET 2003\Vc7\lib\LIBC.lib(f:\vs70builds\6030\vc\crtbld\crt\src\toupper.c) segment .text

    74 0001:000acbe3   115 0001:000acbe8   124 0001:000acc0b   128 0001:000acc13
   131 0001:000acc36   139 0001:000acc38   144 0001:000acc4d   145 0001:000acc5a
   148 0001:000acc5c   167 0001:000acc66   169 0001:000acc8e   173 0001:000acc90
   174 0001:000acc95   176 0001:000acc9b   116 0001:000acca8   178 0001:000accb8

Line numbers for C:\Program Files (x86)\Microsoft Visual Studio .NET 2003\Vc7\lib\LIBC.lib(f:\vs70builds\6030\vc\crtbld\crt\src\tolower.c) segment .text

    72 0001:000aa7b5   111 0001:000aa7ba   120 0001:000aa7df   125 0001:000aa7eb
   128 0001:000aa80b   136 0001:000aa80d   142 0001:000aa822   143 0001:000aa82f
   144 0001:000aa831   145 0001:000aa834   146 0001:000aa838   165 0001:000aa83a
   167 0001:000aa85d   171 0001:000aa85f   172 0001:000aa863   174 0001:000aa869
   112 0001:000aa876   176 0001:000aa888

Line numbers for C:\Program Files (x86)\Microsoft Visual Studio .NET 2003\Vc7\lib\LIBC.lib(f:\vs70builds\6030\vc\crtbld\crt\src\mbtowc.c) segment .text

    53 0001:000aa6ed    74 0001:000aa6f2    79 0001:000aa700    82 0001:000aa706
    83 0001:000aa70d    77 0001:000aa710   164 0001:000aa714    91 0001:000aa716
    94 0001:000aa71e    95 0001:000aa725    96 0001:000aa72c   122 0001:000aa731
   132 0001:000aa741   135 0001:000aa775   141 0001:000aa77d   137 0001:000aa77f
   138 0001:000aa789   156 0001:000aa78e   159 0001:000aa7b3

Line numbers for C:\Program Files (x86)\Microsoft Visual Studio .NET 2003\Vc7\lib\LIBC.lib(f:\vs70builds\6030\vc\crtbld\crt\src\isctype.c) segment .text

   106 0001:000a9918   128 0001:000a991c   132 0001:000a992a   138 0001:000a9936
   144 0001:000a994d   145 0001:000a995a   146 0001:000a995c   148 0001:000a995f
   162 0001:000a9966   168 0001:000a998b   167 0001:000a998d   168 0001:000a9994

Line numbers for C:\Program Files (x86)\Microsoft Visual Studio .NET 2003\Vc7\lib\LIBC.lib(f:\vs70builds\6030\vc\crtbld\crt\src\atox.c) segment .text

    48 0001:0009f344    61 0001:0009f345    63 0001:0009f34b    61 0001:0009f34c
    65 0001:0009f35a    67 0001:0009f35e    68 0001:0009f36a    70 0001:0009f36e
    72 0001:0009f370    73 0001:0009f387    74 0001:0009f38d    75 0001:0009f391
    77 0001:0009f393    78 0001:0009f399    81 0001:0009f39b   107 0001:0009f39c
   106 0001:0009f39c

Line numbers for C:\Program Files (x86)\Microsoft Visual Studio .NET 2003\Vc7\lib\LIBC.lib(f:\vs70builds\6030\vc\crtbld\crt\src\_fptostr.c) segment .text

    46 0001:000aac38    48 0001:000aac3b    62 0001:000aac42    63 0001:000aac5b
    62 0001:000aac72    73 0001:000aac75    74 0001:000aac81    76 0001:000aac83
    77 0001:000aac8c    80 0001:000aac8e    85 0001:000aac93    87 0001:000aac96
    91 0001:000aac98    93 0001:000aacad

Line numbers for C:\Program Files (x86)\Microsoft Visual Studio .NET 2003\Vc7\lib\LIBC.lib(f:\vs70builds\6030\vc\crtbld\crt\src\_ctype.c) segment .text

   135 0001:000aa6c4   126 0001:000aa6c4   137 0001:000aa6da   135 0001:000aa6db
   137 0001:000aa6ec

Line numbers for C:\Program Files (x86)\Microsoft Visual Studio .NET 2003\Vc7\lib\LIBCMT.lib(f:\vs70builds\6030\vc\crtbld\crt\src\unlink.c) segment .text

    44 0001:000ae3fa    41 0001:000ae3fa    45 0001:000ae408    46 0001:000ae40e
    47 0001:000ae410    49 0001:000ae412    51 0001:000ae416    52 0001:000ae41d
    56 0001:000ae420    55 0001:000ae421    56 0001:000ae423    63 0001:000ae424
    61 0001:000ae424
