 SQLDAEMON

 Timestamp is 6a572070 (Tue Jul 14 23:53:52 2026)

 Preferred load address is 00400000

 Start         Length     Name                   Class
 0001:00000000 0000e7f2H .text                   CODE
 0001:0000e800 00000057H .text$yc                CODE
 0001:0000e860 00000037H .text$yd                CODE
 0002:00000000 00000200H .idata$5                DATA
 0002:00000200 00001be0H .rdata                  DATA
 0002:00001de0 00000008H .rdata$sxdata           DATA
 0002:00001de8 00000004H .rtc$IAA                DATA
 0002:00001dec 00000004H .rtc$IZZ                DATA
 0002:00001df0 00000004H .rtc$TAA                DATA
 0002:00001df4 00000004H .rtc$TZZ                DATA
 0002:00001df8 00000078H .idata$2                DATA
 0002:00001e70 00000014H .idata$3                DATA
 0002:00001e84 00000200H .idata$4                DATA
 0002:00002084 000006acH .idata$6                DATA
 0002:00002730 00000000H .edata                  DATA
 0003:00000000 00000004H .CRT$XCA                DATA
 0003:00000004 00000004H .CRT$XCAA               DATA
 0003:00000008 00000008H .CRT$XCU                DATA
 0003:00000010 00000004H .CRT$XCZ                DATA
 0003:00000014 00000004H .CRT$XIA                DATA
 0003:00000018 0000000cH .CRT$XIC                DATA
 0003:00000024 00000004H .CRT$XIZ                DATA
 0003:00000028 00000004H .CRT$XPA                DATA
 0003:0000002c 00000004H .CRT$XPX                DATA
 0003:00000030 00000004H .CRT$XPZ                DATA
 0003:00000034 00000004H .CRT$XTA                DATA
 0003:00000038 00000004H .CRT$XTZ                DATA
 0003:00000040 00008330H .data                   DATA
 0003:00008380 00a564a4H .bss                    DATA

  Address         Publics by Value              Rva+Base     Lib:Object

 0000:00000000       __except_list              00000000     <absolute>
 0000:00000002       ___safe_se_handler_count   00000002     <absolute>
 0001:00000000       ?BASE_InitModuleDir@@YAXXZ 00401000 f   Basedef.obj
 0001:00000060       ?BASE_InitializeServerList@@YAHXZ 00401060 f   Basedef.obj
 0001:000003a0       ??1CPSock@@QAE@XZ          004013a0 f   CPSock.obj
 0001:000003d0       ?OnConnect@CPSock@@UAEXH@Z 004013d0 f i CPSock.obj
 0001:000003e0       ?CloseSocket@CPSock@@QAEHXZ 004013e0 f   CPSock.obj
 0001:00000430       ?WSAInitialize@CPSock@@SAHXZ 00401430 f   CPSock.obj
 0001:00000450       ?RefreshRecvBuffer@CPSock@@QAEXXZ 00401450 f   CPSock.obj
 0001:00000490       ?RefreshSendBuffer@CPSock@@QAEXXZ 00401490 f   CPSock.obj
 0001:000004d0       ?Receive@CPSock@@QAEHXZ    004014d0 f   CPSock.obj
 0001:00000540       ?ReadMessage@CPSock@@QAEPADPAH0@Z 00401540 f   CPSock.obj
 0001:00000560       ?ReadClientMessage@CPSock@@QAEPADPAH0@Z 00401560 f   CPSock.obj
 0001:00000710       ?ReadServerMessage@CPSock@@QAEPADPAH0@Z 00401710 f   CPSock.obj
 0001:000007e0       ?SendMessageA@CPSock@@QAEHXZ 004017e0 f   CPSock.obj
 0001:00000870       ?pcReadClientMessage@@YAPADPAVCPSock@@PAH1@Z 00401870 f   CPSock.obj
 0001:00000890       ?pcReadServerMessage@@YAPADPAVCPSock@@PAH1@Z 00401890 f   CPSock.obj
 0001:000008b0       ?AddClientMessage@CPSock@@QAEHPADH@Z 004018b0 f   CPSock.obj
 0001:00000aa0       ?AddServerMessage@CPSock@@QAEHPADH@Z 00401aa0 f   CPSock.obj
 0001:00000b60       ?bAddClientMessage@@YAHPAVCPSock@@PADH@Z 00401b60 f   CPSock.obj
 0001:00000b80       ?bAddServerMessage@@YAHPAVCPSock@@PADH@Z 00401b80 f   CPSock.obj
 0001:00000ba0       ??0CPSock@@QAE@XZ          00401ba0 f   CPSock.obj
 0001:00000c40       ?SetServerSecret@CPSock@@QAEX_N@Z 00401c40 f   CPSock.obj
 0001:00000c80       ?ConnectServer@CPSock@@QAEIPADHHHPAUHWND__@@H@Z 00401c80 f   CPSock.obj
 0001:00000e50       ??0CSQL@@QAE@XZ            00401e50 f   csql.obj
 0001:00000e60       ?DBConnect@CSQL@@QAEHPAE00@Z 00401e60 f   csql.obj
 0001:00000f10       ?DBRelease@CSQL@@QAEXXZ    00401f10 f   csql.obj
 0001:00000f50       ?GetStmt@CSQL@@QAEHXZ      00401f50 f   csql.obj
 0001:00000f80       ?FreeStmt@CSQL@@QAEHXZ     00401f80 f   csql.obj
 0001:00000fa0       ??1CSQL@@QAE@XZ            00401fa0 f   csql.obj
 0001:00000fb0       ?PrintText@@YAXPAUHDC__@@KPADZZ 00401fb0 f   DrawInfo.obj
 0001:00001020       ?LineFeed@@YAXXZ           00402020 f   DrawInfo.obj
 0001:00001030       ?DrawInformations@@YAXPAUHDC__@@@Z 00402030 f   DrawInfo.obj
 0001:000010d0       ?InitInstance@@YAHPAXH@Z   004020d0 f   Server.obj
 0001:00001140       ?_EnterCS@@YAXPADH@Z       00402140 f   Server.obj
 0001:00001150       ?_LeaveCS@@YAXPADH@Z       00402150 f   Server.obj
 0001:00001160       ?Log@@YAXPAD0I@Z           00402160 f   Server.obj
 0001:00001210       ?GetSqlError@@YAXPAXPAE@Z  00402210 f   Server.obj
 0001:000012a0       ?ProcessMessage@@YAXPADH@Z 004022a0 f   Server.obj
 0001:00001400       ?RecoverConnection@@YAXXZ  00402400 f   Server.obj
 0001:00001520       ?ProcessSecTimer@@YAXXZ    00402520 f   Server.obj
 0001:000016c0       ?StartLog@@YAXPAD@Z        004026c0 f   Server.obj
 0001:00001770       ?SelectUser@@YAHHHPAD@Z    00402770 f   Server.obj
 0001:00001850       ?InsertUser@@YAHHHEPAUSTRUCT_ACCOUNTFILE@@PADH@Z 00402850 f   Server.obj
 0001:00001c40       ?UpdateUser@@YAHHHEPAUSTRUCT_ACCOUNTFILE@@PADH@Z 00402c40 f   Server.obj
 0001:00002080       ?ExportRanking@@YAHH@Z     00403080 f   Server.obj
 0001:00002310       ?MainWndProc@@YGJPAUHWND__@@IIJ@Z 00403310 f   Server.obj
 0001:00002660       ?ProcessJob@@YAHHUSTRUCT_ACCOUNTFILE@@HPADH@Z 00403660 f   Server.obj
 0001:000027d0       ?iThreadProc@@YGIPAX@Z     004037d0 f   Server.obj
 0001:00002ac0       ?InitApplication@@YAHPAX@Z 00403ac0 f   Server.obj
 0001:00002b60       _WinMain@16                00403b60 f   Server.obj
 0001:00003032       _SQLConnect@28             00404032 f   odbc32:ODBC32.dll
 0001:00003038       _SQLSetConnectAttr@16      00404038 f   odbc32:ODBC32.dll
 0001:0000303e       _SQLSetEnvAttr@16          0040403e f   odbc32:ODBC32.dll
 0001:00003044       _SQLAllocHandle@12         00404044 f   odbc32:ODBC32.dll
 0001:0000304a       _SQLFreeHandle@8           0040404a f   odbc32:ODBC32.dll
 0001:00003050       _SQLDisconnect@4           00404050 f   odbc32:ODBC32.dll
 0001:00003056       _SQLExecute@4              00404056 f   odbc32:ODBC32.dll
 0001:0000305c       _SQLPrepare@12             0040405c f   odbc32:ODBC32.dll
 0001:00003062       _SQLGetDiagRec@32          00404062 f   odbc32:ODBC32.dll
 0001:00003068       _SQLCloseCursor@4          00404068 f   odbc32:ODBC32.dll
 0001:0000306e       _SQLFetch@4                0040406e f   odbc32:ODBC32.dll
 0001:00003074       _SQLExecDirect@12          00404074 f   odbc32:ODBC32.dll
 0001:0000307a       _SQLPutData@12             0040407a f   odbc32:ODBC32.dll
 0001:00003080       _SQLParamData@8            00404080 f   odbc32:ODBC32.dll
 0001:00003086       _SQLBindParameter@40       00404086 f   odbc32:ODBC32.dll
 0001:0000308c       _SQLBindCol@24             0040408c f   odbc32:ODBC32.dll
 0001:00003092       _closesocket@4             00404092 f   wsock32:WSOCK32.dll
 0001:00003098       _WSAStartup@8              00404098 f   wsock32:WSOCK32.dll
 0001:0000309e       _WSAAsyncSelect@16         0040409e f   wsock32:WSOCK32.dll
 0001:000030a4       _bind@12                   004040a4 f   wsock32:WSOCK32.dll
 0001:000030aa       _htons@4                   004040aa f   wsock32:WSOCK32.dll
 0001:000030b0       _socket@12                 004040b0 f   wsock32:WSOCK32.dll
 0001:000030b6       _recv@16                   004040b6 f   wsock32:WSOCK32.dll
 0001:000030bc       _WSAGetLastError@0         004040bc f   wsock32:WSOCK32.dll
 0001:000030c2       _send@16                   004040c2 f   wsock32:WSOCK32.dll
 0001:000030c8       _connect@12                004040c8 f   wsock32:WSOCK32.dll
 0001:000030ce       _inet_addr@4               004040ce f   wsock32:WSOCK32.dll
 0001:000030d4       _WSACleanup@0              004040d4 f   wsock32:WSOCK32.dll
 0001:000030da       __fpclear                  004040da f   LIBCMT:fpinit.obj
 0001:000030db       __cfltcvt_init             004040db f   LIBCMT:fpinit.obj
 0001:00003113       __fpmath                   00404113 f   LIBCMT:fpinit.obj
 0001:00003134       __ftol2                    00404134 f   LIBCMT:ftol2.obj
 0001:000031a9       _sprintf                   004041a9 f   LIBCMT:sprintf.obj
 0001:00003201       __mbschr                   00404201 f   LIBCMT:mbschr.obj
 0001:0000327c       __fclose_lk                0040427c f   LIBCMT:fclose.obj
 0001:000032c8       _fclose                    004042c8 f   LIBCMT:fclose.obj
 0001:00003319       _sscanf                    00404319 f   LIBCMT:sscanf.obj
 0001:0000334d       _fgets                     0040434d f   LIBCMT:fgets.obj
 0001:000033d3       __fsopen                   004043d3 f   LIBCMT:fopen.obj
 0001:0000342f       _fopen                     0040442f f   LIBCMT:fopen.obj
 0001:00003442       __fwrite_lk                00404442 f   LIBCMT:fwrite.obj
 0001:00003549       _fwrite                    00404549 f   LIBCMT:fwrite.obj
 0001:00003595       __fread_lk                 00404595 f   LIBCMT:fread.obj
 0001:0000367e       _fread                     0040467e f   LIBCMT:fread.obj
 0001:000036ca       ??_V@YAXPAX@Z              004046ca f   LIBCMT:delete2.obj
 0001:000036cf       _vsprintf                  004046cf f   LIBCMT:vsprintf.obj
 0001:00003726       __flush                    00404726 f   LIBCMT:fflush.obj
 0001:00003783       __fflush_lk                00404783 f   LIBCMT:fflush.obj
 0001:00003886       _fflush                    00404886 f   LIBCMT:fflush.obj
 0001:000038d6       __flushall                 004048d6 f   LIBCMT:fflush.obj
 0001:000038df       _fprintf                   004048df f   LIBCMT:fprintf.obj
 0001:0000393d       _localtime                 0040493d f   LIBCMT:localtim.obj
 0001:00003abd       _time                      00404abd f   LIBCMT:time.obj
 0001:00003b00       _strncpy                   00404b00 f   LIBCMT:strncpy.obj
 0001:00003c30       _strncat                   00404c30 f   LIBCMT:strncat.obj
 0001:00003d80       _strchr                    00404d80 f   LIBCMT:strchr.obj
 0001:00003d86       ___from_strstr_to_strchr   00404d86     LIBCMT:strchr.obj
 0001:00003e40       __chkstk                   00404e40 f   LIBCMT:chkstk.obj
 0001:00003e40       __alloca_probe             00404e40     LIBCMT:chkstk.obj
 0001:00003e7d       __endthreadex              00404e7d f   LIBCMT:threadex.obj
 0001:00003f43       __beginthreadex            00404f43 f   LIBCMT:threadex.obj
 0001:00003fce       __heap_alloc               00404fce f   LIBCMT:malloc.obj
 0001:00004049       __nh_malloc                00405049 f   LIBCMT:malloc.obj
 0001:00004075       _malloc                    00405075 f   LIBCMT:malloc.obj
 0001:00004087       _fscanf                    00405087 f   LIBCMT:fscanf.obj
 0001:00004151       ___onexitinit              00405151 f   LIBCMT:onexit.obj
 0001:00004179       __onexit                   00405179 f   LIBCMT:onexit.obj
 0001:000041b1       _atexit                    004051b1 f   LIBCMT:onexit.obj
 0001:000041c3       ??_L@YGXPAXIHP6EX0@Z1@Z    004051c3 f   LIBCMT:ehvecctr.obj
 0001:00004225       ?__ArrayUnwind@@YGXPAXIHP6EX0@Z@Z 00405225 f   LIBCMT:ehvecdtr.obj
 0001:00004283       ??_M@YGXPAXIHP6EX0@Z@Z     00405283 f   LIBCMT:ehvecdtr.obj
 0001:000042e3       __amsg_exit                004052e3 f   LIBCMT:wincrt0.obj
 0001:0000432c       _WinMainCRTStartup         0040532c f   LIBCMT:wincrt0.obj
 0001:00004501       __forcdecpt                00405501 f   LIBCMT:cvt.obj
 0001:0000453d       __cropzeros                0040553d f   LIBCMT:cvt.obj
 0001:00004588       __positive                 00405588 f   LIBCMT:cvt.obj
 0001:000045a2       __fassign                  004055a2 f   LIBCMT:cvt.obj
 0001:000046ab       __cftoe                    004056ab f   LIBCMT:cvt.obj
 0001:000047b7       __cftof                    004057b7 f   LIBCMT:cvt.obj
 0001:0000481e       __cftog                    0040581e f   LIBCMT:cvt.obj
 0001:000048bd       __cfltcvt                  004058bd f   LIBCMT:cvt.obj
 0001:0000490e       __setdefaultprecision      0040590e f   LIBCMT:fp8.obj
 0001:00004920       __ms_p5_test_fdiv          00405920 f   LIBCMT:testfdiv.obj
 0001:00004960       __ms_p5_mp_test_fdiv       00405960 f   LIBCMT:testfdiv.obj
 0001:00004989       __flsbuf                   00405989 f   LIBCMT:_flsbuf.obj
 0001:00004b30       __output                   00405b30 f   LIBCMT:output.obj
 0001:000054df       ___updatetmbcinfo          004064df f   LIBCMT:mbctype.obj
 0001:000056e2       __setmbcp                  004066e2 f   LIBCMT:mbctype.obj
 0001:00005832       ___initmbctable            00406832 f   LIBCMT:mbctype.obj
 0001:00005850       ___crtTlsAlloc@4           00406850 f   LIBCMT:tidtable.obj
 0001:00005859       __mtterm                   00406859 f   LIBCMT:tidtable.obj
 0001:00005876       __initptd                  00406876 f   LIBCMT:tidtable.obj
 0001:00005889       __getptd                   00406889 f   LIBCMT:tidtable.obj
 0001:000058fa       __freefls@4                004068fa f   LIBCMT:tidtable.obj
 0001:00005a41       __freeptd                  00406a41 f   LIBCMT:tidtable.obj
 0001:00005a70       __mtinit                   00406a70 f   LIBCMT:tidtable.obj
 0001:00005b5f       _free                      00406b5f f   LIBCMT:free.obj
 0001:00005bd0       __close_lk                 00406bd0 f   LIBCMT:close.obj
 0001:00005c53       __close                    00406c53 f   LIBCMT:close.obj
 0001:00005cee       __freebuf                  00406cee f   LIBCMT:_freebuf.obj
 0001:00005d19       ___initstdio               00406d19 f   LIBCMT:_file.obj
 0001:00005dc2       ___endstdio                00406dc2 f   LIBCMT:_file.obj
 0001:00005dd6       __lock_file                00406dd6 f   LIBCMT:_file.obj
 0001:00005e05       __lock_file2               00406e05 f   LIBCMT:_file.obj
 0001:00005e28       __unlock_file              00406e28 f   LIBCMT:_file.obj
 0001:00005e57       __unlock_file2             00406e57 f   LIBCMT:_file.obj
 0001:00005e7c       __SEH_prolog               00406e7c f   LIBCMT:sehprolg.obj
 0001:00005eb7       __SEH_epilog               00406eb7 f   LIBCMT:sehprolg.obj
 0001:00005ed0       __except_handler3          00406ed0 f   LIBCMT:exsup3.obj
 0001:00005fb6       __seh_longjmp_unwind@4     00406fb6 f   LIBCMT:exsup3.obj
 0001:00005fe7       __input                    00406fe7 f   LIBCMT:input.obj
 0001:00006e20       _strlen                    00407e20 f   LIBCMT:strlen.obj
 0001:00006eab       __filbuf                   00407eab f   LIBCMT:_filbuf.obj
 0001:00006f8c       __openfile                 00407f8c f   LIBCMT:_open.obj
 0001:000070f4       __errno                    004080f4 f   LIBCMT:dosmap.obj
 0001:000070fd       ___doserrno                004080fd f   LIBCMT:dosmap.obj
 0001:00007106       __dosmaperr                00408106 f   LIBCMT:dosmap.obj
 0001:00007179       __getstream                00408179 f   LIBCMT:stream.obj
 0001:0000729b       __write_lk                 0040829b f   LIBCMT:write.obj
 0001:00007457       __write                    00408457 f   LIBCMT:write.obj
 0001:00007510       _memcpy                    00408510 f   LIBCMT:memcpy.obj
 0001:0000784d       __read_lk                  0040884d f   LIBCMT:read.obj
 0001:00007a2a       __read                     00408a2a f   LIBCMT:read.obj
 0001:00007ad5       __lseek_lk                 00408ad5 f   LIBCMT:lseek.obj
 0001:00007b49       __lseek                    00408b49 f   LIBCMT:lseek.obj
 0001:00007bf4       ??3@YAXPAX@Z               00408bf4 f   LIBCMT:delete.obj
 0001:00007bf9       __commit                   00408bf9 f   LIBCMT:commit.obj
 0001:00007cb5       __mtinitlocks              00408cb5 f   LIBCMT:mlock.obj
 0001:00007cfe       __mtdeletelocks            00408cfe f   LIBCMT:mlock.obj
 0001:00007d53       __unlock                   00408d53 f   LIBCMT:mlock.obj
 0001:00007d68       __mtinitlocknum            00408d68 f   LIBCMT:mlock.obj
 0001:00007e08       __lock                     00408e08 f   LIBCMT:mlock.obj
 0001:00007e39       __stbuf                    00408e39 f   LIBCMT:_sftbuf.obj
 0001:00007ec1       __ftbuf                    00408ec1 f   LIBCMT:_sftbuf.obj
 0001:000084d2       ___tzset                   004094d2 f   LIBCMT:tzset.obj
 0001:0000851e       __isindst                  0040951e f   LIBCMT:tzset.obj
 0001:0000855c       _gmtime                    0040955c f   LIBCMT:gmtime.obj
 0001:00008670       __aulldiv                  00409670 f   LIBCMT:ulldiv.obj
 0001:000086d8       ___crtExitProcess          004096d8 f   LIBCMT:crt0dat.obj
 0001:00008708       __lockexit                 00409708 f   LIBCMT:crt0dat.obj
 0001:00008711       __unlockexit               00409711 f   LIBCMT:crt0dat.obj
 0001:00008732       __cinit                    00409732 f   LIBCMT:crt0dat.obj
 0001:0000885f       _exit                      0040985f f   LIBCMT:crt0dat.obj
 0001:00008870       __exit                     00409870 f   LIBCMT:crt0dat.obj
 0001:00008881       __cexit                    00409881 f   LIBCMT:crt0dat.obj
 0001:00008890       __c_exit                   00409890 f   LIBCMT:crt0dat.obj
 0001:0000889f       __XcptFilter               0040989f f   LIBCMT:winxfltr.obj
 0001:00008a03       _calloc                    00409a03 f   LIBCMT:calloc.obj
 0001:00008ada       ___heap_select             00409ada f   LIBCMT:heapinit.obj
 0001:00008af4       __heap_init                00409af4 f   LIBCMT:heapinit.obj
 0001:00008b45       ___sbh_heap_init           00409b45 f   LIBCMT:sbheap.obj
 0001:00008b8d       ___sbh_find_block          00409b8d f   LIBCMT:sbheap.obj
 0001:00008bb8       ___sbh_free_block          00409bb8 f   LIBCMT:sbheap.obj
 0001:00008ed0       ___sbh_alloc_new_region    00409ed0 f   LIBCMT:sbheap.obj
 0001:00008f87       ___sbh_alloc_new_group     00409f87 f   LIBCMT:sbheap.obj
 0001:0000908d       ___sbh_resize_block        0040a08d f   LIBCMT:sbheap.obj
 0001:0000936c       ___sbh_alloc_block         0040a36c f   LIBCMT:sbheap.obj
 0001:00009668       __callnewh                 0040a668 f   LIBCMT:handler.obj
 0001:00009683       _realloc                   0040a683 f   LIBCMT:realloc.obj
 0001:00009835       __msize                    0040a835 f   LIBCMT:msize.obj
 0001:000098ab       ?terminate@@YAXXZ          0040a8ab f   LIBCMT:hooks.obj
 0001:000098e0       __NMSG_WRITE               0040a8e0 f   LIBCMT:crt0msg.obj
 0001:00009a58       __FF_MSGBANNER             0040aa58 f   LIBCMT:crt0msg.obj
 0001:00009a91       __wincmdln                 0040aa91 f   LIBCMT:wincmdln.obj
 0001:00009aee       __setenvp                  0040aaee f   LIBCMT:stdenvp.obj
 0001:00009d21       __setargv                  0040ad21 f   LIBCMT:stdargv.obj
 0001:00009dc3       ___crtGetEnvironmentStringsA 0040adc3 f   LIBCMT:a_env.obj
 0001:00009ee5       __ioinit                   0040aee5 f   LIBCMT:ioinit.obj
 0001:0000a0e3       __RTC_Initialize           0040b0e3 f   LIBCMT:initsect.obj
 0001:0000a127       __RTC_Terminate            0040b127 f   LIBCMT:initsect.obj
 0001:0000a16b       _isdigit                   0040b16b f   LIBCMT:_ctype.obj
 0001:0000a1a5       _isxdigit                  0040b1a5 f   LIBCMT:_ctype.obj
 0001:0000a1e4       _isspace                   0040b1e4 f   LIBCMT:_ctype.obj
 0001:0000a21e       ___tolower_mt              0040b21e f   LIBCMT:tolower.obj
 0001:0000a2e6       _tolower                   0040b2e6 f   LIBCMT:tolower.obj
 0001:0000a308       __ZeroTail                 0040b308 f   LIBCMT:intrncvt.obj
 0001:0000a33a       __IncMan                   0040b33a f   LIBCMT:intrncvt.obj
 0001:0000a387       __RoundMan                 0040b387 f   LIBCMT:intrncvt.obj
 0001:0000a3f9       __CopyMan                  0040b3f9 f   LIBCMT:intrncvt.obj
 0001:0000a414       __IsZeroMan                0040b414 f   LIBCMT:intrncvt.obj
 0001:0000a42d       __ShrMan                   0040b42d f   LIBCMT:intrncvt.obj
 0001:0000a4a8       __ld12cvt                  0040b4a8 f   LIBCMT:intrncvt.obj
 0001:0000a600       __ld12tod                  0040b600 f   LIBCMT:intrncvt.obj
 0001:0000a616       __ld12tof                  0040b616 f   LIBCMT:intrncvt.obj
 0001:0000a62c       __atodbl                   0040b62c f   LIBCMT:intrncvt.obj
 0001:0000a671       __atoflt                   0040b671 f   LIBCMT:intrncvt.obj
 0001:0000a6c0       _memmove                   0040b6c0 f   LIBCMT:memmove.obj
 0001:0000aa00       _strcpy                    0040ba00 f   LIBCMT:strcat.obj
 0001:0000aa10       _strcat                    0040ba10 f   LIBCMT:strcat.obj
 0001:0000aaf8       __fptostr                  0040baf8 f   LIBCMT:_fptostr.obj
 0001:0000ab6f       ___dtold                   0040bb6f f   LIBCMT:cfout.obj
 0001:0000ac29       __fltout2                  0040bc29 f   LIBCMT:cfout.obj
 0001:0000acd2       @__security_check_cookie@4 0040bcd2 f   LIBCMT:secchk.obj
 0001:0000ace0       _memset                    0040bce0 f   LIBCMT:memset.obj
 0001:0000ad40       __fptrap                   0040bd40 f   LIBCMT:crt0fp.obj
 0001:0000ae69       __control87                0040be69 f   LIBCMT:ieee87.obj
 0001:0000ae9b       __controlfp                0040be9b f   LIBCMT:ieee87.obj
 0001:0000aeb1       __getbuf                   0040beb1 f   LIBCMT:_getbuf.obj
 0001:0000aef5       __isatty                   0040bef5 f   LIBCMT:isatty.obj
 0001:0000af1f       ___wctomb_mt               0040bf1f f   LIBCMT:wctomb.obj
 0001:0000af7f       _wctomb                    0040bf7f f   LIBCMT:wctomb.obj
 0001:0000afb0       __aulldvrm                 0040bfb0 f   LIBCMT:ulldvrm.obj
 0001:0000b045       ___crtLCMapStringA         0040c045 f   LIBCMT:a_map.obj
 0001:0000b41b       ___crtGetStringTypeA       0040c41b f   LIBCMT:a_str.obj
 0001:0000b5d5       ___freetlocinfo            0040c5d5 f   LIBCMT:setlocal.obj
 0001:0000b766       ___updatetlocinfo          0040c766 f   LIBCMT:setlocal.obj
 0001:0000b7a1       __set_osfhnd               0040c7a1 f   LIBCMT:osfinfo.obj
 0001:0000b81d       __free_osfhnd              0040c81d f   LIBCMT:osfinfo.obj
 0001:0000b89c       __get_osfhandle            0040c89c f   LIBCMT:osfinfo.obj
 0001:0000b8dd       __lock_fhandle             0040c8dd f   LIBCMT:osfinfo.obj
 0001:0000b97d       __unlock_fhandle           0040c97d f   LIBCMT:osfinfo.obj
 0001:0000b99f       __alloc_osfhnd             0040c99f f   LIBCMT:osfinfo.obj
 0001:0000bb1b       __fcloseall                0040cb1b f   LIBCMT:closeall.obj
 0001:0000bbb8       __global_unwind2           0040cbb8 f   LIBCMT:exsup.obj
 0001:0000bbfa       __local_unwind2            0040cbfa f   LIBCMT:exsup.obj
 0001:0000bc52       __NLG_Return2              0040cc52     LIBCMT:exsup.obj
 0001:0000bc62       __abnormal_termination     0040cc62 f   LIBCMT:exsup.obj
 0001:0000bc85       __NLG_Notify1              0040cc85 f   LIBCMT:exsup.obj
 0001:0000bc8e       __NLG_Notify               0040cc8e f   LIBCMT:exsup.obj
 0001:0000bca1       __NLG_Dispatch             0040cca1     LIBCMT:exsup.obj
 0001:0000bca6       __ValidateEH3RN            0040cca6 f   LIBCMT:eh3valid.obj
 0001:0000becf       __ungetc_lk                0040cecf f   LIBCMT:ungetc.obj
 0001:0000bf3b       __resetstkoflw             0040cf3b f   LIBCMT:resetstk.obj
 0001:0000c01e       ___mbtowc_mt               0040d01e f   LIBCMT:mbtowc.obj
 0001:0000c0de       _mbtowc                    0040d0de f   LIBCMT:mbtowc.obj
 0001:0000c110       __allmul                   0040d110 f   LIBCMT:llmul.obj
 0001:0000c42b       __sopen                    0040d42b f   LIBCMT:open.obj
 0001:0000c490       ___crtInitCritSecAndSpinCount 0040d490 f   LIBCMT:initcrit.obj
 0001:0000c51b       __lseeki64_lk              0040d51b f   LIBCMT:lseeki64.obj
 0001:0000c59e       _atol                      0040d59e f   LIBCMT:atox.obj
 0001:0000c630       _strcmp                    0040d630 f   LIBCMT:strcmp.obj
 0001:0000c6b8       __getenv_lk                0040d6b8 f   LIBCMT:getenv.obj
 0001:0000c739       _abort                     0040d739 f   LIBCMT:abort.obj
 0001:0000c751       ___crtMessageBoxA          0040d751 f   LIBCMT:crtmbox.obj
 0001:0000c87d       __ismbblead                0040d87d f   LIBCMT:ismbbyte.obj
 0001:0000c88e       ___isctype_mt              0040d88e f   LIBCMT:isctype.obj
 0001:0000c905       ___addl                    0040d905 f   LIBCMT:mantold.obj
 0001:0000c926       ___add_12                  0040d926 f   LIBCMT:mantold.obj
 0001:0000c984       ___shl_12                  0040d984 f   LIBCMT:mantold.obj
 0001:0000c9b2       ___shr_12                  0040d9b2 f   LIBCMT:mantold.obj
 0001:0000c9df       ___mtold12                 0040d9df f   LIBCMT:mantold.obj
 0001:0000cac7       ___strgtold12              0040dac7 f   LIBCMT:strgtold.obj
 0001:0000cf07       _$I10_OUTPUT               0040df07 f   LIBCMT:x10fout.obj
 0001:0000d1a3       ___security_init_cookie    0040e1a3 f   LIBCMT:seccinit.obj
 0001:0000d209       ___security_error_handler  0040e209 f   LIBCMT:secfail.obj
 0001:0000d382       _raise                     0040e382 f   LIBCMT:winsig.obj
 0001:0000d4fb       ___ansicp                  0040e4fb f   LIBCMT:convrtcp.obj
 0001:0000d542       ___convertcp               0040e542 f   LIBCMT:convrtcp.obj
 0001:0000d71c       ___free_lc_time            0040e71c f   LIBCMT:inittime.obj
 0001:0000d8ac       ___free_lconv_num          0040e8ac f   LIBCMT:initnum.obj
 0001:0000d90b       ___free_lconv_mon          0040e90b f   LIBCMT:initmon.obj
 0001:0000d9f0       _strcspn                   0040e9f0 f   LIBCMT:strcspn.obj
 0001:0000da40       _memcmp                    0040ea40 f   LIBCMT:memcmp.obj
 0001:0000db00       _strncmp                   0040eb00 f   LIBCMT:strncmp.obj
 0001:0000db40       _strpbrk                   0040eb40 f   LIBCMT:strpbrk.obj
 0001:0000db80       __chsize_lk                0040eb80 f   LIBCMT:chsize.obj
 0001:0000dcc5       __mbsnbicoll               0040ecc5 f   LIBCMT:mbsnbico.obj
 0001:0000dd13       ___wtomb_environ           0040ed13 f   LIBCMT:wtombenv.obj
 0001:0000dda3       ___ld12mul                 0040eda3 f   LIBCMT:tenpow.obj
 0001:0000dfd9       ___multtenpow12            0040efd9 f   LIBCMT:tenpow.obj
 0001:0000e070       ___ascii_stricmp           0040f070 f   LIBCMT:_stricmp.obj
 0001:0000e0be       __setmode_lk               0040f0be f   LIBCMT:setmode.obj
 0001:0000e146       ___crtCompareStringA       0040f146 f   LIBCMT:a_cmp.obj
 0001:0000e57e       ___crtsetenv               0040f57e f   LIBCMT:setenv.obj
 0001:0000e760       ___ascii_strnicmp          0040f760 f   LIBCMT:_strnicm.obj
 0001:0000e7c1       __strdup                   0040f7c1 f   LIBCMT:strdup.obj
 0001:0000e7ec       _RtlUnwind@16              0040f7ec f   kernel32:KERNEL32.dll
 0002:00000000       __imp__SetTextColor@8      00410000     gdi32:GDI32.dll
 0002:00000004       __imp__TextOutA@20         00410004     gdi32:GDI32.dll
 0002:00000008       __imp__GetStockObject@4    00410008     gdi32:GDI32.dll
 0002:0000000c       \177GDI32_NULL_THUNK_DATA  0041000c     gdi32:GDI32.dll
 0002:00000010       __imp__Sleep@4             00410010     kernel32:KERNEL32.dll
 0002:00000014       __imp__InitializeCriticalSection@4 00410014     kernel32:KERNEL32.dll
 0002:00000018       __imp__CreateThread@24     00410018     kernel32:KERNEL32.dll
 0002:0000001c       __imp__EnterCriticalSection@4 0041001c     kernel32:KERNEL32.dll
 0002:00000020       __imp__InterlockedIncrement@4 00410020     kernel32:KERNEL32.dll
 0002:00000024       __imp__InterlockedDecrement@4 00410024     kernel32:KERNEL32.dll
 0002:00000028       __imp__CloseHandle@4       00410028     kernel32:KERNEL32.dll
 0002:0000002c       __imp__WriteFile@20        0041002c     kernel32:KERNEL32.dll
 0002:00000030       __imp__SetFilePointer@16   00410030     kernel32:KERNEL32.dll
 0002:00000034       __imp__CreateFileA@28      00410034     kernel32:KERNEL32.dll
 0002:00000038       __imp__SetEnvironmentVariableA@8 00410038     kernel32:KERNEL32.dll
 0002:0000003c       __imp__CompareStringW@24   0041003c     kernel32:KERNEL32.dll
 0002:00000040       __imp__LeaveCriticalSection@4 00410040     kernel32:KERNEL32.dll
 0002:00000044       __imp__SetEndOfFile@4      00410044     kernel32:KERNEL32.dll
 0002:00000048       __imp__GetLocaleInfoA@16   00410048     kernel32:KERNEL32.dll
 0002:0000004c       __imp__GetCurrentProcessId@0 0041004c     kernel32:KERNEL32.dll
 0002:00000050       __imp__GetTickCount@0      00410050     kernel32:KERNEL32.dll
 0002:00000054       __imp__QueryPerformanceCounter@4 00410054     kernel32:KERNEL32.dll
 0002:00000058       __imp__LoadLibraryA@4      00410058     kernel32:KERNEL32.dll
 0002:0000005c       __imp__GetSystemInfo@4     0041005c     kernel32:KERNEL32.dll
 0002:00000060       __imp__VirtualProtect@16   00410060     kernel32:KERNEL32.dll
 0002:00000064       __imp__GetModuleFileNameA@12 00410064     kernel32:KERNEL32.dll
 0002:00000068       __imp__CompareStringA@24   00410068     kernel32:KERNEL32.dll
 0002:0000006c       __imp__SetCurrentDirectoryA@4 0041006c     kernel32:KERNEL32.dll
 0002:00000070       __imp__VirtualQuery@12     00410070     kernel32:KERNEL32.dll
 0002:00000074       __imp__InterlockedExchange@8 00410074     kernel32:KERNEL32.dll
 0002:00000078       __imp__RtlUnwind@16        00410078     kernel32:KERNEL32.dll
 0002:0000007c       __imp__SetStdHandle@8      0041007c     kernel32:KERNEL32.dll
 0002:00000080       __imp__GetStringTypeW@16   00410080     kernel32:KERNEL32.dll
 0002:00000084       __imp__GetStringTypeA@20   00410084     kernel32:KERNEL32.dll
 0002:00000088       __imp__LCMapStringW@24     00410088     kernel32:KERNEL32.dll
 0002:0000008c       __imp__MultiByteToWideChar@24 0041008c     kernel32:KERNEL32.dll
 0002:00000090       __imp__LCMapStringA@24     00410090     kernel32:KERNEL32.dll
 0002:00000094       __imp__GetFileType@4       00410094     kernel32:KERNEL32.dll
 0002:00000098       __imp__SetHandleCount@4    00410098     kernel32:KERNEL32.dll
 0002:0000009c       __imp__GetEnvironmentStringsW@0 0041009c     kernel32:KERNEL32.dll
 0002:000000a0       __imp__FreeEnvironmentStringsW@4 004100a0     kernel32:KERNEL32.dll
 0002:000000a4       __imp__GetEnvironmentStrings@0 004100a4     kernel32:KERNEL32.dll
 0002:000000a8       __imp__FreeEnvironmentStringsA@4 004100a8     kernel32:KERNEL32.dll
 0002:000000ac       __imp__GetStdHandle@4      004100ac     kernel32:KERNEL32.dll
 0002:000000b0       __imp__HeapSize@12         004100b0     kernel32:KERNEL32.dll
 0002:000000b4       __imp__HeapReAlloc@16      004100b4     kernel32:KERNEL32.dll
 0002:000000b8       __imp__VirtualAlloc@16     004100b8     kernel32:KERNEL32.dll
 0002:000000bc       __imp__VirtualFree@12      004100bc     kernel32:KERNEL32.dll
 0002:000000c0       __imp__HeapCreate@12       004100c0     kernel32:KERNEL32.dll
 0002:000000c4       __imp__HeapDestroy@4       004100c4     kernel32:KERNEL32.dll
 0002:000000c8       __imp__UnhandledExceptionFilter@4 004100c8     kernel32:KERNEL32.dll
 0002:000000cc       __imp__GetCurrentProcess@0 004100cc     kernel32:KERNEL32.dll
 0002:000000d0       __imp__TerminateProcess@8  004100d0     kernel32:KERNEL32.dll
 0002:000000d4       __imp__ExitProcess@4       004100d4     kernel32:KERNEL32.dll
 0002:000000d8       __imp__GetTimeZoneInformation@4 004100d8     kernel32:KERNEL32.dll
 0002:000000dc       __imp__WideCharToMultiByte@32 004100dc     kernel32:KERNEL32.dll
 0002:000000e0       __imp__DeleteCriticalSection@4 004100e0     kernel32:KERNEL32.dll
 0002:000000e4       __imp__FlushFileBuffers@4  004100e4     kernel32:KERNEL32.dll
 0002:000000e8       __imp__ReadFile@20         004100e8     kernel32:KERNEL32.dll
 0002:000000ec       __imp__HeapFree@12         004100ec     kernel32:KERNEL32.dll
 0002:000000f0       __imp__GetSystemTimeAsFileTime@4 004100f0     kernel32:KERNEL32.dll
 0002:000000f4       __imp__ExitThread@4        004100f4     kernel32:KERNEL32.dll
 0002:000000f8       __imp__GetCurrentThreadId@0 004100f8     kernel32:KERNEL32.dll
 0002:000000fc       __imp__GetLastError@0      004100fc     kernel32:KERNEL32.dll
 0002:00000100       __imp__HeapAlloc@12        00410100     kernel32:KERNEL32.dll
 0002:00000104       __imp__GetModuleHandleA@4  00410104     kernel32:KERNEL32.dll
 0002:00000108       __imp__GetStartupInfoA@4   00410108     kernel32:KERNEL32.dll
 0002:0000010c       __imp__GetCommandLineA@0   0041010c     kernel32:KERNEL32.dll
 0002:00000110       __imp__GetVersionExA@4     00410110     kernel32:KERNEL32.dll
 0002:00000114       __imp__GetProcAddress@8    00410114     kernel32:KERNEL32.dll
 0002:00000118       __imp__GetACP@0            00410118     kernel32:KERNEL32.dll
 0002:0000011c       __imp__GetOEMCP@0          0041011c     kernel32:KERNEL32.dll
 0002:00000120       __imp__GetCPInfo@8         00410120     kernel32:KERNEL32.dll
 0002:00000124       __imp__TlsAlloc@0          00410124     kernel32:KERNEL32.dll
 0002:00000128       __imp__SetLastError@4      00410128     kernel32:KERNEL32.dll
 0002:0000012c       __imp__TlsFree@4           0041012c     kernel32:KERNEL32.dll
 0002:00000130       __imp__TlsSetValue@8       00410130     kernel32:KERNEL32.dll
 0002:00000134       __imp__TlsGetValue@4       00410134     kernel32:KERNEL32.dll
 0002:00000138       \177KERNEL32_NULL_THUNK_DATA 00410138     kernel32:KERNEL32.dll
 0002:0000013c       __imp__SQLConnect@28       0041013c     odbc32:ODBC32.dll
 0002:00000140       __imp__SQLSetConnectAttr@16 00410140     odbc32:ODBC32.dll
 0002:00000144       __imp__SQLSetEnvAttr@16    00410144     odbc32:ODBC32.dll
 0002:00000148       __imp__SQLAllocHandle@12   00410148     odbc32:ODBC32.dll
 0002:0000014c       __imp__SQLFreeHandle@8     0041014c     odbc32:ODBC32.dll
 0002:00000150       __imp__SQLDisconnect@4     00410150     odbc32:ODBC32.dll
 0002:00000154       __imp__SQLExecute@4        00410154     odbc32:ODBC32.dll
 0002:00000158       __imp__SQLPrepare@12       00410158     odbc32:ODBC32.dll
 0002:0000015c       __imp__SQLGetDiagRec@32    0041015c     odbc32:ODBC32.dll
 0002:00000160       __imp__SQLCloseCursor@4    00410160     odbc32:ODBC32.dll
 0002:00000164       __imp__SQLFetch@4          00410164     odbc32:ODBC32.dll
 0002:00000168       __imp__SQLExecDirect@12    00410168     odbc32:ODBC32.dll
 0002:0000016c       __imp__SQLPutData@12       0041016c     odbc32:ODBC32.dll
 0002:00000170       __imp__SQLParamData@8      00410170     odbc32:ODBC32.dll
 0002:00000174       __imp__SQLBindParameter@40 00410174     odbc32:ODBC32.dll
 0002:00000178       __imp__SQLBindCol@24       00410178     odbc32:ODBC32.dll
 0002:0000017c       \177ODBC32_NULL_THUNK_DATA 0041017c     odbc32:ODBC32.dll
 0002:00000180       __imp__SetTimer@16         00410180     user32:USER32.dll
 0002:00000184       __imp__MessageBoxA@16      00410184     user32:USER32.dll
 0002:00000188       __imp__UpdateWindow@4      00410188     user32:USER32.dll
 0002:0000018c       __imp__ShowWindow@8        0041018c     user32:USER32.dll
 0002:00000190       __imp__CreateWindowExA@48  00410190     user32:USER32.dll
 0002:00000194       __imp__CreateMenu@0        00410194     user32:USER32.dll
 0002:00000198       __imp__DefWindowProcA@16   00410198     user32:USER32.dll
 0002:0000019c       __imp__PostQuitMessage@4   0041019c     user32:USER32.dll
 0002:000001a0       __imp__EndPaint@8          004101a0     user32:USER32.dll
 0002:000001a4       __imp__BeginPaint@8        004101a4     user32:USER32.dll
 0002:000001a8       __imp__RegisterClassA@4    004101a8     user32:USER32.dll
 0002:000001ac       __imp__LoadCursorA@8       004101ac     user32:USER32.dll
 0002:000001b0       __imp__LoadIconA@8         004101b0     user32:USER32.dll
 0002:000001b4       __imp__DispatchMessageA@4  004101b4     user32:USER32.dll
 0002:000001b8       __imp__GetMessageA@16      004101b8     user32:USER32.dll
 0002:000001bc       __imp__TranslateMessage@4  004101bc     user32:USER32.dll
 0002:000001c0       \177USER32_NULL_THUNK_DATA 004101c0     user32:USER32.dll
 0002:000001c4       __imp__timeGetTime@0       004101c4     winmm:WINMM.dll
 0002:000001c8       \177WINMM_NULL_THUNK_DATA  004101c8     winmm:WINMM.dll
 0002:000001cc       __imp__WSACleanup@0        004101cc     wsock32:WSOCK32.dll
 0002:000001d0       __imp__inet_addr@4         004101d0     wsock32:WSOCK32.dll
 0002:000001d4       __imp__connect@12          004101d4     wsock32:WSOCK32.dll
 0002:000001d8       __imp__send@16             004101d8     wsock32:WSOCK32.dll
 0002:000001dc       __imp__WSAGetLastError@0   004101dc     wsock32:WSOCK32.dll
 0002:000001e0       __imp__recv@16             004101e0     wsock32:WSOCK32.dll
 0002:000001e4       __imp__socket@12           004101e4     wsock32:WSOCK32.dll
 0002:000001e8       __imp__htons@4             004101e8     wsock32:WSOCK32.dll
 0002:000001ec       __imp__bind@12             004101ec     wsock32:WSOCK32.dll
 0002:000001f0       __imp__WSAAsyncSelect@16   004101f0     wsock32:WSOCK32.dll
 0002:000001f4       __imp__WSAStartup@8        004101f4     wsock32:WSOCK32.dll
 0002:000001f8       __imp__closesocket@4       004101f8     wsock32:WSOCK32.dll
 0002:000001fc       \177WSOCK32_NULL_THUNK_DATA 004101fc     wsock32:WSOCK32.dll
 0002:00000200       __real@0000000000000000    00410200     Basedef.obj
 0002:00000208       ??_C@_02BMJICGCB@rt?$AA@   00410208     Basedef.obj
 0002:0000020c       ??_C@_02JDPG@rb?$AA@       0041020c     Basedef.obj
 0002:00000210       ??_C@_05MBDEGLCK@ERROR?$AA@ 00410210     Basedef.obj
 0002:00000218       ??_C@_02GMLFBBN@wb?$AA@    00410218     Basedef.obj
 0002:0000021c       ??_C@_0P@OGJLBNEC@?$CFd?4?$CFd?4?$CFd?4?$CFd?3?$CFd?$AA@ 0041021c     Basedef.obj
 0002:0000022c       ??_C@_05HKPGCKL@?$CFs?3?$CFd?$AA@ 0041022c     Basedef.obj
 0002:00000238       ??_C@_0GB@KPBDKFM@?c?$IE?$LB?c?$IE?$LE?c?$IE?$LH?c?$IE?$LJ?c?$IF?$IB?c?$IF?$IC?c?$IF?$IF?c?$IF?$IH?c?$IF?$II?c?$IF?$IK?c?$IF@ 00410238     Basedef.obj
 0002:0000029c       ??_C@_0BB@HGJLFPNG@?4?1serverlist?4bin?$AA@ 0041029c     Basedef.obj
 0002:000002b0       ??_C@_0M@PCENNPGA@?$CFd?4?$CFd?4?$CFd?4?$CFd?$AA@ 004102b0     Basedef.obj
 0002:000002bc       ??_C@_0M@IOKEKICP@?$CFd?5?$CFd?5?$CFs?5?$CFd?$AA@ 004102bc     Basedef.obj
 0002:000002c8       ??_C@_0BB@KOCAGEAJ@?4?1serverlist?4txt?$AA@ 004102c8     Basedef.obj
 0002:000002dc       ??_7CPSock@@6B@            004102dc     CPSock.obj
 0002:000002e0       ??_C@_0N@CFLFOGJE@Binding?5fail?$AA@ 004102e0     CPSock.obj
 0002:000002f0       ??_C@_0BH@EPOIDEKO@Initialize?5socket?5fail?$AA@ 004102f0     CPSock.obj
 0002:00000308       ??_C@_0BK@OGBHANJE@Charged?5Job?5Queue?5?3?5?$CFd?1?$CFd?$AA@ 00410308     DrawInfo.obj
 0002:00000324       ??_C@_0BI@NPFADFNC@Working?5Threads?5?3?5?$CFd?1?$CFd?$AA@ 00410324     DrawInfo.obj
 0002:0000033c       ??_C@_09IJIPICN@Variables?$AA@ 0041033c     DrawInfo.obj
 0002:00000348       ??_C@_0N@ILJALABK@MAX?5Jobs?3?5?$CFd?$AA@ 00410348     DrawInfo.obj
 0002:00000358       ??_C@_0BA@ELMECLIP@MAX?5Threads?3?5?$CFd?$AA@ 00410358     DrawInfo.obj
 0002:00000368       ??_C@_09EKDBGGMD@Constants?$AA@ 00410368     DrawInfo.obj
 0002:00000374       ??_C@_0L@HKDDPNAJ@SQL?5DAEMON?$AA@ 00410374     DrawInfo.obj
 0002:00000380       ??_C@_09CMDFIMIC@MainClass?$AA@ 00410380     Server.obj
 0002:0000038c       ??_C@_09FGGBEKBH@DB?5Server?$AA@ 0041038c     Server.obj
 0002:00000398       ??_C@_0M@MGACOGLC@?$CFs?5?$CFs?7?7?$CFs?5?6?$AA@ 00410398     Server.obj
 0002:000003a4       ??_C@_0CA@KDGJGPKD@?$CF2?42d?$CF2?42d?$CF2?42d?5?$CF2?42d?$CF2?42d?$CF2?42d?$AA@ 004103a4     Server.obj
 0002:000003c4       ??_C@_06LJAJKPBP@sql?5?$CFs?$AA@ 004103c4     Server.obj
 0002:000003cc       ??_C@_07MNGDHAFL@?9system?$AA@ 004103cc     Server.obj
 0002:000003d4       ??_C@_06CNEGK@qry?5?$CFs?$AA@ 004103d4     Server.obj
 0002:000003dc       ??_C@_0CC@DGOKIDDC@err?5no?5empty?5job?0?5fail?5to?5save?5?$CF@ 004103dc     Server.obj
 0002:00000400       ??_C@_0L@EFEIFOOA@Server?4cpp?$AA@ 00410400     Server.obj
 0002:0000040c       ??_C@_0CM@MJDNAON@err?5reconnect?5dbsrv?5file?5xxxxxxx@ 0041040c     Server.obj
 0002:00000438       ??_C@_0CC@BOIIBPPI@err?5no?5empty?5job?0?5fail?5to?5rankin@ 00410438     Server.obj
 0002:0000045c       ??_C@_02BKFDOEMK@wt?$AA@   0041045c     Server.obj
 0002:00000460       ??_C@_0CM@JNGDHPFI@?4?2Log?2DB?$CF4?44d_?$CF2?42d_?$CF2?42d_?$CF2?42d_@ 00410460     Server.obj
 0002:0000048c       ??_C@_0BF@CNPDNKI@Logfile?5close?5fail?$CB?$CB?$AA@ 0041048c     Server.obj
 0002:000004a4       ??_C@_0CL@KMDOPHJP@SELECT?5idx?5FROM?5?$CFs?$CF02d?5WHERE?5Use@ 004104a4     Server.obj
 0002:000004d0       ??_C@_0N@OKNHABCK@TantraBackup?$AA@ 004104d0     Server.obj
 0002:000004e0       ??_C@_02OHHJMEON@?8?8?$AA@ 004104e0     Server.obj
 0002:000004e8       ??_C@_0BBD@BLKDMMPJ@INSERT?5INTO?5?$CFs?$CF02d?5?$CIUserID?0?5Char@ 004104e8     Server.obj
 0002:00000600       ??_C@_0BBD@LKJHKBHA@UPDATE?5?$CFs?$CF02d?5SET?5UserID?$DN?8?$CFs?8?0?5C@ 00410600     Server.obj
 0002:00000714       ??_C@_0CC@LBGFBJIE@dbg?5Rank?5for?5serv?$CF02d?5is?5exporte@ 00410714     Server.obj
 0002:00000738       ??_C@_09LJGNPIBP@?$CFd?5?$CFd?5?$CFs?6?$AA@ 00410738     Server.obj
 0002:00000744       ??_C@_0BK@IBMPKMHG@err?5Rank?5file?5open?5failed?$AA@ 00410744     Server.obj
 0002:00000760       ??_C@_0BE@DLEIAPJK@?4?2Rank?2Rank?$CF02d?4txt?$AA@ 00410760     Server.obj
 0002:00000778       ??_C@_0LJ@HCFHKDJL@SELECT?5TOP?5250?5CharacterName?0Tri@ 00410778     Server.obj
 0002:00000834       ??_C@_0BF@KALMFLMB@err?5wsa_read?5?$CI?$CFd?$CJ?0?$CFd?$AA@ 00410834     Server.obj
 0002:0000084c       ??_C@_0BG@HOKHPFJB@clo?5server?5receive?5?$CFd?$AA@ 0041084c     Server.obj
 0002:00000864       ??_C@_0BB@KDAOGEFI@clo?5server?5fd?5?$CFd?$AA@ 00410864     Server.obj
 0002:00000878       ??_C@_0CB@MECIANPJ@err?5wsa_read?5unregistered?5socket@ 00410878     Server.obj
 0002:000008a0       ??_C@_0FP@DDALJPI@?l?$IE?$JM?k?$LC?$IE?k?$KF?$LM?5?l?$KC?$IF?k?$KD?$IM?m?$JF?$KJ?k?$IL?$II?k?$IL?$KE?4?5?l?$IC?$KM?l?$JK@ 004108a0     Server.obj
 0002:00000900       ??_C@_0BJ@MLDNMOBF@?j?$LC?$LN?j?$LD?$KA?$CB?$CB?5?9?5?l?$IE?$JM?k?$LC?$IE?5?l?$KC?$IF?k?$KD?$IM?$AA@ 00410900     Server.obj
 0002:0000091c       ??_C@_0BB@PLFPOHPE@Error?5importing?5?$AA@ 0041091c     Server.obj
 0002:00000930       ??_C@_0BB@LOEMABJI@Error?5selecting?5?$AA@ 00410930     Server.obj
 0002:00000944       ??_C@_05KKCIMGE@error?$AA@ 00410944     Server.obj
 0002:0000094c       ??_C@_0DI@PFIKIHNC@Thread?3?5?$CFd?5fail?5to?5connect?5sql?4?5@ 0041094c     Server.obj
 0002:00000984       ??_C@_08POKDPDFJ@MAINICON?$AA@ 00410984     Server.obj
 0002:00000990       ??_C@_0BL@HFIOCFMK@Can?8t?5connect?5to?5DB?9SERVER?$AA@ 00410990     Server.obj
 0002:000009ac       ??_C@_0CA@GLGABNGA@err?5Can?8t?5connect?5to?5DB?9Server?4?$AA@ 004109ac     Server.obj
 0002:000009cc       ??_C@_0BF@LOKDOFBB@Create?5Thread?5Failed?$AA@ 004109cc     Server.obj
 0002:000009e4       ??_C@_02DPKJAMEF@?$CFd?$AA@ 004109e4     Server.obj
 0002:000009e8       ??_C@_08EPEHIMMI@?$CFs?5?$CFs?5?$CFs?$AA@ 004109e8     Server.obj
 0002:000009f4       ??_C@_0L@HPEFAHLN@config?4txt?$AA@ 004109f4     Server.obj
 0002:00000a00       ??_C@_0CL@DACCHOOI@Can?8t?5get?5Server?5Group?5Index?5Tes@ 00410a00     Server.obj
 0002:00000a2c       ??_C@_0CG@MOOHHHPC@Can?8t?5get?5Server?5Group?5Index?5Loc@ 00410a2c     Server.obj
 0002:00000a54       ??_C@_06FHFOAHML@system?$AA@ 00410a54     Server.obj
 0002:00000a5c       ??_C@_0BM@BIKMNLBN@err?5get?5send?5buffer?5fail?5?$CFd?$AA@ 00410a5c     Server.obj
 0002:00000a78       ??_C@_0BH@BDHHCGMN@Can?8t?5find?5localip?4txt?$AA@ 00410a78     Server.obj
 0002:00000a90       ??_C@_0BA@CGIFOFP@REBOOTING?5ERROR?$AA@ 00410a90     Server.obj
 0002:00000aa0       ??_C@_05DIALNFFA@?$CFs?5?$CFd?$AA@ 00410aa0     Server.obj
 0002:00000aa8       ??_C@_0M@CMDMCME@localip?4txt?$AA@ 00410aa8     Server.obj
 0002:00000ab4       ??_C@_09ICEHADPJ@start?5log?$AA@ 00410ab4     Server.obj
 0002:00000ac0       ??_C@_01FHEEJDEE@A?$AA@    00410ac0     Server.obj
 0002:00000ac4       ??_C@_02PCIJFNDE@?$AN?6?$AA@ 00410ac4     TNInfluenceMap.obj
 0002:00000bcc       ??_C@_05KLBDPFGC@e?$CL000?$AA@ 00410bcc     LIBCMT:cvt.obj
 0002:00000bd8       __real@3ff0000000000000    00410bd8     LIBCMT:testfdiv.obj
 0002:00000be0       __real@4150017ec0000000    00410be0     LIBCMT:testfdiv.obj
 0002:00000be8       __real@4147ffff80000000    00410be8     LIBCMT:testfdiv.obj
 0002:00000bf0       ??_C@_0BK@NHEOCAHP@IsProcessorFeaturePresent?$AA@ 00410bf0     LIBCMT:testfdiv.obj
 0002:00000c0c       ??_C@_08CPNIBGIE@KERNEL32?$AA@ 00410c0c     LIBCMT:testfdiv.obj
 0002:00000c18       ___lookuptable             00410c18     LIBCMT:output.obj
 0002:00000c74       ??_C@_1O@CEDCILHN@?$AA?$CI?$AAn?$AAu?$AAl?$AAl?$AA?$CJ?$AA?$AA@ 00410c74     LIBCMT:output.obj
 0002:00000c84       ??_C@_06OJHGLDPL@?$CInull?$CJ?$AA@ 00410c84     LIBCMT:output.obj
 0002:00000cc8       ??_C@_07PEJMOBNF@FlsFree?$AA@ 00410cc8     LIBCMT:tidtable.obj
 0002:00000cd0       ??_C@_0M@JCPCPOEF@FlsSetValue?$AA@ 00410cd0     LIBCMT:tidtable.obj
 0002:00000cdc       ??_C@_0M@GDNOONDI@FlsGetValue?$AA@ 00410cdc     LIBCMT:tidtable.obj
 0002:00000ce8       ??_C@_08KNHFBNJ@FlsAlloc?$AA@ 00410ce8     LIBCMT:tidtable.obj
 0002:00000cf4       ??_C@_0N@MDJJJHMB@kernel32?4dll?$AA@ 00410cf4     LIBCMT:tidtable.obj
 0002:00000d94       ___dnames                  00410d94     LIBCMT:timeset.obj
 0002:00000dac       ___mnames                  00410dac     LIBCMT:timeset.obj
 0002:00000dd4       ??_C@_02CLFPBFFP@TZ?$AA@   00410dd4     LIBCMT:tzset.obj
 0002:00000e04       ??_C@_0P@MIGLKIOC@CorExitProcess?$AA@ 00410e04     LIBCMT:crt0dat.obj
 0002:00000e14       ??_C@_0M@MBOPBNBK@mscoree?4dll?$AA@ 00410e14     LIBCMT:crt0dat.obj
 0002:00000e6c       ??_C@_0P@GGKDKEEG@runtime?5error?5?$AA@ 00410e6c     LIBCMT:crt0msg.obj
 0002:00000e7c       ??_C@_0O@MJNIPGOH@TLOSS?5error?$AN?6?$AA@ 00410e7c     LIBCMT:crt0msg.obj
 0002:00000e8c       ??_C@_0N@BONNPDHF@SING?5error?$AN?6?$AA@ 00410e8c     LIBCMT:crt0msg.obj
 0002:00000e9c       ??_C@_0P@MBDAJNE@DOMAIN?5error?$AN?6?$AA@ 00410e9c     LIBCMT:crt0msg.obj
 0002:00000eb0       ??_C@_0KC@BDDGGBEJ@R6029?$AN?6?9?5This?5application?5cannot@ 00410eb0     LIBCMT:crt0msg.obj
 0002:00000f54       ??_C@_0CF@KJDAIALP@R6028?$AN?6?9?5unable?5to?5initialize?5he@ 00410f54     LIBCMT:crt0msg.obj
 0002:00000f7c       ??_C@_0DF@GAKBPDFP@R6027?$AN?6?9?5not?5enough?5space?5for?5lo@ 00410f7c     LIBCMT:crt0msg.obj
 0002:00000fb4       ??_C@_0DF@IBLNNAIG@R6026?$AN?6?9?5not?5enough?5space?5for?5st@ 00410fb4     LIBCMT:crt0msg.obj
 0002:00000fec       ??_C@_0CG@IOHKGFNJ@R6025?$AN?6?9?5pure?5virtual?5function?5c@ 00410fec     LIBCMT:crt0msg.obj
 0002:00001014       ??_C@_0DF@JIJJFJDC@R6024?$AN?6?9?5not?5enough?5space?5for?5_o@ 00411014     LIBCMT:crt0msg.obj
 0002:0000104c       ??_C@_0CJ@EGEJHFME@R6019?$AN?6?9?5unable?5to?5open?5console?5@ 0041104c     LIBCMT:crt0msg.obj
 0002:00001078       ??_C@_0CB@GNHNIELH@R6018?$AN?6?9?5unexpected?5heap?5error?$AN?6@ 00411078     LIBCMT:crt0msg.obj
 0002:0000109c       ??_C@_0CN@FOLDKNG@R6017?$AN?6?9?5unexpected?5multithread?5@ 0041109c     LIBCMT:crt0msg.obj
 0002:000010cc       ??_C@_0CM@FAHFJNHO@R6016?$AN?6?9?5not?5enough?5space?5for?5th@ 004110cc     LIBCMT:crt0msg.obj
 0002:000010f8       ??_C@_0JG@LBKMGKLD@?$AN?6This?5application?5has?5requested@ 004110f8     LIBCMT:crt0msg.obj
 0002:00001190       ??_C@_0CM@FLCNIPKK@R6009?$AN?6?9?5not?5enough?5space?5for?5en@ 00411190     LIBCMT:crt0msg.obj
 0002:000011bc       ??_C@_0CK@KMMJOAPP@R6008?$AN?6?9?5not?5enough?5space?5for?5ar@ 004111bc     LIBCMT:crt0msg.obj
 0002:000011e8       ??_C@_0CF@HOHMHDEK@R6002?$AN?6?9?5floating?5point?5not?5load@ 004111e8     LIBCMT:crt0msg.obj
 0002:00001210       ??_C@_0CF@GOGNBNAK@Microsoft?5Visual?5C?$CL?$CL?5Runtime?5Lib@ 00411210     LIBCMT:crt0msg.obj
 0002:00001238       ??_C@_02PHMGELLB@?6?6?$AA@ 00411238     LIBCMT:crt0msg.obj
 0002:0000123c       ??_C@_0BK@OFGJDLJJ@Runtime?5Error?$CB?6?6Program?3?5?$AA@ 0041123c     LIBCMT:crt0msg.obj
 0002:00001258       ??_C@_03KHICJKCI@?4?4?4?$AA@ 00411258     LIBCMT:crt0msg.obj
 0002:0000125c       ??_C@_0BH@DNAGHKFM@?$DMprogram?5name?5unknown?$DO?$AA@ 0041125c     LIBCMT:crt0msg.obj
 0002:00001273       ??_C@_00CNPNBAHC@?$AA@     00411273     LIBCMT:wincmdln.obj
 0002:000012a8       ___newctype                004112a8     LIBCMT:ctype.obj
 0002:000015a8       __wctype                   004115a8     LIBCMT:ctype.obj
 0002:000017ac       ??_C@_13NOLLCAOD@?$AA?$AA?$AA?$AA@ 004117ac     LIBCMT:a_map.obj
 0002:000019bc       ??_C@_0CG@PKBDLMEO@InitializeCriticalSectionAndSpin@ 004119bc     LIBCMT:initcrit.obj
 0002:000019f4       ??_C@_0BI@DFKBFLJE@GetProcessWindowStation?$AA@ 004119f4     LIBCMT:crtmbox.obj
 0002:00001a0c       ??_C@_0BK@CIDNPOGP@GetUserObjectInformationA?$AA@ 00411a0c     LIBCMT:crtmbox.obj
 0002:00001a28       ??_C@_0BD@HHGDFDBJ@GetLastActivePopup?$AA@ 00411a28     LIBCMT:crtmbox.obj
 0002:00001a3c       ??_C@_0BA@HNOPNCHB@GetActiveWindow?$AA@ 00411a3c     LIBCMT:crtmbox.obj
 0002:00001a4c       ??_C@_0M@CHKKJDAI@MessageBoxA?$AA@ 00411a4c     LIBCMT:crtmbox.obj
 0002:00001a58       ??_C@_0L@GMPLCCII@user32?4dll?$AA@ 00411a58     LIBCMT:crtmbox.obj
 0002:00001a64       ??_C@_06IMKFLFPG@1?$CDQNAN?$AA@ 00411a64     LIBCMT:x10fout.obj
 0002:00001a6c       ??_C@_05DNEBIAHO@1?$CDINF?$AA@ 00411a6c     LIBCMT:x10fout.obj
 0002:00001a74       ??_C@_05PHHOCPM@1?$CDIND?$AA@ 00411a74     LIBCMT:x10fout.obj
 0002:00001a7c       ??_C@_06PGGFOGJG@1?$CDSNAN?$AA@ 00411a7c     LIBCMT:x10fout.obj
 0002:00001a84       ??_C@_09KLGCKDOD@Program?3?5?$AA@ 00411a84     LIBCMT:secfail.obj
 0002:00001a90       ??_C@_0KA@JEHFIFGP@A?5buffer?5overrun?5has?5been?5detect@ 00411a90     LIBCMT:secfail.obj
 0002:00001b30       ??_C@_0BJ@MDEKIEOJ@Buffer?5overrun?5detected?$CB?$AA@ 00411b30     LIBCMT:secfail.obj
 0002:00001b50       ??_C@_0LB@BPLHHLFD@A?5security?5error?5of?5unknown?5caus@ 00411b50     LIBCMT:secfail.obj
 0002:00001c04       ??_C@_0CD@GMKACBEK@Unknown?5security?5failure?5detecte@ 00411c04     LIBCMT:secfail.obj
 0002:00001c54       ??_C@_08JCCMCCIL@HH?3mm?3ss?$AA@ 00411c54     LIBCMT:strftime.obj
 0002:00001c60       ??_C@_0BE@CKGJFCPC@dddd?0?5MMMM?5dd?0?5yyyy?$AA@ 00411c60     LIBCMT:strftime.obj
 0002:00001c74       ??_C@_08BPBNCDIB@MM?1dd?1yy?$AA@ 00411c74     LIBCMT:strftime.obj
 0002:00001c80       ??_C@_02CJNFDJBF@PM?$AA@   00411c80     LIBCMT:strftime.obj
 0002:00001c84       ??_C@_02DEDBPAFC@AM?$AA@   00411c84     LIBCMT:strftime.obj
 0002:00001c88       ??_C@_08EDHMEBNP@December?$AA@ 00411c88     LIBCMT:strftime.obj
 0002:00001c94       ??_C@_08HCHEGEOA@November?$AA@ 00411c94     LIBCMT:strftime.obj
 0002:00001ca0       ??_C@_07JJNFCEND@October?$AA@ 00411ca0     LIBCMT:strftime.obj
 0002:00001ca8       ??_C@_09BHHEALKD@September?$AA@ 00411ca8     LIBCMT:strftime.obj
 0002:00001cb4       ??_C@_06LBBHFDDG@August?$AA@ 00411cb4     LIBCMT:strftime.obj
 0002:00001cbc       ??_C@_04MIEPOIFP@July?$AA@ 00411cbc     LIBCMT:strftime.obj
 0002:00001cc4       ??_C@_04CNLMGBGM@June?$AA@ 00411cc4     LIBCMT:strftime.obj
 0002:00001ccc       ??_C@_05DMJDNLEJ@April?$AA@ 00411ccc     LIBCMT:strftime.obj
 0002:00001cd4       ??_C@_05HPCKOFNC@March?$AA@ 00411cd4     LIBCMT:strftime.obj
 0002:00001cdc       ??_C@_08GNJGEPFN@February?$AA@ 00411cdc     LIBCMT:strftime.obj
 0002:00001ce8       ??_C@_07CGJPFGJA@January?$AA@ 00411ce8     LIBCMT:strftime.obj
 0002:00001cf0       ??_C@_03MKABNOCG@Dec?$AA@  00411cf0     LIBCMT:strftime.obj
 0002:00001cf4       ??_C@_03JPJOFNIA@Nov?$AA@  00411cf4     LIBCMT:strftime.obj
 0002:00001cf8       ??_C@_03BMAOKBAD@Oct?$AA@  00411cf8     LIBCMT:strftime.obj
 0002:00001cfc       ??_C@_03GGCAPAJC@Sep?$AA@  00411cfc     LIBCMT:strftime.obj
 0002:00001d00       ??_C@_03IFJFEIGA@Aug?$AA@  00411d00     LIBCMT:strftime.obj
 0002:00001d04       ??_C@_03LBGABGKK@Jul?$AA@  00411d04     LIBCMT:strftime.obj
 0002:00001d08       ??_C@_03IDFGHECI@Jun?$AA@  00411d08     LIBCMT:strftime.obj
 0002:00001d0c       ??_C@_03CNMDKL@May?$AA@    00411d0c     LIBCMT:strftime.obj
 0002:00001d10       ??_C@_03LEOLGMJP@Apr?$AA@  00411d10     LIBCMT:strftime.obj
 0002:00001d14       ??_C@_03ODNJBKGA@Mar?$AA@  00411d14     LIBCMT:strftime.obj
 0002:00001d18       ??_C@_03HJBDCHOM@Feb?$AA@  00411d18     LIBCMT:strftime.obj
 0002:00001d1c       ??_C@_03JIHJHPIE@Jan?$AA@  00411d1c     LIBCMT:strftime.obj
 0002:00001d20       ??_C@_08INBOOONO@Saturday?$AA@ 00411d20     LIBCMT:strftime.obj
 0002:00001d2c       ??_C@_06JECMNKMI@Friday?$AA@ 00411d2c     LIBCMT:strftime.obj
 0002:00001d34       ??_C@_08HACCIKIA@Thursday?$AA@ 00411d34     LIBCMT:strftime.obj
 0002:00001d40       ??_C@_09DLIGFAKA@Wednesday?$AA@ 00411d40     LIBCMT:strftime.obj
 0002:00001d4c       ??_C@_07BAAGCFCM@Tuesday?$AA@ 00411d4c     LIBCMT:strftime.obj
 0002:00001d54       ??_C@_06JLEDEDGH@Monday?$AA@ 00411d54     LIBCMT:strftime.obj
 0002:00001d5c       ??_C@_06OOPIFAJ@Sunday?$AA@ 00411d5c     LIBCMT:strftime.obj
 0002:00001d64       ??_C@_03FEFJNEK@Sat?$AA@   00411d64     LIBCMT:strftime.obj
 0002:00001d68       ??_C@_03IDIOELNC@Fri?$AA@  00411d68     LIBCMT:strftime.obj
 0002:00001d6c       ??_C@_03IOFIKPDN@Thu?$AA@  00411d6c     LIBCMT:strftime.obj
 0002:00001d70       ??_C@_03MHOMLAJA@Wed?$AA@  00411d70     LIBCMT:strftime.obj
 0002:00001d74       ??_C@_03NAGEINEP@Tue?$AA@  00411d74     LIBCMT:strftime.obj
 0002:00001d78       ??_C@_03PDAGKDH@Mon?$AA@   00411d78     LIBCMT:strftime.obj
 0002:00001d7c       ??_C@_03KOEHGMDN@Sun?$AA@  00411d7c     LIBCMT:strftime.obj
 0002:00001d98       __load_config_used         00411d98     LIBCMT:loadcfg.obj
 0002:00001de0       ___safe_se_handler_table   00411de0     <linker-defined>
 0002:00001de8       ___rtc_iaa                 00411de8     LIBCMT:initsect.obj
 0002:00001dec       ___rtc_izz                 00411dec     LIBCMT:initsect.obj
 0002:00001df0       ___rtc_taa                 00411df0     LIBCMT:initsect.obj
 0002:00001df4       ___rtc_tzz                 00411df4     LIBCMT:initsect.obj
 0002:00001df8       __IMPORT_DESCRIPTOR_KERNEL32 00411df8     kernel32:KERNEL32.dll
 0002:00001e0c       __IMPORT_DESCRIPTOR_USER32 00411e0c     user32:USER32.dll
 0002:00001e20       __IMPORT_DESCRIPTOR_GDI32  00411e20     gdi32:GDI32.dll
 0002:00001e34       __IMPORT_DESCRIPTOR_ODBC32 00411e34     odbc32:ODBC32.dll
 0002:00001e48       __IMPORT_DESCRIPTOR_WSOCK32 00411e48     wsock32:WSOCK32.dll
 0002:00001e5c       __IMPORT_DESCRIPTOR_WINMM  00411e5c     winmm:WINMM.dll
 0002:00001e70       __NULL_IMPORT_DESCRIPTOR   00411e70     kernel32:KERNEL32.dll
 0003:00000000       ___xc_a                    00413000     LIBCMT:crt0init.obj
 0003:00000010       ___xc_z                    00413010     LIBCMT:crt0init.obj
 0003:00000014       ___xi_a                    00413014     LIBCMT:crt0init.obj
 0003:00000024       ___xi_z                    00413024     LIBCMT:crt0init.obj
 0003:00000028       ___xp_a                    00413028     LIBCMT:crt0init.obj
 0003:00000030       ___xp_z                    00413030     LIBCMT:crt0init.obj
 0003:00000034       ___xt_a                    00413034     LIBCMT:crt0init.obj
 0003:00000038       ___xt_z                    00413038     LIBCMT:crt0init.obj
 0003:00000040       ?g_iHostileTable@@3PAY0BK@HA 00413040     Basedef.obj
 0003:00000ad0       ?g_irgEnemyTablePKOn@@3PAY0BK@HA 00413ad0     Basedef.obj
 0003:00001560       ?g_irgEnemyTablePKOff@@3PAY0BK@HA 00414560     Basedef.obj
 0003:00001ff0       ?g_irgFriendTable@@3PAY0BK@HA 00414ff0     Basedef.obj
 0003:00002a80       ?g_irgEnemyTableRvR@@3PAY0BK@HA 00415a80     Basedef.obj
 0003:00003510       ?g_irgFriendTableRvR@@3PAY0BK@HA 00416510     Basedef.obj
 0003:00003fa0       ?g_irgEnemyTableStrH@@3PAY0BK@HA 00416fa0     Basedef.obj
 0003:00004a30       ?g_irgFriendTableStrH@@3PAY0BK@HA 00417a30     Basedef.obj
 0003:000054c0       ?g_pSkillPatternTable@@3PAY09HA 004184c0     Basedef.obj
 0003:00005c90       ?g_pAggrCorrect@@3PAY07DA  00418c90     Basedef.obj
 0003:00005cb0       ?g_pFormation@@3PAY161DA   00418cb0     Basedef.obj
 0003:00005cf8       ?g_pDistanceTable@@3PAY07HA 00418cf8     Basedef.obj
 0003:00005df8       ?g_pRefineTable@@3PAY0M@HA 00418df8     Basedef.obj
 0003:00005eb8       ?g_pDirectionalTable@@3PAY08HA 00418eb8     Basedef.obj
 0003:00006000       ?g_pKnockbackTable@@3PAY01HA 00419000     Basedef.obj
 0003:00006048       ?g_pDetectEnemyTable@@3PAY01DA 00419048     Basedef.obj
 0003:00006d6c       ?g_pDetectEnemyRadius@@3PAFA 00419d6c     Basedef.obj
 0003:00006d98       ?g_krgRoamPath@@3PAY07FA   00419d98     Basedef.obj
 0003:00006de8       ?KorFirst@@3PADA           00419de8     Basedef.obj
 0003:00006e28       ?KorIndex@@3PAHA           00419e28     Basedef.obj
 0003:00006e78       ?pKeyWord@@3PAY01EA        00419e78     CPSock.obj
 0003:00007078       ?pWhoKey@@3PAEA            0041a078     CPSock.obj
 0003:00007478       ?g_nCurrentTextY@@3HA      0041a478     DrawInfo.obj
 0003:0000747c       ?sqlDSN@@3PAEA             0041a47c     Server.obj
 0003:0000749c       ?sqlID@@3PAEA              0041a49c     Server.obj
 0003:000074bc       ?sqlPASS@@3PAEA            0041a4bc     Server.obj
 0003:000074dc       ?ServerIndex@@3HA          0041a4dc     Server.obj
 0003:000074e0       ?g_HeightWidth@@3HA        0041a4e0     Server.obj
 0003:000074e4       ?g_HeightHeight@@3HA       0041a4e4     Server.obj
 0003:000074e8       __fltused                  0041a4e8     LIBCMT:fpinit.obj
 0003:000074ec       __ldused                   0041a4ec     LIBCMT:fpinit.obj
 0003:000074f0       __FPinit                   0041a4f0     LIBCMT:fpinit.obj
 0003:000074f4       __FPmtinit                 0041a4f4     LIBCMT:fpinit.obj
 0003:000074f8       __FPmtterm                 0041a4f8     LIBCMT:fpinit.obj
 0003:00007500       __aexit_rtn                0041a500     LIBCMT:wincrt0.obj
 0003:00007504       ___app_type                0041a504     LIBCMT:wincrt0.obj
 0003:00007508       __cfltcvt_tab              0041a508     LIBCMT:cmiscdat.obj
 0003:00007520       ___nullstring              0041a520     LIBCMT:output.obj
 0003:00007524       ___wnullstring             0041a524     LIBCMT:output.obj
 0003:00007620       ___tlsindex                0041a620     LIBCMT:tidtable.obj
 0003:00007628       __iob                      0041a628     LIBCMT:_file.obj
 0003:00007b40       __timezone                 0041ab40     LIBCMT:timeset.obj
 0003:00007b44       __daylight                 0041ab44     LIBCMT:timeset.obj
 0003:00007b48       __dstbias                  0041ab48     LIBCMT:timeset.obj
 0003:00007bd0       __tzname                   0041abd0     LIBCMT:timeset.obj
 0003:00007bf0       __XcptActTab               0041abf0     LIBCMT:winxfltr.obj
 0003:00007c68       __First_FPE_Indx           0041ac68     LIBCMT:winxfltr.obj
 0003:00007c6c       __Num_FPE                  0041ac6c     LIBCMT:winxfltr.obj
 0003:00007c70       __XcptActTabSize           0041ac70     LIBCMT:winxfltr.obj
 0003:00007c74       __XcptActTabCount          0041ac74     LIBCMT:winxfltr.obj
 0003:00007c78       __amblksiz                 0041ac78     LIBCMT:heapinit.obj
 0003:00007c7c       ?__pInconsistency@@3P6AXXZA 0041ac7c     LIBCMT:hooks.obj
 0003:00007d18       ___badioinfo               0041ad18     LIBCMT:ioinit.obj
 0003:00007d3c       ___mb_cur_max              0041ad3c     LIBCMT:nlsdata1.obj
 0003:00007d40       ___decimal_point           0041ad40     LIBCMT:nlsdata1.obj
 0003:00007d44       ___decimal_point_length    0041ad44     LIBCMT:nlsdata1.obj
 0003:00007d80       ___security_cookie         0041ad80     LIBCMT:seccook.obj
 0003:00007d90       __pctype                   0041ad90     LIBCMT:ctype.obj
 0003:00007d94       __pwctype                  0041ad94     LIBCMT:ctype.obj
 0003:00007da0       ___lc_clike                0041ada0     LIBCMT:nlsdata2.obj
 0003:00007db0       ___initiallocinfo          0041adb0     LIBCMT:setlocal.obj
 0003:00007e04       ___ptlocinfo               0041ae04     LIBCMT:setlocal.obj
 0003:00007f3c       __NLG_Destination          0041af3c     LIBCMT:exsup.obj
 0003:00007f50       __lpdays                   0041af50     LIBCMT:days.obj
 0003:00007f84       __days                     0041af84     LIBCMT:days.obj
 0003:00007fb8       ___lc_time_curr            0041afb8     LIBCMT:strftime.obj
 0003:00007fc0       ___lc_time_c               0041afc0     LIBCMT:strftime.obj
 0003:00008078       ___lconv_static_decimal    0041b078     LIBCMT:lconv.obj
 0003:0000807c       ___lconv_c                 0041b07c     LIBCMT:lconv.obj
 0003:000080ac       ___lconv                   0041b0ac     LIBCMT:lconv.obj
 0003:000080b0       __pow10pos                 0041b0b0     LIBCMT:constpow.obj
 0003:00008210       __pow10neg                 0041b210     LIBCMT:constpow.obj
 0003:00008380       ?g_pInitItem@@3PAUSTRUCT_INITITEM@@A 0041b380     Basedef.obj
 0003:00008580       ?g_pSpell@@3PAUSTRUCT_SPELL@@A 0041b580     Basedef.obj
 0003:0000a6a8       ?g_pServerListPort@@3PAY0DF@GA 0041d6a8     Basedef.obj
 0003:0000aad0       ?g_krgCell@@3PAY0EAA@UTNCELL@@A 0041dad0     Basedef.obj
 0003:0080aad0       ?g_pMessageStringTable@@3PAY0IA@DA 00c1dad0     Basedef.obj
 0003:008172d0       ?g_pEnglish@@3PAY12BE@DA   00c2a2d0     Basedef.obj
 0003:0081d090       ?g_pServerListBin@@3PAY0DF@IA 00c30090     Basedef.obj
 0003:0081d8d8       ?g_pItemList@@3PAUSTRUCT_ITEMLIST@@A 00c308d8     Basedef.obj
 0003:00846918       ?g_pServerList@@3PAY1DF@EA@DA 00c59918     Basedef.obj
 0003:0084ed98       ?g_dwInitItem@@3HA         00c61d98     Basedef.obj
 0003:0084ed9c       ?csConnecter@@3U_RTL_CRITICAL_SECTION@@A 00c61d9c     CPSock.obj
 0003:0084edb4       ?ConnectPort@@3HA          00c61db4     CPSock.obj
 0003:0084edb8       ?SocketInitialized@@3HA    00c61db8     CPSock.obj
 0003:0084edbc       ?ShutDown@@3HA             00c61dbc     CPSock.obj
 0003:0084efc8       ?ThreadIDTable@@3PAHA      00c61fc8     Server.obj
 0003:0084f040       ?pJob@@3PAUSTRUCT_JOB@@A   00c62040     Server.obj
 0003:00a5b6e0       ?LastSendTime@@3IA         00e6e6e0     Server.obj
 0003:00a5b6e8       ?ThreadHandle@@3PAIA       00e6e6e8     Server.obj
 0003:00a5b760       ?hInst@@3PAUHINSTANCE__@@A 00e6e760     Server.obj
 0003:00a5b764       ?CurrentTime@@3IA          00e6e764     Server.obj
 0003:00a5b768       ?LocalPort@@3HA            00e6e768     Server.obj
 0003:00a5b76c       ?hWndMain@@3PAUHWND__@@A   00e6e76c     Server.obj
 0003:00a5b770       ?hMainMenu@@3PAUHMENU__@@A 00e6e770     Server.obj
 0003:00a5b774       ?cspJob@@3U_RTL_CRITICAL_SECTION@@A 00e6e774     Server.obj
 0003:00a5b78c       ?g_nWorkingThreades@@3JA   00e6e78c     Server.obj
 0003:00a5b790       ?temp@@3PADA               00e6e790     Server.obj
 0003:00a5bb90       ?g_nChargedJob@@3JA        00e6eb90     Server.obj
 0003:00a5bb94       ?LastRankDay@@3HA          00e6eb94     Server.obj
 0003:00a5bb98       ?LocalIP@@3PAEA            00e6eb98     Server.obj
 0003:00a5bb9c       ?LocalIPBin@@3IA           00e6eb9c     Server.obj
 0003:00a5bba0       ?SecCounter@@3HA           00e6eba0     Server.obj
 0003:00a5bba4       ?MinCounter@@3HA           00e6eba4     Server.obj
 0003:00a5bba8       ?HourCounter@@3HA          00e6eba8     Server.obj
 0003:00a5bbac       ?TransperCharacter@@3HA    00e6ebac     Server.obj
 0003:00a5bbb0       ?GuildID@@3HA              00e6ebb0     Server.obj
 0003:00a5bbb4       ?fLogFile@@3PAU_iobuf@@A   00e6ebb4     Server.obj
 0003:00a5bbb8       ?g_HeightPosX@@3HA         00e6ebb8     Server.obj
 0003:00a5bbbc       ?g_HeightPosY@@3HA         00e6ebbc     Server.obj
 0003:00a5bbc0       ?mSql@@3PAVCSQL@@A         00e6ebc0     Server.obj
 0003:00a5bd28       ?DBServerSocket@@3PAVCPSock@@A 00e6ed28     Server.obj
 0003:00a5cf98       ___fastflag                00e6ff98     LIBCMT:fpinit.obj
 0003:00a5cf9c       __adjust_fdiv              00e6ff9c     LIBCMT:fpinit.obj
 0003:00a5cfa0       __aenvptr                  00e6ffa0     LIBCMT:wincrt0.obj
 0003:00a5cfa4       __wenvptr                  00e6ffa4     LIBCMT:wincrt0.obj
 0003:00a5cfa8       ___error_mode              00e6ffa8     LIBCMT:wincrt0.obj
 0003:00a5cfb0       _gpFlsAlloc                00e6ffb0     LIBCMT:tidtable.obj
 0003:00a5cfb4       _gpFlsGetValue             00e6ffb4     LIBCMT:tidtable.obj
 0003:00a5cfb8       _gpFlsSetValue             00e6ffb8     LIBCMT:tidtable.obj
 0003:00a5cfbc       _gpFlsFree                 00e6ffbc     LIBCMT:tidtable.obj
 0003:00a5cfc0       __cflush                   00e6ffc0     LIBCMT:_file.obj
 0003:00a5d118       __stdbuf                   00e70118     LIBCMT:_sftbuf.obj
 0003:00a5d1fc       __umaskval                 00e701fc     LIBCMT:crt0dat.obj
 0003:00a5d200       __osplatform               00e70200     LIBCMT:crt0dat.obj
 0003:00a5d204       __osver                    00e70204     LIBCMT:crt0dat.obj
 0003:00a5d208       __winver                   00e70208     LIBCMT:crt0dat.obj
 0003:00a5d20c       __winmajor                 00e7020c     LIBCMT:crt0dat.obj
 0003:00a5d210       __winminor                 00e70210     LIBCMT:crt0dat.obj
 0003:00a5d214       ___argc                    00e70214     LIBCMT:crt0dat.obj
 0003:00a5d218       ___argv                    00e70218     LIBCMT:crt0dat.obj
 0003:00a5d21c       ___wargv                   00e7021c     LIBCMT:crt0dat.obj
 0003:00a5d220       __environ                  00e70220     LIBCMT:crt0dat.obj
 0003:00a5d224       ___initenv                 00e70224     LIBCMT:crt0dat.obj
 0003:00a5d228       __wenviron                 00e70228     LIBCMT:crt0dat.obj
 0003:00a5d22c       ___winitenv                00e7022c     LIBCMT:crt0dat.obj
 0003:00a5d230       __pgmptr                   00e70230     LIBCMT:crt0dat.obj
 0003:00a5d234       __wpgmptr                  00e70234     LIBCMT:crt0dat.obj
 0003:00a5d238       __exitflag                 00e70238     LIBCMT:crt0dat.obj
 0003:00a5d23c       __C_Termination_Done       00e7023c     LIBCMT:crt0dat.obj
 0003:00a5d240       __C_Exit_Done              00e70240     LIBCMT:crt0dat.obj
 0003:00a5d244       ?_pnhHeap@@3P6AHI@ZA       00e70244     LIBCMT:handler.obj
 0003:00a5d248       __newmode                  00e70248     LIBCMT:_newmode.obj
 0003:00a5d24c       __adbgmsg                  00e7024c     LIBCMT:crt0msg.obj
 0003:00a5d35c       ___lc_handle               00e7035c     LIBCMT:nlsdata2.obj
 0003:00a5d374       ___lc_codepage             00e70374     LIBCMT:nlsdata2.obj
 0003:00a5d378       ___lc_collate_cp           00e70378     LIBCMT:nlsdata2.obj
 0003:00a5d3dc       __commode                  00e703dc     LIBCMT:ncommode.obj
 0003:00a5d410       ___lconv_static_null       00e70410     LIBCMT:lconv.obj
 0003:00a5d414       ___lc_time_intl            00e70414     LIBCMT:inittime.obj
 0003:00a5d418       ___lconv_intl              00e70418     LIBCMT:initmon.obj
 0003:00a5d440       ___lc_id                   00e70440     LIBCMT:nlsdata3.obj
 0003:00a5d464       __fmode                    00e70464     LIBCMT:txtmode.obj
 0003:00a5d47c       ___ctype1_refcount         00e7047c     <common>
 0003:00a5d480       ___lconv_mon_refcount      00e70480     <common>
 0003:00a5d484       ___lconv_num_refcount      00e70484     <common>
 0003:00a5d488       __nhandle                  00e70488     <common>
 0003:00a5d4a0       ___pioinfo                 00e704a0     <common>
 0003:00a5d5a0       ___sbh_pHeaderDefer        00e705a0     <common>
 0003:00a5d5a4       ___sbh_cntHeaderList       00e705a4     <common>
 0003:00a5d5a8       ___sbh_pHeaderList         00e705a8     <common>
 0003:00a5d5ac       ___sbh_threshold           00e705ac     <common>
 0003:00a5d5b0       ___sbh_pHeaderScan         00e705b0     <common>
 0003:00a5d5b4       ___sbh_sizeHeaderList      00e705b4     <common>
 0003:00a5d5b8       ___sbh_indGroupDefer       00e705b8     <common>
 0003:00a5d5bc       __crtheap                  00e705bc     <common>
 0003:00a5d5c0       ___active_heap             00e705c0     <common>
 0003:00a5d5c4       ___env_initialized         00e705c4     <common>
 0003:00a5d5c8       ___onexitend               00e705c8     <common>
 0003:00a5d5cc       ___onexitbegin             00e705cc     <common>
 0003:00a5d5d0       ___mbctype_initialized     00e705d0     <common>
 0003:00a5d5d4       ___piob                    00e705d4     <common>
 0003:00a5d5e0       __bufin                    00e705e0     <common>
 0003:00a5e5e0       __nstream                  00e715e0     <common>
 0003:00a5e5e4       ___mblcid                  00e715e4     <common>
 0003:00a5e5e8       ___ptmbcinfo               00e715e8     <common>
 0003:00a5e5ec       ___ismbcodepage            00e715ec     <common>
 0003:00a5e600       __mbctype                  00e71600     <common>
 0003:00a5e704       ___mbcodepage              00e71704     <common>
 0003:00a5e710       ___mbulinfo                00e71710     <common>
 0003:00a5e720       __mbcasemap                00e71720     <common>
 0003:00a5e820       __acmdln                   00e71820     <common>

 entry point at        0001:0000432c

 Static symbols

 0001:000037b1       _flsall                    004047b1 f   LIBCMT:fflush.obj
 0001:00003d70       _$$$00001                  00404d70 f   LIBCMT:strchr.obj
 0001:00003eae       __threadstartex@4          00404eae f   LIBCMT:threadex.obj
 0001:000040d1       __onexit_lk                004050d1 f   LIBCMT:onexit.obj
 0001:00004308       _fast_error_exit           00405308 f   LIBCMT:wincrt0.obj
 0001:000045e0       __shift                    004055e0 f   LIBCMT:cvt.obj
 0001:000045fd       __cftoe2                   004055fd f   LIBCMT:cvt.obj
 0001:0000471b       __cftof2                   0040571b f   LIBCMT:cvt.obj
 0001:00004aa2       _write_char                00405aa2 f   LIBCMT:output.obj
 0001:00004ad5       _write_multi_char          00405ad5 f   LIBCMT:output.obj
 0001:00004af9       _write_string              00405af9 f   LIBCMT:output.obj
 0001:000052ec       _CPtoLCID                  004062ec f   LIBCMT:mbctype.obj
 0001:0000531b       _setSBCS                   0040631b f   LIBCMT:mbctype.obj
 0001:00005344       _setSBUpLow                00406344 f   LIBCMT:mbctype.obj
 0001:0000554e       __setmbcp_lk               0040654e f   LIBCMT:mbctype.obj
 0001:00005fd1       __inc                      00406fd1 f   LIBCMT:input.obj
 0001:00005fd1       $$$00003                   00406fd1 f   LIBCMT:exsup3.obj
 0001:00007eeb       __tzset_lk                 00408eeb f   LIBCMT:tzset.obj
 0001:00008193       _cvtdate                   00409193 f   LIBCMT:tzset.obj
 0001:0000834b       __isindst_lk               0040934b f   LIBCMT:tzset.obj
 0001:0000871a       __initterm                 0040971a f   LIBCMT:crt0dat.obj
 0001:0000879c       _doexit                    0040979c f   LIBCMT:crt0dat.obj
 0001:00009bb5       _parse_cmdline             0040abb5 f   LIBCMT:stdargv.obj
 0001:0000aca1       _report_failure            0040bca1 f   LIBCMT:secchk.obj
 0001:0000ad49       __abstract_cw              0040bd49 f   LIBCMT:ieee87.obj
 0001:0000addb       __hw_cw                    0040bddb f   LIBCMT:ieee87.obj
 0001:0000b6a5       ___updatetlocinfo_lk       0040c6a5 f   LIBCMT:setlocal.obj
 0001:0000bbb8       $$$00001                   0040cbb8 f   LIBCMT:exsup.obj
 0001:0000bbd8       __unwind_handler           0040cbd8 f   LIBCMT:exsup.obj
 0001:0000bbd8       $$$00003                   0040cbd8 f   LIBCMT:exsup.obj
 0001:0000bbfa       $$$00005                   0040cbfa f   LIBCMT:exsup.obj
 0001:0000bc62       $$$00007                   0040cc62 f   LIBCMT:exsup.obj
 0001:0000bca6       $$$00011                   0040cca6 f   LIBCMT:exsup.obj
 0001:0000c144       __tsopen_lk                0040d144 f   LIBCMT:open.obj
 0001:0000c480       ___crtInitCritSecNoSpinCount@8 0040d480 f   LIBCMT:initcrit.obj
 0001:0000c84a       _x_ismbbtype               0040d84a f   LIBCMT:ismbbyte.obj
 0001:0000d354       _siglookup                 0040e354 f   LIBCMT:winsig.obj
 0001:0000e12a       _strncnt                   0040f12a f   LIBCMT:a_cmp.obj
 0001:0000e4d0       _findenv                   0040f4d0 f   LIBCMT:setenv.obj
 0001:0000e51d       _copy_environ              0040f51d f   LIBCMT:setenv.obj
 0001:0000e800       _$E1                       0040f800 f   Server.obj
 0001:0000e830       _$E4                       0040f830 f   Server.obj
 0001:0000e860       _$E2                       0040f860 f   Server.obj
 0001:0000e880       _$E5                       0040f880 f   Server.obj
